
============================================================
  PAPER TRADE — CLOSING LINES — 2026-03-31
============================================================

  Odds fetched. API requests remaining: 452
  Colorado Rockies: closing line +229 (BetOnline.ag)
  Washington Nationals: closing line +158 (FanDuel)
  Cleveland Guardians: closing line +215 (FanDuel)
  St. Louis Cardinals: closing line +128 (FanDuel)
  Boston Red Sox: closing line +130 (FanDuel)
  Baltimore Orioles: closing line +110 (FanDuel)
  Chicago White Sox: closing line +128 (FanDuel)
  San Diego Padres: closing line +118 (FanDuel)
  Los Angeles Angels: closing line +120 (FanDuel)
  Athletics: closing line +130 (FanDuel)

  Recorded 10/10 closing lines

  Closing line capture complete.
{
  "local_time": "2026-03-31T18:00:01.631746-04:00",
  "tz": "America/New_York",
  "action_taken": "close",
  "skipped": null,
  "error": null,
  "pick_date": "2026-03-31"
}

============================================================
  PAPER TRADE — CLOSING LINES — 2026-03-31
============================================================

  Odds fetched. API requests remaining: 497

============================================================
  PAPER TRADE — CLOSING LINES — 2026-04-01
============================================================

  No picks for 2026-04-01

  No closing lines captured. Games may not have odds yet.
{
  "local_time": "2026-04-01T18:00:02.164252-04:00",
  "tz": "America/New_York",
  "action_taken": "close",
  "skipped": null,
  "error": null,
  "pick_date": "2026-04-01"
}

============================================================
  PAPER TRADE — CLOSING LINES — 2026-04-02
============================================================

  Odds fetched. API requests remaining: 488
  Minnesota Twins: closing line -118 (FanDuel)

  Recorded 1/1 closing lines

  Closing line capture complete.
{
  "local_time": "2026-04-02T18:00:01.964851-04:00",
  "tz": "America/New_York",
  "action_taken": "close",
  "skipped": null,
  "error": null,
  "pick_date": "2026-04-02"
}

============================================================
  PAPER TRADE — CLOSING LINES — 2026-04-02
============================================================

  Odds fetched. API requests remaining: 485
  Minnesota Twins: closing line -118 (FanDuel)

  Recorded 1/1 closing lines

  Closing line capture complete.
{
  "local_time": "2026-04-02T22:02:03.697389-04:00",
  "tz": "America/New_York",
  "action_taken": "close",
  "skipped": null,
  "error": null,
  "pick_date": "2026-04-02"
}

============================================================
  PAPER TRADE — CLOSING LINES — 2026-04-03
============================================================

Warning: Odds API unreachable (HTTPSConnectionPool(host='api.the-odds-api.com', port=443): Max retries exceeded with url: /v4/sports/baseball_mlb/odds?apiKey=dec2a2126df47d603ca05fa8ba33d5f1&regions=us&markets=h2h%2Cspreads%2Ctotals&oddsFormat=american (Caused by NewConnectionError('<urllib3.connection.HTTPSConnection object at 0x13b006390>: Failed to establish a new connection: [Errno 8] nodename nor servname provided, or not known'))). Using cached odds.
  Washington Nationals: closing line +440 (FanDuel)
  Colorado Rockies: closing line +168 (FanDuel)
  Colorado Rockies: closing line +168 (FanDuel)
  Washington Nationals: closing line +440 (FanDuel)
  St. Louis Cardinals: closing line +172 (FanDuel)
  San Diego Padres: closing line +106 (FanDuel)
  Cincinnati Reds: closing line +148 (BetOnline.ag)
  Los Angeles Angels: closing line +136 (FanDuel)
  Los Angeles Angels: closing line +136 (FanDuel)
  St. Louis Cardinals: closing line +172 (FanDuel)
  San Diego Padres: closing line +106 (FanDuel)
  Chicago White Sox: closing line +168 (FanDuel)
  Atlanta Braves: closing line -116 (FanDuel)
  Pittsburgh Pirates: closing line +102 (FanDuel)
  Miami Marlins: closing line +108 (FanDuel)
  Milwaukee Brewers: closing line -110 (FanDuel)
  Atlanta Braves: closing line -116 (FanDuel)
  Athletics: closing line -108 (FanDuel)
  San Francisco Giants: closing line +110 (FanDuel)
  Chicago White Sox: closing line +168 (FanDuel)

  Recorded 20/20 closing lines

  Closing line capture complete.
{
  "local_time": "2026-04-03T23:00:01.398928-04:00",
  "tz": "America/New_York",
  "action_taken": "close",
  "skipped": null,
  "error": null,
  "pick_date": "2026-04-03"
}

============================================================
  PAPER TRADE — CLOSING LINES — 2026-04-05
============================================================

  No picks for 2026-04-05

  No closing lines captured. Games may not have odds yet.
{
  "local_time": "2026-04-05T22:00:02.076138-04:00",
  "tz": "America/New_York",
  "action_taken": "close",
  "skipped": null,
  "error": null,
  "pick_date": "2026-04-05"
}

============================================================
  PAPER TRADE — CLOSING LINES — 2026-04-06
============================================================

  Odds fetched. API requests remaining: 428

============================================================
  PAPER TRADE — CLOSING LINES — 2026-04-07
============================================================

  Odds fetched. API requests remaining: 415

============================================================
  PAPER TRADE — CLOSING LINES — 2026-04-08
============================================================

  Odds fetched. API requests remaining: 409

============================================================
  PAPER TRADE — CLOSING LINES — 2026-04-09
============================================================

  ✓  Live odds fetched at 18:00:08. API requests remaining: 387
  No closing odds for OVER 8.0
  No closing odds for UNDER 9.0

  Recorded 0/6 closing lines

  No closing lines captured. Games may not have odds yet.
{
  "local_time": "2026-04-09T18:00:01.763557-04:00",
  "tz": "America/New_York",
  "action_taken": "close",
  "skipped": null,
  "error": null,
  "pick_date": "2026-04-09"
}

============================================================
  PAPER TRADE — CLOSING LINES — 2026-04-10
============================================================

  ✓  Live odds fetched at 22:02:42. API requests remaining: 357

============================================================
  PAPER TRADE — CLOSING LINES — 2026-04-12
============================================================

  No picks for 2026-04-12

  No closing lines captured. Games may not have odds yet.
{
  "local_time": "2026-04-12T18:00:01.179292-04:00",
  "tz": "America/New_York",
  "action_taken": "close",
  "skipped": null,
  "error": null,
  "pick_date": "2026-04-12"
}

============================================================
  PAPER TRADE — CLOSING LINES — 2026-04-12
============================================================

  No picks for 2026-04-12

  No closing lines captured. Games may not have odds yet.
{
  "local_time": "2026-04-12T22:00:01.432650-04:00",
  "tz": "America/New_York",
  "action_taken": "close",
  "skipped": null,
  "error": null,
  "pick_date": "2026-04-12"
}
