[backup] 1936 picks → picks_20260520_1100.json
[backup] keeping 2 snapshots
[backup] 1937 picks → picks_20260520_1200.json
[backup] keeping 3 snapshots
[backup] 1937 picks → picks_20260520_1300.json
[backup] keeping 4 snapshots
[backup] 1937 picks → picks_20260520_1400.json
[backup] keeping 5 snapshots
[backup] 1937 picks → picks_20260520_1500.json
[backup] keeping 6 snapshots
[backup] 1937 picks → picks_20260520_1600.json
[backup] keeping 7 snapshots
[backup] 1937 picks → picks_20260520_1700.json
[backup] keeping 8 snapshots
[backup] 1937 picks → picks_20260520_1800.json
[backup] keeping 9 snapshots
[backup] 1937 picks → picks_20260520_1900.json
[backup] keeping 10 snapshots
[backup] 1937 picks → picks_20260520_2000.json
[backup] keeping 11 snapshots
[backup] source is unreadable JSON — NOT backing up
[backup] REFUSING: source has 21 picks, last backup had 1937 (1%). Probable accidental overwrite. Keep good backup intact.
[backup] REFUSING: source has 21 picks, last backup had 1937 (1%). Probable accidental overwrite. Keep good backup intact.
[backup] 1937 picks → picks_20260521_1000.json
[backup] keeping 12 snapshots
[backup] 2006 picks → picks_20260521_1100.json
[backup] keeping 13 snapshots
[backup] 2007 picks → picks_20260521_1200.json
[backup] keeping 14 snapshots
[backup] 2007 picks → picks_20260521_1300.json
[backup] keeping 15 snapshots
[backup] 2007 picks → picks_20260521_1400.json
[backup] keeping 16 snapshots
[backup] source is unreadable JSON — NOT backing up
[backup] source is unreadable JSON — NOT backing up
[backup] source is unreadable JSON — NOT backing up
[backup] source is unreadable JSON — NOT backing up
[backup] 2053 picks → picks_20260522_1100.json
[backup] keeping 17 snapshots
[backup] 2060 picks → picks_20260522_1200.json
[backup] keeping 18 snapshots
[backup] 2069 picks → picks_20260522_1300.json
[backup] keeping 19 snapshots
[backup] 2069 picks → picks_20260522_1600.json
[backup] keeping 20 snapshots
[backup] 2069 picks → picks_20260522_1700.json
[backup] keeping 21 snapshots
[backup] 2069 picks → picks_20260522_1800.json
[backup] keeping 22 snapshots
[backup] source is unreadable JSON — NOT backing up
[backup] source is unreadable JSON — NOT backing up
[backup] source is unreadable JSON — NOT backing up
[backup] source is unreadable JSON — NOT backing up
[backup] 2192 picks → picks_20260525_0800.json
[backup] keeping 23 snapshots
[backup] source is unreadable JSON — NOT backing up
[backup] source is unreadable JSON — NOT backing up
[backup] source is unreadable JSON — NOT backing up
[backup] 2306 picks → picks_20260525_1200.json
[backup] keeping 24 snapshots
[backup] 2306 picks → picks_20260525_1306.json
[backup] keeping 25 snapshots
[backup] 2306 picks → picks_20260525_1700.json
[backup] keeping 26 snapshots
[backup] source is unreadable JSON — NOT backing up
[backup] source is unreadable JSON — NOT backing up
[backup] source is unreadable JSON — NOT backing up
[backup] source is unreadable JSON — NOT backing up
[backup] source is unreadable JSON — NOT backing up
[backup] source is unreadable JSON — NOT backing up
[backup] source is unreadable JSON — NOT backing up
[backup] source is unreadable JSON — NOT backing up
[backup] source is unreadable JSON — NOT backing up
[backup] source is unreadable JSON — NOT backing up
[backup] source is unreadable JSON — NOT backing up
[backup] source is unreadable JSON — NOT backing up
[backup] source is unreadable JSON — NOT backing up
[backup] source is unreadable JSON — NOT backing up
[backup] source is unreadable JSON — NOT backing up
/Library/Frameworks/Python.framework/Versions/3.11/Resources/Python.app/Contents/MacOS/Python: can't open file '/Users/anthonymccrovitz/scripts/backup_picks.py': [Errno 2] No such file or directory
/Library/Frameworks/Python.framework/Versions/3.11/Resources/Python.app/Contents/MacOS/Python: can't open file '/Users/anthonymccrovitz/scripts/backup_picks.py': [Errno 2] No such file or directory
/Library/Frameworks/Python.framework/Versions/3.11/Resources/Python.app/Contents/MacOS/Python: can't open file '/Users/anthonymccrovitz/scripts/backup_picks.py': [Errno 2] No such file or directory
/Library/Frameworks/Python.framework/Versions/3.11/Resources/Python.app/Contents/MacOS/Python: can't open file '/Users/anthonymccrovitz/scripts/backup_picks.py': [Errno 2] No such file or directory
/Library/Frameworks/Python.framework/Versions/3.11/Resources/Python.app/Contents/MacOS/Python: can't open file '/Users/anthonymccrovitz/scripts/backup_picks.py': [Errno 2] No such file or directory
/Library/Frameworks/Python.framework/Versions/3.11/Resources/Python.app/Contents/MacOS/Python: can't open file '/Users/anthonymccrovitz/scripts/backup_picks.py': [Errno 2] No such file or directory
/Library/Frameworks/Python.framework/Versions/3.11/Resources/Python.app/Contents/MacOS/Python: can't open file '/Users/anthonymccrovitz/scripts/backup_picks.py': [Errno 2] No such file or directory
/Library/Frameworks/Python.framework/Versions/3.11/Resources/Python.app/Contents/MacOS/Python: can't open file '/Users/anthonymccrovitz/scripts/backup_picks.py': [Errno 2] No such file or directory
/Library/Frameworks/Python.framework/Versions/3.11/Resources/Python.app/Contents/MacOS/Python: can't open file '/Users/anthonymccrovitz/scripts/backup_picks.py': [Errno 2] No such file or directory
/Library/Frameworks/Python.framework/Versions/3.11/Resources/Python.app/Contents/MacOS/Python: can't open file '/Users/anthonymccrovitz/scripts/backup_picks.py': [Errno 2] No such file or directory
/Library/Frameworks/Python.framework/Versions/3.11/Resources/Python.app/Contents/MacOS/Python: can't open file '/Users/anthonymccrovitz/scripts/backup_picks.py': [Errno 2] No such file or directory
/Library/Frameworks/Python.framework/Versions/3.11/Resources/Python.app/Contents/MacOS/Python: can't open file '/Users/anthonymccrovitz/scripts/backup_picks.py': [Errno 2] No such file or directory
/Library/Frameworks/Python.framework/Versions/3.11/Resources/Python.app/Contents/MacOS/Python: can't open file '/Users/anthonymccrovitz/scripts/backup_picks.py': [Errno 2] No such file or directory
/Library/Frameworks/Python.framework/Versions/3.11/Resources/Python.app/Contents/MacOS/Python: can't open file '/Users/anthonymccrovitz/scripts/backup_picks.py': [Errno 2] No such file or directory
/Library/Frameworks/Python.framework/Versions/3.11/Resources/Python.app/Contents/MacOS/Python: can't open file '/Users/anthonymccrovitz/scripts/backup_picks.py': [Errno 2] No such file or directory
/Library/Frameworks/Python.framework/Versions/3.11/Resources/Python.app/Contents/MacOS/Python: can't open file '/Users/anthonymccrovitz/scripts/backup_picks.py': [Errno 2] No such file or directory
/Library/Frameworks/Python.framework/Versions/3.11/Resources/Python.app/Contents/MacOS/Python: can't open file '/Users/anthonymccrovitz/scripts/backup_picks.py': [Errno 2] No such file or directory
/Library/Frameworks/Python.framework/Versions/3.11/Resources/Python.app/Contents/MacOS/Python: can't open file '/Users/anthonymccrovitz/scripts/backup_picks.py': [Errno 2] No such file or directory
/Library/Frameworks/Python.framework/Versions/3.11/Resources/Python.app/Contents/MacOS/Python: can't open file '/Users/anthonymccrovitz/scripts/backup_picks.py': [Errno 2] No such file or directory
[backup] 2803 picks → picks_20260531_1800.json
[backup] keeping 28 snapshots
[backup] 2803 picks → picks_20260531_1900.json
[backup] keeping 29 snapshots
[backup] 2803 picks → picks_20260531_2000.json
[backup] keeping 30 snapshots
[backup] 2803 picks → picks_20260531_2100.json
[backup] keeping 31 snapshots
[backup] 2832 picks → picks_20260531_2200.json
[backup] keeping 32 snapshots
[backup] 2832 picks → picks_20260531_2300.json
[backup] keeping 33 snapshots
[backup] 2832 picks → picks_20260601_0000.json
[backup] keeping 34 snapshots
[backup] 2832 picks → picks_20260601_0100.json
[backup] keeping 35 snapshots
[backup] 2832 picks → picks_20260601_0200.json
[backup] keeping 36 snapshots
[backup] 2832 picks → picks_20260601_0300.json
[backup] keeping 37 snapshots
[backup] 2832 picks → picks_20260601_0400.json
[backup] keeping 38 snapshots
[backup] 2832 picks → picks_20260601_0500.json
[backup] keeping 39 snapshots
[backup] 2832 picks → picks_20260601_0600.json
[backup] keeping 40 snapshots
[backup] 2832 picks → picks_20260601_0700.json
[backup] keeping 41 snapshots
[backup] 2832 picks → picks_20260601_0800.json
[backup] keeping 42 snapshots
[backup] 2842 picks → picks_20260601_0900.json
[backup] keeping 43 snapshots
[backup] 2842 picks → picks_20260601_1003.json
[backup] keeping 44 snapshots
[backup] 2842 picks → picks_20260601_1100.json
[backup] keeping 45 snapshots
[backup] 2842 picks → picks_20260601_1401.json
[backup] keeping 46 snapshots
[backup] 2842 picks → picks_20260601_1500.json
[backup] keeping 47 snapshots
[backup] 2842 picks → picks_20260601_1600.json
[backup] keeping 48 snapshots
[backup] 2842 picks → picks_20260601_1700.json
[backup] keeping 48 snapshots
[backup] 2842 picks → picks_20260601_1900.json
[backup] keeping 48 snapshots
[backup] 2842 picks → picks_20260601_2000.json
[backup] keeping 48 snapshots
[backup] 2881 picks → picks_20260601_2100.json
[backup] keeping 48 snapshots
[backup] 2883 picks → picks_20260601_2200.json
[backup] keeping 48 snapshots
[backup] 2885 picks → picks_20260601_2300.json
[backup] keeping 48 snapshots
[backup] 2885 picks → picks_20260602_0606.json
[backup] keeping 48 snapshots
[backup] 2885 picks → picks_20260602_0800.json
[backup] keeping 48 snapshots
[backup] 2885 picks → picks_20260602_0900.json
[backup] keeping 48 snapshots
[backup] 2900 picks → picks_20260602_1200.json
[backup] keeping 48 snapshots
[backup] 2900 picks → picks_20260602_1300.json
[backup] keeping 48 snapshots
[backup] 2900 picks → picks_20260602_1400.json
[backup] keeping 48 snapshots
[backup] 2900 picks → picks_20260602_1500.json
[backup] keeping 48 snapshots
[backup] 2900 picks → picks_20260602_1600.json
[backup] keeping 48 snapshots
[backup] 2900 picks → picks_20260602_1700.json
[backup] keeping 48 snapshots
[backup] 2902 picks → picks_20260603_0000.json
[backup] keeping 48 snapshots
[backup] 2902 picks → picks_20260603_0705.json
[backup] keeping 48 snapshots
[backup] 2902 picks → picks_20260603_0808.json
[backup] keeping 48 snapshots
[backup] 2950 picks → picks_20260603_0900.json
[backup] keeping 48 snapshots
[backup] 2950 picks → picks_20260603_1000.json
[backup] keeping 48 snapshots
[backup] 2956 picks → picks_20260603_1100.json
[backup] keeping 48 snapshots
[backup] 2956 picks → picks_20260603_1200.json
[backup] keeping 48 snapshots
[backup] 2956 picks → picks_20260603_1500.json
[backup] keeping 48 snapshots
[backup] 2956 picks → picks_20260603_1605.json
[backup] keeping 48 snapshots
[backup] 2958 picks → picks_20260603_2300.json
[backup] keeping 48 snapshots
[backup] 2958 picks → picks_20260604_0000.json
[backup] keeping 48 snapshots
[backup] 2958 picks → picks_20260604_0700.json
[backup] keeping 48 snapshots
[backup] 2958 picks → picks_20260604_0800.json
[backup] keeping 48 snapshots
[backup] 2958 picks → picks_20260604_1000.json
[backup] keeping 48 snapshots
[backup] 2986 picks → picks_20260604_1401.json
[backup] keeping 48 snapshots
[backup] 2986 picks → picks_20260604_1502.json
[backup] keeping 48 snapshots
[backup] 2986 picks → picks_20260604_1700.json
[backup] keeping 48 snapshots
[backup] 3049 picks → picks_20260604_1901.json
[backup] keeping 48 snapshots
[backup] 3049 picks → picks_20260604_2207.json
[backup] keeping 48 snapshots
[backup] 3049 picks → picks_20260605_0000.json
[backup] keeping 48 snapshots
[backup] 3049 picks → picks_20260605_0105.json
[backup] keeping 48 snapshots
[backup] 3049 picks → picks_20260605_0204.json
[backup] keeping 48 snapshots
[backup] 3049 picks → picks_20260605_0800.json
[backup] keeping 48 snapshots
[backup] 3085 picks → picks_20260605_0900.json
[backup] keeping 48 snapshots
[backup] 3088 picks → picks_20260605_1000.json
[backup] keeping 48 snapshots
[backup] 3090 picks → picks_20260605_1100.json
[backup] keeping 48 snapshots
[backup] 3090 picks → picks_20260605_1200.json
[backup] keeping 48 snapshots
[backup] 3090 picks → picks_20260605_1300.json
[backup] keeping 48 snapshots
[backup] 3090 picks → picks_20260605_1401.json
[backup] keeping 48 snapshots
[backup] 3090 picks → picks_20260605_1500.json
[backup] keeping 48 snapshots
[backup] 3090 picks → picks_20260605_1700.json
[backup] keeping 48 snapshots
[backup] 3090 picks → picks_20260605_1900.json
[backup] keeping 48 snapshots
[backup] 3090 picks → picks_20260606_0000.json
[backup] keeping 48 snapshots
[backup] 3090 picks → picks_20260606_0403.json
[backup] keeping 48 snapshots
[backup] 3090 picks → picks_20260606_0802.json
[backup] keeping 48 snapshots
[backup] 3173 picks → picks_20260606_1000.json
[backup] keeping 48 snapshots
[backup] 3188 picks → picks_20260606_1100.json
[backup] keeping 48 snapshots
[backup] 3188 picks → picks_20260606_1200.json
[backup] keeping 48 snapshots
[backup] 3188 picks → picks_20260606_1300.json
[backup] keeping 48 snapshots
[backup] 3188 picks → picks_20260606_1400.json
[backup] keeping 48 snapshots
[backup] 3188 picks → picks_20260606_1500.json
[backup] keeping 48 snapshots
[backup] 3188 picks → picks_20260606_1600.json
[backup] keeping 48 snapshots
[backup] 3188 picks → picks_20260606_1700.json
[backup] keeping 48 snapshots
[backup] 3188 picks → picks_20260606_1800.json
[backup] keeping 48 snapshots
[backup] 3188 picks → picks_20260606_1900.json
[backup] keeping 48 snapshots
[backup] 3188 picks → picks_20260606_2000.json
[backup] keeping 48 snapshots
[backup] 3188 picks → picks_20260606_2100.json
[backup] keeping 48 snapshots
[backup] 3225 picks → picks_20260606_2200.json
[backup] keeping 48 snapshots
[backup] 3225 picks → picks_20260606_2300.json
[backup] keeping 48 snapshots
[backup] 3225 picks → picks_20260607_0000.json
[backup] keeping 48 snapshots
[backup] 3225 picks → picks_20260607_0100.json
[backup] keeping 48 snapshots
[backup] 3225 picks → picks_20260607_0200.json
[backup] keeping 48 snapshots
[backup] 3225 picks → picks_20260607_0300.json
[backup] keeping 48 snapshots
[backup] 3225 picks → picks_20260607_0400.json
[backup] keeping 48 snapshots
[backup] 3225 picks → picks_20260607_0500.json
[backup] keeping 48 snapshots
[backup] 3225 picks → picks_20260607_0600.json
[backup] keeping 48 snapshots
[backup] 3225 picks → picks_20260607_0700.json
[backup] keeping 48 snapshots
[backup] 3225 picks → picks_20260607_0800.json
[backup] keeping 48 snapshots
[backup] 3225 picks → picks_20260607_0900.json
[backup] keeping 48 snapshots
[backup] 3225 picks → picks_20260607_1000.json
[backup] keeping 48 snapshots
[backup] 3251 picks → picks_20260607_1100.json
[backup] keeping 48 snapshots
[backup] 3251 picks → picks_20260607_1200.json
[backup] keeping 48 snapshots
[backup] 3251 picks → picks_20260607_1300.json
[backup] keeping 48 snapshots
[backup] 3251 picks → picks_20260607_1400.json
[backup] keeping 48 snapshots
[backup] 3251 picks → picks_20260607_1500.json
[backup] keeping 48 snapshots
[backup] 3256 picks → picks_20260607_1600.json
[backup] keeping 48 snapshots
[backup] 3256 picks → picks_20260607_1700.json
[backup] keeping 48 snapshots
[backup] 3256 picks → picks_20260607_1800.json
[backup] keeping 48 snapshots
[backup] 3256 picks → picks_20260607_1900.json
[backup] keeping 48 snapshots
[backup] 3256 picks → picks_20260607_2000.json
[backup] keeping 48 snapshots
[backup] 3256 picks → picks_20260607_2100.json
[backup] keeping 48 snapshots
[backup] 3278 picks → picks_20260607_2200.json
[backup] keeping 48 snapshots
[backup] 3278 picks → picks_20260607_2300.json
[backup] keeping 48 snapshots
[backup] 3278 picks → picks_20260608_0000.json
[backup] keeping 48 snapshots
[backup] 3278 picks → picks_20260608_0100.json
[backup] keeping 48 snapshots
[backup] 3278 picks → picks_20260608_0200.json
[backup] keeping 48 snapshots
[backup] 3278 picks → picks_20260608_0300.json
[backup] keeping 48 snapshots
[backup] 3278 picks → picks_20260608_0400.json
[backup] keeping 48 snapshots
[backup] 3278 picks → picks_20260608_0500.json
[backup] keeping 48 snapshots
[backup] 3278 picks → picks_20260608_0600.json
[backup] keeping 48 snapshots
[backup] 3278 picks → picks_20260608_0700.json
[backup] keeping 48 snapshots
[backup] 3278 picks → picks_20260608_0800.json
[backup] keeping 48 snapshots
[backup] 3278 picks → picks_20260608_0900.json
[backup] keeping 48 snapshots
[backup] 3278 picks → picks_20260608_1000.json
[backup] keeping 48 snapshots
[backup] 3283 picks → picks_20260608_1100.json
[backup] keeping 48 snapshots
[backup] 3283 picks → picks_20260608_1200.json
[backup] keeping 48 snapshots
[backup] 3283 picks → picks_20260608_1300.json
[backup] keeping 48 snapshots
[backup] 3283 picks → picks_20260608_1400.json
[backup] keeping 48 snapshots
[backup] 3283 picks → picks_20260608_1500.json
[backup] keeping 48 snapshots
[backup] 3283 picks → picks_20260608_1600.json
[backup] keeping 48 snapshots
[backup] 3283 picks → picks_20260608_1700.json
[backup] keeping 48 snapshots
[backup] 3283 picks → picks_20260608_1800.json
[backup] keeping 48 snapshots
[backup] 3283 picks → picks_20260608_1900.json
[backup] keeping 48 snapshots
[backup] 3283 picks → picks_20260608_2000.json
[backup] keeping 48 snapshots
[backup] 3283 picks → picks_20260608_2100.json
[backup] keeping 48 snapshots
[backup] 3330 picks → picks_20260608_2200.json
[backup] keeping 48 snapshots
[backup] 3330 picks → picks_20260608_2300.json
[backup] keeping 48 snapshots
[backup] 3330 picks → picks_20260609_0000.json
[backup] keeping 48 snapshots
[backup] 3330 picks → picks_20260609_0100.json
[backup] keeping 48 snapshots
[backup] 3330 picks → picks_20260609_0200.json
[backup] keeping 48 snapshots
[backup] 3330 picks → picks_20260609_0300.json
[backup] keeping 48 snapshots
[backup] 3330 picks → picks_20260609_0400.json
[backup] keeping 48 snapshots
[backup] 3330 picks → picks_20260609_0500.json
[backup] keeping 48 snapshots
[backup] 3330 picks → picks_20260609_0600.json
[backup] keeping 48 snapshots
[backup] 3330 picks → picks_20260609_0700.json
[backup] keeping 48 snapshots
[backup] 3330 picks → picks_20260609_0800.json
[backup] keeping 48 snapshots
[backup] 3330 picks → picks_20260609_0900.json
[backup] keeping 48 snapshots
[backup] 3330 picks → picks_20260609_1000.json
[backup] keeping 48 snapshots
[backup] 3347 picks → picks_20260609_1100.json
[backup] keeping 48 snapshots
[backup] 3347 picks → picks_20260609_1200.json
[backup] keeping 48 snapshots
[backup] 3347 picks → picks_20260609_1300.json
[backup] keeping 48 snapshots
[backup] 3347 picks → picks_20260609_1400.json
[backup] keeping 48 snapshots
[backup] 3347 picks → picks_20260609_1500.json
[backup] keeping 48 snapshots
[backup] 3347 picks → picks_20260609_1600.json
[backup] keeping 48 snapshots
[backup] 3347 picks → picks_20260609_1700.json
[backup] keeping 48 snapshots
[backup] 3347 picks → picks_20260609_1800.json
[backup] keeping 48 snapshots
[backup] 3347 picks → picks_20260609_1900.json
[backup] keeping 48 snapshots
[backup] 3347 picks → picks_20260609_2000.json
[backup] keeping 48 snapshots
[backup] 3347 picks → picks_20260609_2100.json
[backup] keeping 48 snapshots
[backup] 3385 picks → picks_20260609_2200.json
[backup] keeping 48 snapshots
[backup] 3385 picks → picks_20260609_2300.json
[backup] keeping 48 snapshots
[backup] 3385 picks → picks_20260610_0000.json
[backup] keeping 48 snapshots
[backup] 3385 picks → picks_20260610_0100.json
[backup] keeping 48 snapshots
[backup] 3385 picks → picks_20260610_0200.json
[backup] keeping 48 snapshots
[backup] 3385 picks → picks_20260610_0300.json
[backup] keeping 48 snapshots
[backup] 3385 picks → picks_20260610_0400.json
[backup] keeping 48 snapshots
[backup] 3385 picks → picks_20260610_0500.json
[backup] keeping 48 snapshots
[backup] 3385 picks → picks_20260610_0600.json
[backup] keeping 48 snapshots
[backup] 3385 picks → picks_20260610_0700.json
[backup] keeping 48 snapshots
[backup] 3385 picks → picks_20260610_0800.json
[backup] keeping 48 snapshots
[backup] 3385 picks → picks_20260610_0900.json
[backup] keeping 48 snapshots
[backup] 3385 picks → picks_20260610_1000.json
[backup] keeping 48 snapshots
[backup] 3410 picks → picks_20260610_1100.json
[backup] keeping 48 snapshots
[backup] 3412 picks → picks_20260610_1200.json
[backup] keeping 48 snapshots
[backup] 3412 picks → picks_20260610_1300.json
[backup] keeping 48 snapshots
[backup] 3412 picks → picks_20260610_1400.json
[backup] keeping 48 snapshots
[backup] 3412 picks → picks_20260610_1500.json
[backup] keeping 48 snapshots
[backup] 3412 picks → picks_20260610_1600.json
[backup] keeping 48 snapshots
[backup] 3412 picks → picks_20260610_1700.json
[backup] keeping 48 snapshots
[backup] 3412 picks → picks_20260610_1800.json
[backup] keeping 48 snapshots
[backup] 3412 picks → picks_20260610_1900.json
[backup] keeping 48 snapshots
[backup] 3412 picks → picks_20260610_2000.json
[backup] keeping 48 snapshots
[backup] 3412 picks → picks_20260610_2100.json
[backup] keeping 48 snapshots
[backup] 3439 picks → picks_20260610_2200.json
[backup] keeping 48 snapshots
[backup] 3439 picks → picks_20260610_2300.json
[backup] keeping 48 snapshots
[backup] 3439 picks → picks_20260611_0000.json
[backup] keeping 48 snapshots
[backup] 3439 picks → picks_20260611_0100.json
[backup] keeping 48 snapshots
[backup] 3439 picks → picks_20260611_0200.json
[backup] keeping 48 snapshots
[backup] 3439 picks → picks_20260611_0300.json
[backup] keeping 48 snapshots
[backup] 3439 picks → picks_20260611_0400.json
[backup] keeping 48 snapshots
[backup] 3439 picks → picks_20260611_0500.json
[backup] keeping 48 snapshots
[backup] 3439 picks → picks_20260611_0600.json
[backup] keeping 48 snapshots
[backup] 3439 picks → picks_20260611_0700.json
[backup] keeping 48 snapshots
[backup] 3439 picks → picks_20260611_0800.json
[backup] keeping 48 snapshots
[backup] 3439 picks → picks_20260611_0900.json
[backup] keeping 48 snapshots
[backup] 3439 picks → picks_20260611_1000.json
[backup] keeping 48 snapshots
[backup] 3453 picks → picks_20260611_1100.json
[backup] keeping 48 snapshots
[backup] 3453 picks → picks_20260611_1200.json
[backup] keeping 48 snapshots
[backup] 3453 picks → picks_20260611_1300.json
[backup] keeping 48 snapshots
[backup] 3453 picks → picks_20260611_1400.json
[backup] keeping 48 snapshots
[backup] 3453 picks → picks_20260611_1500.json
[backup] keeping 48 snapshots
[backup] 3453 picks → picks_20260611_1600.json
[backup] keeping 48 snapshots
[backup] 3453 picks → picks_20260611_1700.json
[backup] keeping 48 snapshots
[backup] 3453 picks → picks_20260611_1800.json
[backup] keeping 48 snapshots
[backup] 3453 picks → picks_20260611_1900.json
[backup] keeping 48 snapshots
[backup] 3453 picks → picks_20260611_2300.json
[backup] keeping 48 snapshots
[backup] 3453 picks → picks_20260612_0000.json
[backup] keeping 48 snapshots
[backup] 3495 picks → picks_20260612_0800.json
[backup] keeping 48 snapshots
[backup] 3495 picks → picks_20260612_0900.json
[backup] keeping 48 snapshots
[backup] 3495 picks → picks_20260612_1007.json
[backup] keeping 48 snapshots
[backup] 3509 picks → picks_20260612_1100.json
[backup] keeping 48 snapshots
[backup] 3509 picks → picks_20260612_1200.json
[backup] keeping 48 snapshots
[backup] 3509 picks → picks_20260612_1300.json
[backup] keeping 48 snapshots
[backup] 3509 picks → picks_20260612_1400.json
[backup] keeping 48 snapshots
[backup] 3509 picks → picks_20260612_1500.json
[backup] keeping 48 snapshots
[backup] 3509 picks → picks_20260612_1600.json
[backup] keeping 48 snapshots
[backup] 3509 picks → picks_20260612_1901.json
[backup] keeping 48 snapshots
[backup] 3509 picks → picks_20260612_2200.json
[backup] keeping 48 snapshots
[backup] 3509 picks → picks_20260613_0000.json
[backup] keeping 48 snapshots
[backup] 3557 picks → picks_20260613_0100.json
[backup] keeping 48 snapshots
[backup] 3557 picks → picks_20260613_0200.json
[backup] keeping 48 snapshots
[backup] 3557 picks → picks_20260613_0900.json
[backup] keeping 48 snapshots
[backup] 3557 picks → picks_20260613_1000.json
[backup] keeping 48 snapshots
[backup] 3578 picks → picks_20260613_1100.json
[backup] keeping 48 snapshots
[backup] 3578 picks → picks_20260613_1200.json
[backup] keeping 48 snapshots
[backup] 3578 picks → picks_20260613_1300.json
[backup] keeping 48 snapshots
[backup] 3578 picks → picks_20260613_1400.json
[backup] keeping 48 snapshots
[backup] 3578 picks → picks_20260613_1500.json
[backup] keeping 48 snapshots
[backup] 3578 picks → picks_20260613_1600.json
[backup] keeping 48 snapshots
[backup] 3578 picks → picks_20260613_1700.json
[backup] keeping 48 snapshots
[backup] 3578 picks → picks_20260613_1800.json
[backup] keeping 48 snapshots
[backup] 3578 picks → picks_20260613_1900.json
[backup] keeping 48 snapshots
[backup] 3578 picks → picks_20260613_2000.json
[backup] keeping 48 snapshots
[backup] 3578 picks → picks_20260613_2100.json
[backup] keeping 48 snapshots
[backup] 3624 picks → picks_20260613_2200.json
[backup] keeping 48 snapshots
[backup] 3624 picks → picks_20260613_2300.json
[backup] keeping 48 snapshots
[backup] 3624 picks → picks_20260614_0000.json
[backup] keeping 48 snapshots
[backup] 3624 picks → picks_20260614_0100.json
[backup] keeping 48 snapshots
[backup] 3624 picks → picks_20260614_0200.json
[backup] keeping 48 snapshots
[backup] 3624 picks → picks_20260614_0300.json
[backup] keeping 48 snapshots
[backup] 3624 picks → picks_20260614_0400.json
[backup] keeping 48 snapshots
[backup] 3624 picks → picks_20260614_0800.json
[backup] keeping 48 snapshots
[backup] 3664 picks → picks_20260614_2004.json
[backup] keeping 48 snapshots
[backup] 3664 picks → picks_20260614_2102.json
[backup] keeping 48 snapshots
[backup] 3687 picks → picks_20260614_2204.json
[backup] keeping 48 snapshots
[backup] 3687 picks → picks_20260615_0000.json
[backup] keeping 48 snapshots
[backup] 3692 picks → picks_20260615_1500.json
[backup] keeping 48 snapshots
[backup] 3698 picks → picks_20260615_1700.json
[backup] keeping 48 snapshots
[backup] 3698 picks → picks_20260615_1904.json
[backup] keeping 48 snapshots
[backup] 3698 picks → picks_20260615_2100.json
[backup] keeping 48 snapshots
[backup] 3738 picks → picks_20260615_2200.json
[backup] keeping 48 snapshots
[backup] 3738 picks → picks_20260616_0000.json
[backup] keeping 48 snapshots
[backup] 3738 picks → picks_20260616_0203.json
[backup] keeping 48 snapshots
[backup] 3738 picks → picks_20260616_0900.json
[backup] keeping 48 snapshots
[backup] 3738 picks → picks_20260616_1000.json
[backup] keeping 48 snapshots
[backup] 3751 picks → picks_20260616_1100.json
[backup] keeping 48 snapshots
