  Recomputing CLV for 37 archive dates...
  [CLV] No closing archive for 2026-04-13 and no live cache found.
  [CLV] No closing archive for 2026-04-14 and no live cache found.
  [CLV] No closing archive for 2026-04-15 and no live cache found.
  [CLV] No closing archive for 2026-04-16 and no live cache found.
  [CLV] No closing archive for 2026-04-17 and no live cache found.
  [CLV] No closing archive for 2026-04-19 and no live cache found.
  [CLV] No closing archive for 2026-04-20 and no live cache found.
  [CLV] No closing archive for 2026-05-01 and no live cache found.
  [CLV] No closing archive for 2026-05-04 and no live cache found.
  [CLV] No closing archive for 2026-05-11 and no live cache found.
  [CLV] No closing archive for 2026-05-12 and no live cache found.
  [CLV] No closing archive for 2026-05-14 and no live cache found.
  [CLV] No closing archive for 2026-05-14 and no live cache found.
  [CLV] No closing archive for 2026-05-15 and no live cache found.
  [CLV] No closing archive for 2026-05-15 and no live cache found.
  [CLV] No closing archive for 2026-05-16 and no live cache found.
  [CLV] No closing archive for 2026-05-16 and no live cache found.
  [CLV] No closing archive for 2026-05-17 and no live cache found.
  [CLV] No closing archive for 2026-05-17 and no live cache found.
  [CLV] No closing archive for 2026-05-17 and no live cache found.
  [CLV] No closing archive for 2026-05-20 and no live cache found.
  [CLV] No closing archive for 2026-05-20 and no live cache found.
  [CLV] No closing archive for 2026-05-22 and no live cache found.
  [CLV] No closing archive for 2026-05-22 and no live cache found.
  [CLV] No closing archive for 2026-05-23 and no live cache found.
  [CLV] No closing archive for 2026-05-25 and no live cache found.
  [CLV] No closing archive for 2026-05-25 and no live cache found.
  [CLV] No closing archive for 2026-05-26 and no live cache found.
  [CLV] No closing archive for 2026-05-26 and no live cache found.
  [CLV] No closing archive for 2026-05-27 and no live cache found.
  [CLV] No closing archive for 2026-05-27 and no live cache found.
  [CLV] No closing archive for 2026-05-28 and no live cache found.
  [CLV] No closing archive for 2026-05-29 and no live cache found.
  [CLV] No closing archive for 2026-05-29 and no live cache found.
  [CLV] No closing archive for 2026-05-30 and no live cache found.
  [CLV] No closing archive for 2026-05-31 and no live cache found.
  [CLV] No closing archive for 2026-05-31 and no live cache found.
  [CLV] No closing archive for 2026-06-01 and no live cache found.
  [CLV] No closing archive for 2026-06-01 and no live cache found.

════════════════════════════════════════════════════════════
  CLV REPORT — CLOSING LINE VALUE
════════════════════════════════════════════════════════════
  Total picks tracked : 3402
  Picks with CLV data : 619
  Avg CLV             : +0.08%
  % bets positive CLV : 40.4%

  VERDICT: NEUTRAL — model roughly matches closing line efficiency

  CLV by Edge Tier:
  Tier        Count   Avg CLV
  ──────────────────────────────
  UNKNOWN       619  +   0.08%

  Spreads & Totals — line CLV (points moved in your favor):
  Market       N   AvgLine   Beat%    AvgPrice (matched)
  ────────────────────────────────────────────────────
  spread      69    +0.34p     33%         +1.06% (n=47)
  total       43    -0.06p     46%         -0.58% (n=22)

  Recent picks:
  Date         Team                           Open   Close      CLV
  ──────────────────────────────────────────────────────────────
  2026-05-31   San Diego Padres               -126    -103    -5.1%
  2026-05-31   New York Yankees               -142    -143    -0.1%
  2026-05-31   Atlanta Braves                 -126    -115    -2.3%
  2026-06-01   Detroit Tigers                 +145    +146    -0.3%
  2026-06-01   Chicago White Sox              +145    +130    +2.5%
  2026-06-01   San Francisco Giants           +132    +146    -2.5%
  2026-06-01   Texas Rangers                  -116    -119    +0.5%
  2026-06-02   Colorado Rockies               +175    +180    -0.7%
  2026-06-02   New York Mets                  +130    +118    +2.2%
  2026-06-02   Los Angeles Dodgers            -115    -152    +6.6%
════════════════════════════════════════════════════════════

  Recomputing CLV for 38 archive dates...
  [CLV] No closing archive for 2026-04-13 and no live cache found.
  [CLV] No closing archive for 2026-04-14 and no live cache found.
  [CLV] No closing archive for 2026-04-15 and no live cache found.
  [CLV] No closing archive for 2026-04-16 and no live cache found.
  [CLV] No closing archive for 2026-04-17 and no live cache found.
  [CLV] No closing archive for 2026-04-19 and no live cache found.
  [CLV] No closing archive for 2026-04-20 and no live cache found.
  [CLV] No closing archive for 2026-05-01 and no live cache found.
  [CLV] No closing archive for 2026-05-04 and no live cache found.
  [CLV] No closing archive for 2026-05-11 and no live cache found.
  [CLV] No closing archive for 2026-05-12 and no live cache found.
  [CLV] No closing archive for 2026-05-14 and no live cache found.
  [CLV] No closing archive for 2026-05-14 and no live cache found.
  [CLV] No closing archive for 2026-05-15 and no live cache found.
  [CLV] No closing archive for 2026-05-15 and no live cache found.
  [CLV] No closing archive for 2026-05-16 and no live cache found.
  [CLV] No closing archive for 2026-05-16 and no live cache found.
  [CLV] No closing archive for 2026-05-17 and no live cache found.
  [CLV] No closing archive for 2026-05-17 and no live cache found.
  [CLV] No closing archive for 2026-05-17 and no live cache found.
  [CLV] No closing archive for 2026-05-20 and no live cache found.
  [CLV] No closing archive for 2026-05-20 and no live cache found.
  [CLV] No closing archive for 2026-05-22 and no live cache found.
  [CLV] No closing archive for 2026-05-22 and no live cache found.
  [CLV] No closing archive for 2026-05-23 and no live cache found.
  [CLV] No closing archive for 2026-05-25 and no live cache found.
  [CLV] No closing archive for 2026-05-25 and no live cache found.
  [CLV] No closing archive for 2026-05-26 and no live cache found.
  [CLV] No closing archive for 2026-05-26 and no live cache found.
  [CLV] No closing archive for 2026-05-27 and no live cache found.
  [CLV] No closing archive for 2026-05-27 and no live cache found.
  [CLV] No closing archive for 2026-05-28 and no live cache found.
  [CLV] No closing archive for 2026-05-29 and no live cache found.
  [CLV] No closing archive for 2026-05-29 and no live cache found.
  [CLV] No closing archive for 2026-05-30 and no live cache found.
  [CLV] No closing archive for 2026-05-31 and no live cache found.
  [CLV] No closing archive for 2026-05-31 and no live cache found.
  [CLV] No closing archive for 2026-06-01 and no live cache found.
  [CLV] No closing archive for 2026-06-01 and no live cache found.
  [CLV] No closing archive for 2026-06-03 and no live cache found.

════════════════════════════════════════════════════════════
  CLV REPORT — CLOSING LINE VALUE
════════════════════════════════════════════════════════════
  Total picks tracked : 3405
  Picks with CLV data : 623
  Avg CLV             : +0.07%
  % bets positive CLV : 40.3%

  VERDICT: NEUTRAL — model roughly matches closing line efficiency

  CLV by Edge Tier:
  Tier        Count   Avg CLV
  ──────────────────────────────
  UNKNOWN       623  +   0.07%

  Spreads & Totals — line CLV (points moved in your favor):
  Market       N   AvgLine   Beat%    AvgPrice (matched)
  ────────────────────────────────────────────────────
  spread      69    +0.34p     33%         +1.06% (n=47)
  total       43    -0.06p     46%         -0.58% (n=22)

  Recent picks:
  Date         Team                           Open   Close      CLV
  ──────────────────────────────────────────────────────────────
  2026-06-01   Chicago White Sox              +145    +130    +2.5%
  2026-06-01   San Francisco Giants           +132    +146    -2.5%
  2026-06-01   Texas Rangers                  -116    -119    +0.5%
  2026-06-02   Colorado Rockies               +175    +180    -0.7%
  2026-06-02   New York Mets                  +130    +118    +2.2%
  2026-06-02   Miami Marlins                  -108    +106    -3.6%
  2026-06-02   Texas Rangers                  -112    -102    -2.6%
  2026-06-02   Baltimore Orioles              +115    +122    -1.6%
  2026-06-02   Toronto Blue Jays              +115    +106    +1.7%
  2026-06-02   Los Angeles Dodgers            -115    -152    +6.6%
════════════════════════════════════════════════════════════

  Recomputing CLV for 38 archive dates...
  [CLV] No closing archive for 2026-04-13 and no live cache found.
  [CLV] No closing archive for 2026-04-14 and no live cache found.
  [CLV] No closing archive for 2026-04-15 and no live cache found.
  [CLV] No closing archive for 2026-04-16 and no live cache found.
  [CLV] No closing archive for 2026-04-17 and no live cache found.
  [CLV] No closing archive for 2026-04-19 and no live cache found.
  [CLV] No closing archive for 2026-04-20 and no live cache found.
  [CLV] No closing archive for 2026-05-01 and no live cache found.
  [CLV] No closing archive for 2026-05-04 and no live cache found.
  [CLV] No closing archive for 2026-05-11 and no live cache found.
  [CLV] No closing archive for 2026-05-12 and no live cache found.
  [CLV] No closing archive for 2026-05-14 and no live cache found.
  [CLV] No closing archive for 2026-05-14 and no live cache found.
  [CLV] No closing archive for 2026-05-15 and no live cache found.
  [CLV] No closing archive for 2026-05-15 and no live cache found.
  [CLV] No closing archive for 2026-05-16 and no live cache found.
  [CLV] No closing archive for 2026-05-16 and no live cache found.
  [CLV] No closing archive for 2026-05-17 and no live cache found.
  [CLV] No closing archive for 2026-05-17 and no live cache found.
  [CLV] No closing archive for 2026-05-17 and no live cache found.
  [CLV] No closing archive for 2026-05-20 and no live cache found.
  [CLV] No closing archive for 2026-05-20 and no live cache found.
  [CLV] No closing archive for 2026-05-22 and no live cache found.
  [CLV] No closing archive for 2026-05-22 and no live cache found.
  [CLV] No closing archive for 2026-05-23 and no live cache found.
  [CLV] No closing archive for 2026-05-25 and no live cache found.
  [CLV] No closing archive for 2026-05-25 and no live cache found.
  [CLV] No closing archive for 2026-05-26 and no live cache found.
  [CLV] No closing archive for 2026-05-26 and no live cache found.
  [CLV] No closing archive for 2026-05-27 and no live cache found.
  [CLV] No closing archive for 2026-05-27 and no live cache found.
  [CLV] No closing archive for 2026-05-28 and no live cache found.
  [CLV] No closing archive for 2026-05-29 and no live cache found.
  [CLV] No closing archive for 2026-05-29 and no live cache found.
  [CLV] No closing archive for 2026-05-30 and no live cache found.
  [CLV] No closing archive for 2026-05-31 and no live cache found.
  [CLV] No closing archive for 2026-05-31 and no live cache found.
  [CLV] No closing archive for 2026-06-01 and no live cache found.
  [CLV] No closing archive for 2026-06-01 and no live cache found.
  [CLV] No closing archive for 2026-06-03 and no live cache found.

════════════════════════════════════════════════════════════
  CLV REPORT — CLOSING LINE VALUE
════════════════════════════════════════════════════════════
  Total picks tracked : 3459
  Picks with CLV data : 630
  Avg CLV             : +0.05%
  % bets positive CLV : 40.3%

  VERDICT: NEUTRAL — model roughly matches closing line efficiency

  CLV by Edge Tier:
  Tier        Count   Avg CLV
  ──────────────────────────────
  UNKNOWN       630  +   0.05%

  Spreads & Totals — line CLV (points moved in your favor):
  Market       N   AvgLine   Beat%    AvgPrice (matched)
  ────────────────────────────────────────────────────
  f5_total     3    -0.17p      0%          -2.48% (n=2)
  spread      69    +0.34p     33%         +1.06% (n=47)
  total       43    -0.06p     46%         -0.58% (n=22)

  Recent picks:
  Date         Team                           Open   Close      CLV
  ──────────────────────────────────────────────────────────────
  2026-06-02   Baltimore Orioles              +115    +122    -1.6%
  2026-06-02   Toronto Blue Jays              +115    +106    +1.7%
  2026-06-02   Los Angeles Dodgers            -115    -152    +6.6%
  2026-06-03   New York Mets                  +125    +128    -0.6%
  2026-06-03   Chicago White Sox              +135    +133    +0.4%
  2026-06-03   Detroit Tigers                 +130    +129    +0.1%
  2026-06-03   San Francisco Giants           +136    +124    +2.2%
  2026-06-03   Detroit Tigers @ Tampa Bay Rays   -125    -116    -3.9%
  2026-06-03   Matteo Arnaldi                 +158    +158    -0.0%
  2026-06-03   Felix Auger-Aliassime          -105    -115    +2.3%
════════════════════════════════════════════════════════════

  Recomputing CLV for 39 archive dates...
  [CLV] No closing archive for 2026-04-13 and no live cache found.
  [CLV] No closing archive for 2026-04-14 and no live cache found.
  [CLV] No closing archive for 2026-04-15 and no live cache found.
  [CLV] No closing archive for 2026-04-16 and no live cache found.
  [CLV] No closing archive for 2026-04-17 and no live cache found.
  [CLV] No closing archive for 2026-04-19 and no live cache found.
  [CLV] No closing archive for 2026-04-20 and no live cache found.
  [CLV] No closing archive for 2026-05-01 and no live cache found.
  [CLV] No closing archive for 2026-05-04 and no live cache found.
  [CLV] No closing archive for 2026-05-11 and no live cache found.
  [CLV] No closing archive for 2026-05-12 and no live cache found.
  [CLV] No closing archive for 2026-05-14 and no live cache found.
  [CLV] No closing archive for 2026-05-14 and no live cache found.
  [CLV] No closing archive for 2026-05-15 and no live cache found.
  [CLV] No closing archive for 2026-05-15 and no live cache found.
  [CLV] No closing archive for 2026-05-16 and no live cache found.
  [CLV] No closing archive for 2026-05-16 and no live cache found.
  [CLV] No closing archive for 2026-05-17 and no live cache found.
  [CLV] No closing archive for 2026-05-17 and no live cache found.
  [CLV] No closing archive for 2026-05-17 and no live cache found.
  [CLV] No closing archive for 2026-05-20 and no live cache found.
  [CLV] No closing archive for 2026-05-20 and no live cache found.
  [CLV] No closing archive for 2026-05-22 and no live cache found.
  [CLV] No closing archive for 2026-05-22 and no live cache found.
  [CLV] No closing archive for 2026-05-23 and no live cache found.
  [CLV] No closing archive for 2026-05-25 and no live cache found.
  [CLV] No closing archive for 2026-05-25 and no live cache found.
  [CLV] No closing archive for 2026-05-26 and no live cache found.
  [CLV] No closing archive for 2026-05-26 and no live cache found.
  [CLV] No closing archive for 2026-05-27 and no live cache found.
  [CLV] No closing archive for 2026-05-27 and no live cache found.
  [CLV] No closing archive for 2026-05-28 and no live cache found.
  [CLV] No closing archive for 2026-05-29 and no live cache found.
  [CLV] No closing archive for 2026-05-29 and no live cache found.
  [CLV] No closing archive for 2026-05-30 and no live cache found.
  [CLV] No closing archive for 2026-05-31 and no live cache found.
  [CLV] No closing archive for 2026-05-31 and no live cache found.
  [CLV] No closing archive for 2026-06-01 and no live cache found.
  [CLV] No closing archive for 2026-06-01 and no live cache found.
  [CLV] No closing archive for 2026-06-03 and no live cache found.
  [CLV] No closing archive for 2026-06-04 and no live cache found.

════════════════════════════════════════════════════════════
  CLV REPORT — CLOSING LINE VALUE
════════════════════════════════════════════════════════════
  Total picks tracked : 3500
  Picks with CLV data : 633
  Avg CLV             : +0.01%
  % bets positive CLV : 40.3%

  VERDICT: NEUTRAL — model roughly matches closing line efficiency

  CLV by Edge Tier:
  Tier        Count   Avg CLV
  ──────────────────────────────
  UNKNOWN       633  +   0.01%

  Spreads & Totals — line CLV (points moved in your favor):
  Market       N   AvgLine   Beat%    AvgPrice (matched)
  ────────────────────────────────────────────────────
  f5_total     4    -0.12p     25%          -1.59% (n=3)
  spread      69    +0.34p     33%         +1.06% (n=47)
  total       43    -0.06p     46%         -0.58% (n=22)

  Recent picks:
  Date         Team                           Open   Close      CLV
  ──────────────────────────────────────────────────────────────
  2026-06-03   New York Mets                  +125    +128    -0.6%
  2026-06-03   Chicago White Sox              +135    +133    +0.4%
  2026-06-03   Detroit Tigers                 +130    +129    +0.1%
  2026-06-03   San Francisco Giants           +136    +124    +2.2%
  2026-06-03   Detroit Tigers @ Tampa Bay Rays   -125    -116    -3.9%
  2026-06-03   Matteo Arnaldi                 +158    +213    -6.8%
  2026-06-03   Felix Auger-Aliassime          -105    -115    +2.3%
  2026-06-04   Kansas City Royals             -105    -108    +0.5%
  2026-06-04   Kansas City Royals @ Minnesota Twins   -104    -105    -1.6%
  2026-06-04   San Francisco Giants @ Milwaukee Brewers   -102    +103    -3.0%
════════════════════════════════════════════════════════════

  Recomputing CLV for 41 archive dates...
  [CLV] No closing archive for 2026-04-13 and no live cache found.
  [CLV] No closing archive for 2026-04-14 and no live cache found.
  [CLV] No closing archive for 2026-04-15 and no live cache found.
  [CLV] No closing archive for 2026-04-16 and no live cache found.
  [CLV] No closing archive for 2026-04-17 and no live cache found.
  [CLV] No closing archive for 2026-04-19 and no live cache found.
  [CLV] No closing archive for 2026-04-20 and no live cache found.
  [CLV] No closing archive for 2026-05-01 and no live cache found.
  [CLV] No closing archive for 2026-05-04 and no live cache found.
  [CLV] No closing archive for 2026-05-11 and no live cache found.
  [CLV] No closing archive for 2026-05-12 and no live cache found.
  [CLV] No closing archive for 2026-05-14 and no live cache found.
  [CLV] No closing archive for 2026-05-14 and no live cache found.
  [CLV] No closing archive for 2026-05-15 and no live cache found.
  [CLV] No closing archive for 2026-05-15 and no live cache found.
  [CLV] No closing archive for 2026-05-16 and no live cache found.
  [CLV] No closing archive for 2026-05-16 and no live cache found.
  [CLV] No closing archive for 2026-05-17 and no live cache found.
  [CLV] No closing archive for 2026-05-17 and no live cache found.
  [CLV] No closing archive for 2026-05-17 and no live cache found.
  [CLV] No closing archive for 2026-05-20 and no live cache found.
  [CLV] No closing archive for 2026-05-20 and no live cache found.
  [CLV] No closing archive for 2026-05-22 and no live cache found.
  [CLV] No closing archive for 2026-05-22 and no live cache found.
  [CLV] No closing archive for 2026-05-23 and no live cache found.
  [CLV] No closing archive for 2026-05-25 and no live cache found.
  [CLV] No closing archive for 2026-05-25 and no live cache found.
  [CLV] No closing archive for 2026-05-26 and no live cache found.
  [CLV] No closing archive for 2026-05-26 and no live cache found.
  [CLV] No closing archive for 2026-05-27 and no live cache found.
  [CLV] No closing archive for 2026-05-27 and no live cache found.
  [CLV] No closing archive for 2026-05-28 and no live cache found.
  [CLV] No closing archive for 2026-05-29 and no live cache found.
  [CLV] No closing archive for 2026-05-29 and no live cache found.
  [CLV] No closing archive for 2026-05-30 and no live cache found.
  [CLV] No closing archive for 2026-05-31 and no live cache found.
  [CLV] No closing archive for 2026-05-31 and no live cache found.
  [CLV] No closing archive for 2026-06-01 and no live cache found.
  [CLV] No closing archive for 2026-06-01 and no live cache found.
  [CLV] No closing archive for 2026-06-03 and no live cache found.
  [CLV] No closing archive for 2026-06-04 and no live cache found.
  [CLV] No closing archive for 2026-06-05 and no live cache found.

════════════════════════════════════════════════════════════
  CLV REPORT — CLOSING LINE VALUE
════════════════════════════════════════════════════════════
  Total picks tracked : 3557
  Picks with CLV data : 645
  Avg CLV             : -0.01%
  % bets positive CLV : 40.2%

  VERDICT: NEUTRAL — model roughly matches closing line efficiency

  CLV by Edge Tier:
  Tier        Count   Avg CLV
  ──────────────────────────────
  UNKNOWN       645    -0.01%

  Spreads & Totals — line CLV (points moved in your favor):
  Market       N   AvgLine   Beat%    AvgPrice (matched)
  ────────────────────────────────────────────────────
  f5_total    10    -0.05p     20%          -3.52% (n=7)
  spread      69    +0.34p     33%         +1.06% (n=47)
  total       43    -0.06p     46%         -0.58% (n=22)

  Recent picks:
  Date         Team                           Open   Close      CLV
  ──────────────────────────────────────────────────────────────
  2026-06-05   Pittsburgh Pirates             +130    +135    -0.9%
  2026-06-05   Tampa Bay Rays                 -135    -122    -2.7%
  2026-06-05   San Francisco Giants @ Chicago Cubs   +115    +106    +0.2%
  2026-06-05   Baltimore Orioles @ Toronto Blue Jays   -118    -107    -4.4%
  2026-06-05   Boston Red Sox @ New York Yankees   -120    -112    -3.8%
  2026-06-05   Pittsburgh Pirates @ Atlanta Braves   -118    -106    -4.7%
  2026-06-05   San Francisco Giants           +155    +150    +0.7%
  2026-06-05   Jakub Mensik                   +300    +300    +0.0%
  2026-06-06   Cincinnati Reds                +114    +128    -3.2%
  2026-06-06   Cleveland Guardians            +105    -118    +5.3%
════════════════════════════════════════════════════════════

  Recomputing CLV for 42 archive dates...
  [CLV] No closing archive for 2026-04-13 and no live cache found.
  [CLV] No closing archive for 2026-04-14 and no live cache found.
  [CLV] No closing archive for 2026-04-15 and no live cache found.
  [CLV] No closing archive for 2026-04-16 and no live cache found.
  [CLV] No closing archive for 2026-04-17 and no live cache found.
  [CLV] No closing archive for 2026-04-19 and no live cache found.
  [CLV] No closing archive for 2026-04-20 and no live cache found.
  [CLV] No closing archive for 2026-05-01 and no live cache found.
  [CLV] No closing archive for 2026-05-04 and no live cache found.
  [CLV] No closing archive for 2026-05-11 and no live cache found.
  [CLV] No closing archive for 2026-05-12 and no live cache found.
  [CLV] No closing archive for 2026-05-14 and no live cache found.
  [CLV] No closing archive for 2026-05-14 and no live cache found.
  [CLV] No closing archive for 2026-05-15 and no live cache found.
  [CLV] No closing archive for 2026-05-15 and no live cache found.
  [CLV] No closing archive for 2026-05-16 and no live cache found.
  [CLV] No closing archive for 2026-05-16 and no live cache found.
  [CLV] No closing archive for 2026-05-17 and no live cache found.
  [CLV] No closing archive for 2026-05-17 and no live cache found.
  [CLV] No closing archive for 2026-05-17 and no live cache found.
  [CLV] No closing archive for 2026-05-20 and no live cache found.
  [CLV] No closing archive for 2026-05-20 and no live cache found.
  [CLV] No closing archive for 2026-05-22 and no live cache found.
  [CLV] No closing archive for 2026-05-22 and no live cache found.
  [CLV] No closing archive for 2026-05-23 and no live cache found.
  [CLV] No closing archive for 2026-05-25 and no live cache found.
  [CLV] No closing archive for 2026-05-25 and no live cache found.
  [CLV] No closing archive for 2026-05-26 and no live cache found.
  [CLV] No closing archive for 2026-05-26 and no live cache found.
  [CLV] No closing archive for 2026-05-27 and no live cache found.
  [CLV] No closing archive for 2026-05-27 and no live cache found.
  [CLV] No closing archive for 2026-05-28 and no live cache found.
  [CLV] No closing archive for 2026-05-29 and no live cache found.
  [CLV] No closing archive for 2026-05-29 and no live cache found.
  [CLV] No closing archive for 2026-05-30 and no live cache found.
  [CLV] No closing archive for 2026-05-31 and no live cache found.
  [CLV] No closing archive for 2026-05-31 and no live cache found.
  [CLV] No closing archive for 2026-06-01 and no live cache found.
  [CLV] No closing archive for 2026-06-01 and no live cache found.
  [CLV] No closing archive for 2026-06-03 and no live cache found.
  [CLV] No closing archive for 2026-06-04 and no live cache found.
  [CLV] No closing archive for 2026-06-05 and no live cache found.

════════════════════════════════════════════════════════════
  CLV REPORT — CLOSING LINE VALUE
════════════════════════════════════════════════════════════
  Total picks tracked : 3630
  Picks with CLV data : 672
  Avg CLV             : -0.09%
  % bets positive CLV : 39.7%

  VERDICT: NEUTRAL — model roughly matches closing line efficiency

  CLV by Edge Tier:
  Tier        Count   Avg CLV
  ──────────────────────────────
  UNKNOWN       672    -0.09%

  Spreads & Totals — line CLV (points moved in your favor):
  Market       N   AvgLine   Beat%    AvgPrice (matched)
  ────────────────────────────────────────────────────
  f5_total    37    +0.11p     40%         -4.36% (n=16)
  spread     133    +0.37p     41%         +1.72% (n=85)
  total       79    +0.21p     51%         -0.85% (n=27)

  Recent picks:
  Date         Team                           Open   Close      CLV
  ──────────────────────────────────────────────────────────────
  2026-06-06   San Francisco Giants           +144    +138    +0.8%
  2026-06-06   Tampa Bay Rays                 -140    -118    -4.2%
  2026-06-07   Los Angeles Angels             +310    +320    -0.6%
  2026-06-07   Boston Red Sox                 +150    +100    +9.9%
  2026-06-07   New York Mets                  -101    -116    +3.3%
  2026-06-07   Milwaukee Brewers              -168    -278   +10.4%
  2026-06-07   Pittsburgh Pirates @ Atlanta Braves   -106    -121    +1.3%
  2026-06-07   Athletics @ Houston Astros     +102    +111    -3.9%
  2026-06-07   Washington Nationals @ Arizona Diamondbacks   -128    +104    -9.0%
  2026-06-07   Los Angeles Angels @ Los Angeles Dodgers   -128    -104    -7.0%
════════════════════════════════════════════════════════════

  Recomputing CLV for 43 archive dates...
  [CLV] No closing archive for 2026-04-13 and no live cache found.
  [CLV] No closing archive for 2026-04-14 and no live cache found.
  [CLV] No closing archive for 2026-04-15 and no live cache found.
  [CLV] No closing archive for 2026-04-16 and no live cache found.
  [CLV] No closing archive for 2026-04-17 and no live cache found.
  [CLV] No closing archive for 2026-04-19 and no live cache found.
  [CLV] No closing archive for 2026-04-20 and no live cache found.
  [CLV] No closing archive for 2026-05-01 and no live cache found.
  [CLV] No closing archive for 2026-05-04 and no live cache found.
  [CLV] No closing archive for 2026-05-11 and no live cache found.
  [CLV] No closing archive for 2026-05-12 and no live cache found.
  [CLV] No closing archive for 2026-05-14 and no live cache found.
  [CLV] No closing archive for 2026-05-14 and no live cache found.
  [CLV] No closing archive for 2026-05-15 and no live cache found.
  [CLV] No closing archive for 2026-05-15 and no live cache found.
  [CLV] No closing archive for 2026-05-16 and no live cache found.
  [CLV] No closing archive for 2026-05-16 and no live cache found.
  [CLV] No closing archive for 2026-05-17 and no live cache found.
  [CLV] No closing archive for 2026-05-17 and no live cache found.
  [CLV] No closing archive for 2026-05-17 and no live cache found.
  [CLV] No closing archive for 2026-05-20 and no live cache found.
  [CLV] No closing archive for 2026-05-20 and no live cache found.
  [CLV] No closing archive for 2026-05-22 and no live cache found.
  [CLV] No closing archive for 2026-05-22 and no live cache found.
  [CLV] No closing archive for 2026-05-23 and no live cache found.
  [CLV] No closing archive for 2026-05-25 and no live cache found.
  [CLV] No closing archive for 2026-05-25 and no live cache found.
  [CLV] No closing archive for 2026-05-26 and no live cache found.
  [CLV] No closing archive for 2026-05-26 and no live cache found.
  [CLV] No closing archive for 2026-05-27 and no live cache found.
  [CLV] No closing archive for 2026-05-27 and no live cache found.
  [CLV] No closing archive for 2026-05-28 and no live cache found.
  [CLV] No closing archive for 2026-05-29 and no live cache found.
  [CLV] No closing archive for 2026-05-29 and no live cache found.
  [CLV] No closing archive for 2026-05-30 and no live cache found.
  [CLV] No closing archive for 2026-05-31 and no live cache found.
  [CLV] No closing archive for 2026-05-31 and no live cache found.
  [CLV] No closing archive for 2026-06-01 and no live cache found.
  [CLV] No closing archive for 2026-06-01 and no live cache found.
  [CLV] No closing archive for 2026-06-03 and no live cache found.
  [CLV] No closing archive for 2026-06-04 and no live cache found.
  [CLV] No closing archive for 2026-06-05 and no live cache found.
  [CLV] No closing archive for 2026-06-08 and no live cache found.

════════════════════════════════════════════════════════════
  CLV REPORT — CLOSING LINE VALUE
════════════════════════════════════════════════════════════
  Total picks tracked : 3659
  Picks with CLV data : 683
  Avg CLV             : -0.12%
  % bets positive CLV : 39.5%

  VERDICT: NEUTRAL — model roughly matches closing line efficiency

  CLV by Edge Tier:
  Tier        Count   Avg CLV
  ──────────────────────────────
  UNKNOWN       683    -0.12%

  Spreads & Totals — line CLV (points moved in your favor):
  Market       N   AvgLine   Beat%    AvgPrice (matched)
  ────────────────────────────────────────────────────
  f5_total    40    +0.07p     35%         -4.08% (n=19)
  spread     133    +0.37p     41%         +1.72% (n=85)
  total       79    +0.21p     51%         -0.85% (n=27)

  Recent picks:
  Date         Team                           Open   Close      CLV
  ──────────────────────────────────────────────────────────────
  2026-06-07   Kansas City Royals @ Minnesota Twins   -102    -111    +0.2%
  2026-06-07   Pittsburgh Pirates @ Atlanta Braves   -106    -114    -0.1%
  2026-06-07   Athletics @ Houston Astros     +102    +103    -2.1%
  2026-06-07   Washington Nationals @ Arizona Diamondbacks   -128    -111    -5.5%
  2026-06-07   Los Angeles Angels @ Los Angeles Dodgers   -128    -104    -7.0%
  2026-06-07   Pittsburgh Pirates             +142    +134    +1.2%
  2026-06-07   Cleveland Guardians            +128    +128    -0.6%
  2026-06-07   Seattle Mariners               +100    +112    -2.8%
  2026-06-07   Cincinnati Reds                +124    +133    -2.0%
  2026-06-07   New York Yankees               +100    -133    +7.1%
════════════════════════════════════════════════════════════

  Recomputing CLV for 44 archive dates...
  [CLV] No closing archive for 2026-04-13 and no live cache found.
  [CLV] No closing archive for 2026-04-14 and no live cache found.
  [CLV] No closing archive for 2026-04-15 and no live cache found.
  [CLV] No closing archive for 2026-04-16 and no live cache found.
  [CLV] No closing archive for 2026-04-17 and no live cache found.
  [CLV] No closing archive for 2026-04-19 and no live cache found.
  [CLV] No closing archive for 2026-04-20 and no live cache found.
  [CLV] No closing archive for 2026-05-01 and no live cache found.
  [CLV] No closing archive for 2026-05-04 and no live cache found.
  [CLV] No closing archive for 2026-05-11 and no live cache found.
  [CLV] No closing archive for 2026-05-12 and no live cache found.
  [CLV] No closing archive for 2026-05-14 and no live cache found.
  [CLV] No closing archive for 2026-05-14 and no live cache found.
  [CLV] No closing archive for 2026-05-15 and no live cache found.
  [CLV] No closing archive for 2026-05-15 and no live cache found.
  [CLV] No closing archive for 2026-05-16 and no live cache found.
  [CLV] No closing archive for 2026-05-16 and no live cache found.
  [CLV] No closing archive for 2026-05-17 and no live cache found.
  [CLV] No closing archive for 2026-05-17 and no live cache found.
  [CLV] No closing archive for 2026-05-17 and no live cache found.
  [CLV] No closing archive for 2026-05-20 and no live cache found.
  [CLV] No closing archive for 2026-05-20 and no live cache found.
  [CLV] No closing archive for 2026-05-22 and no live cache found.
  [CLV] No closing archive for 2026-05-22 and no live cache found.
  [CLV] No closing archive for 2026-05-23 and no live cache found.
  [CLV] No closing archive for 2026-05-25 and no live cache found.
  [CLV] No closing archive for 2026-05-25 and no live cache found.
  [CLV] No closing archive for 2026-05-26 and no live cache found.
  [CLV] No closing archive for 2026-05-26 and no live cache found.
  [CLV] No closing archive for 2026-05-27 and no live cache found.
  [CLV] No closing archive for 2026-05-27 and no live cache found.
  [CLV] No closing archive for 2026-05-28 and no live cache found.
  [CLV] No closing archive for 2026-05-29 and no live cache found.
  [CLV] No closing archive for 2026-05-29 and no live cache found.
  [CLV] No closing archive for 2026-05-30 and no live cache found.
  [CLV] No closing archive for 2026-05-31 and no live cache found.
  [CLV] No closing archive for 2026-05-31 and no live cache found.
  [CLV] No closing archive for 2026-06-01 and no live cache found.
  [CLV] No closing archive for 2026-06-01 and no live cache found.
  [CLV] No closing archive for 2026-06-03 and no live cache found.
  [CLV] No closing archive for 2026-06-04 and no live cache found.
  [CLV] No closing archive for 2026-06-05 and no live cache found.
  [CLV] No closing archive for 2026-06-08 and no live cache found.
  [CLV] No closing archive for 2026-06-09 and no live cache found.

════════════════════════════════════════════════════════════
  CLV REPORT — CLOSING LINE VALUE
════════════════════════════════════════════════════════════
  Total picks tracked : 3714
  Picks with CLV data : 698
  Avg CLV             : -0.13%
  % bets positive CLV : 39.3%

  VERDICT: NEUTRAL — model roughly matches closing line efficiency

  CLV by Edge Tier:
  Tier        Count   Avg CLV
  ──────────────────────────────
  UNKNOWN       698    -0.13%

  Spreads & Totals — line CLV (points moved in your favor):
  Market       N   AvgLine   Beat%    AvgPrice (matched)
  ────────────────────────────────────────────────────
  f5_total    52    +0.08p     38%         -3.90% (n=24)
  spread     133    +0.37p     41%         +1.72% (n=85)
  total       80    +0.19p     50%         -0.85% (n=27)

  Recent picks:
  Date         Team                           Open   Close      CLV
  ──────────────────────────────────────────────────────────────
  2026-06-08   Philadelphia Phillies @ Toronto Blue Jays   -125    -130    -1.0%
  2026-06-08   Cincinnati Reds @ San Diego Padres      —    -130    +4.4%
  2026-06-08   Milwaukee Brewers @ Athletics      —    +122    -6.6%
  2026-06-09   Washington Nationals           +140    +140    -0.1%
  2026-06-09   Cincinnati Reds                +126    +126    -0.2%
  2026-06-09   Milwaukee Brewers              -108    -141    +6.4%
  2026-06-09   Houston Astros                 -116    -119    +0.3%
  2026-06-09   Houston Astros @ Los Angeles Angels   +110    +105    -0.6%
  2026-06-09   Milwaukee Brewers @ Athletics   +110    +122    -4.3%
  2026-06-09   New York Yankees @ Cleveland Guardians   -108    -130    +2.5%
════════════════════════════════════════════════════════════

  Recomputing CLV for 45 archive dates...
  [CLV] No closing archive for 2026-04-13 and no live cache found.
  [CLV] No closing archive for 2026-04-14 and no live cache found.
  [CLV] No closing archive for 2026-04-15 and no live cache found.
  [CLV] No closing archive for 2026-04-16 and no live cache found.
  [CLV] No closing archive for 2026-04-17 and no live cache found.
  [CLV] No closing archive for 2026-04-19 and no live cache found.
  [CLV] No closing archive for 2026-04-20 and no live cache found.
  [CLV] No closing archive for 2026-05-01 and no live cache found.
  [CLV] No closing archive for 2026-05-04 and no live cache found.
  [CLV] No closing archive for 2026-05-11 and no live cache found.
  [CLV] No closing archive for 2026-05-12 and no live cache found.
  [CLV] No closing archive for 2026-05-14 and no live cache found.
  [CLV] No closing archive for 2026-05-14 and no live cache found.
  [CLV] No closing archive for 2026-05-15 and no live cache found.
  [CLV] No closing archive for 2026-05-15 and no live cache found.
  [CLV] No closing archive for 2026-05-16 and no live cache found.
  [CLV] No closing archive for 2026-05-16 and no live cache found.
  [CLV] No closing archive for 2026-05-17 and no live cache found.
  [CLV] No closing archive for 2026-05-17 and no live cache found.
  [CLV] No closing archive for 2026-05-17 and no live cache found.
  [CLV] No closing archive for 2026-05-20 and no live cache found.
  [CLV] No closing archive for 2026-05-20 and no live cache found.
  [CLV] No closing archive for 2026-05-22 and no live cache found.
  [CLV] No closing archive for 2026-05-22 and no live cache found.
  [CLV] No closing archive for 2026-05-23 and no live cache found.
  [CLV] No closing archive for 2026-05-25 and no live cache found.
  [CLV] No closing archive for 2026-05-25 and no live cache found.
  [CLV] No closing archive for 2026-05-26 and no live cache found.
  [CLV] No closing archive for 2026-05-26 and no live cache found.
  [CLV] No closing archive for 2026-05-27 and no live cache found.
  [CLV] No closing archive for 2026-05-27 and no live cache found.
  [CLV] No closing archive for 2026-05-28 and no live cache found.
  [CLV] No closing archive for 2026-05-29 and no live cache found.
  [CLV] No closing archive for 2026-05-29 and no live cache found.
  [CLV] No closing archive for 2026-05-30 and no live cache found.
  [CLV] No closing archive for 2026-05-31 and no live cache found.
  [CLV] No closing archive for 2026-05-31 and no live cache found.
  [CLV] No closing archive for 2026-06-01 and no live cache found.
  [CLV] No closing archive for 2026-06-01 and no live cache found.
  [CLV] No closing archive for 2026-06-03 and no live cache found.
  [CLV] No closing archive for 2026-06-04 and no live cache found.
  [CLV] No closing archive for 2026-06-05 and no live cache found.
  [CLV] No closing archive for 2026-06-08 and no live cache found.
  [CLV] No closing archive for 2026-06-09 and no live cache found.
  [CLV] No closing archive for 2026-06-10 and no live cache found.

════════════════════════════════════════════════════════════
  CLV REPORT — CLOSING LINE VALUE
════════════════════════════════════════════════════════════
  Total picks tracked : 3757
  Picks with CLV data : 717
  Avg CLV             : -0.17%
  % bets positive CLV : 38.6%

  VERDICT: NEUTRAL — model roughly matches closing line efficiency

  CLV by Edge Tier:
  Tier        Count   Avg CLV
  ──────────────────────────────
  UNKNOWN       717    -0.17%

  Spreads & Totals — line CLV (points moved in your favor):
  Market       N   AvgLine   Beat%    AvgPrice (matched)
  ────────────────────────────────────────────────────
  f5_total    68    +0.06p     37%         -3.81% (n=32)
  spread     134    +0.39p     42%         +1.72% (n=85)
  total       82    +0.16p     49%         -0.84% (n=28)

  Recent picks:
  Date         Team                           Open   Close      CLV
  ──────────────────────────────────────────────────────────────
  2026-06-09   New York Yankees @ Cleveland Guardians   -108    -110    -1.5%
  2026-06-09   Texas Rangers @ Kansas City Royals   -111    -105    -3.3%
  2026-06-10   Milwaukee Brewers              -105    -101    -1.2%
  2026-06-10   Washington Nationals           +105    -103    +1.6%
  2026-06-10   Houston Astros                 +105    -115    +4.4%
  2026-06-10   Texas Rangers @ Kansas City Royals   -102    -105    -1.2%
  2026-06-10   Houston Astros @ Los Angeles Angels   -113    -112    -2.2%
  2026-06-10   St. Louis Cardinals @ New York Mets   -115    -116    -1.7%
  2026-06-10   Seattle Mariners @ Baltimore Orioles   -105    -116    +0.4%
  2026-06-10   New York Yankees @ Cleveland Guardians   -130    -110    -6.1%
════════════════════════════════════════════════════════════

  Recomputing CLV for 46 archive dates...
  [CLV] No closing archive for 2026-04-13 and no live cache found.
  [CLV] No closing archive for 2026-04-14 and no live cache found.
  [CLV] No closing archive for 2026-04-15 and no live cache found.
  [CLV] No closing archive for 2026-04-16 and no live cache found.
  [CLV] No closing archive for 2026-04-17 and no live cache found.
  [CLV] No closing archive for 2026-04-19 and no live cache found.
  [CLV] No closing archive for 2026-04-20 and no live cache found.
  [CLV] No closing archive for 2026-05-01 and no live cache found.
  [CLV] No closing archive for 2026-05-04 and no live cache found.
  [CLV] No closing archive for 2026-05-11 and no live cache found.
  [CLV] No closing archive for 2026-05-12 and no live cache found.
  [CLV] No closing archive for 2026-05-14 and no live cache found.
  [CLV] No closing archive for 2026-05-14 and no live cache found.
  [CLV] No closing archive for 2026-05-15 and no live cache found.
  [CLV] No closing archive for 2026-05-15 and no live cache found.
  [CLV] No closing archive for 2026-05-16 and no live cache found.
  [CLV] No closing archive for 2026-05-16 and no live cache found.
  [CLV] No closing archive for 2026-05-17 and no live cache found.
  [CLV] No closing archive for 2026-05-17 and no live cache found.
  [CLV] No closing archive for 2026-05-17 and no live cache found.
  [CLV] No closing archive for 2026-05-20 and no live cache found.
  [CLV] No closing archive for 2026-05-20 and no live cache found.
  [CLV] No closing archive for 2026-05-22 and no live cache found.
  [CLV] No closing archive for 2026-05-22 and no live cache found.
  [CLV] No closing archive for 2026-05-23 and no live cache found.
  [CLV] No closing archive for 2026-05-25 and no live cache found.
  [CLV] No closing archive for 2026-05-25 and no live cache found.
  [CLV] No closing archive for 2026-05-26 and no live cache found.
  [CLV] No closing archive for 2026-05-26 and no live cache found.
  [CLV] No closing archive for 2026-05-27 and no live cache found.
  [CLV] No closing archive for 2026-05-27 and no live cache found.
  [CLV] No closing archive for 2026-05-28 and no live cache found.
  [CLV] No closing archive for 2026-05-29 and no live cache found.
  [CLV] No closing archive for 2026-05-29 and no live cache found.
  [CLV] No closing archive for 2026-05-30 and no live cache found.
  [CLV] No closing archive for 2026-05-31 and no live cache found.
  [CLV] No closing archive for 2026-05-31 and no live cache found.
  [CLV] No closing archive for 2026-06-01 and no live cache found.
  [CLV] No closing archive for 2026-06-01 and no live cache found.
  [CLV] No closing archive for 2026-06-03 and no live cache found.
  [CLV] No closing archive for 2026-06-04 and no live cache found.
  [CLV] No closing archive for 2026-06-05 and no live cache found.
  [CLV] No closing archive for 2026-06-08 and no live cache found.
  [CLV] No closing archive for 2026-06-09 and no live cache found.
  [CLV] No closing archive for 2026-06-10 and no live cache found.
  [CLV] No closing archive for 2026-06-11 and no live cache found.

════════════════════════════════════════════════════════════
  CLV REPORT — CLOSING LINE VALUE
════════════════════════════════════════════════════════════
  Total picks tracked : 3810
  Picks with CLV data : 736
  Avg CLV             : -0.19%
  % bets positive CLV : 38.2%

  VERDICT: NEUTRAL — model roughly matches closing line efficiency

  CLV by Edge Tier:
  Tier        Count   Avg CLV
  ──────────────────────────────
  UNKNOWN       736    -0.19%

  Spreads & Totals — line CLV (points moved in your favor):
  Market       N   AvgLine   Beat%    AvgPrice (matched)
  ────────────────────────────────────────────────────
  f5_total    80    +0.10p     36%         -3.72% (n=43)
  spread     134    +0.39p     42%         +1.72% (n=85)
  total       82    +0.18p     50%         -0.76% (n=29)

  Recent picks:
  Date         Team                           Open   Close      CLV
  ──────────────────────────────────────────────────────────────
  2026-06-10   Boston Red Sox                 +130    +146    -3.0%
  2026-06-10   Cincinnati Reds                +150    +150    -0.1%
  2026-06-10   Los Angeles Dodgers @ Pittsburgh Pirates   -118    -123    -1.1%
  2026-06-10   Cincinnati Reds @ San Diego Padres   -115    -139    +2.4%
  2026-06-11   Houston Astros                 +112    +112    -0.2%
  2026-06-11   Chicago Cubs                   -142    -161    +3.5%
  2026-06-11   Texas Rangers @ Kansas City Royals   +110    +113    -2.5%
  2026-06-11   St. Louis Cardinals @ New York Mets   +104    -106    +0.5%
  2026-06-11   Chicago Cubs @ Colorado Rockies   +120    +126    -2.9%
  2026-06-11   Seattle Mariners @ Baltimore Orioles   -115    -106    -3.9%
════════════════════════════════════════════════════════════

  Recomputing CLV for 47 archive dates...
  [CLV] No closing archive for 2026-04-13 and no live cache found.
  [CLV] No closing archive for 2026-04-14 and no live cache found.
  [CLV] No closing archive for 2026-04-15 and no live cache found.
  [CLV] No closing archive for 2026-04-16 and no live cache found.
  [CLV] No closing archive for 2026-04-17 and no live cache found.
  [CLV] No closing archive for 2026-04-19 and no live cache found.
  [CLV] No closing archive for 2026-04-20 and no live cache found.
  [CLV] No closing archive for 2026-05-01 and no live cache found.
  [CLV] No closing archive for 2026-05-04 and no live cache found.
  [CLV] No closing archive for 2026-05-11 and no live cache found.
  [CLV] No closing archive for 2026-05-12 and no live cache found.
  [CLV] No closing archive for 2026-05-14 and no live cache found.
  [CLV] No closing archive for 2026-05-14 and no live cache found.
  [CLV] No closing archive for 2026-05-15 and no live cache found.
  [CLV] No closing archive for 2026-05-15 and no live cache found.
  [CLV] No closing archive for 2026-05-16 and no live cache found.
  [CLV] No closing archive for 2026-05-16 and no live cache found.
  [CLV] No closing archive for 2026-05-17 and no live cache found.
  [CLV] No closing archive for 2026-05-17 and no live cache found.
  [CLV] No closing archive for 2026-05-17 and no live cache found.
  [CLV] No closing archive for 2026-05-20 and no live cache found.
  [CLV] No closing archive for 2026-05-20 and no live cache found.
  [CLV] No closing archive for 2026-05-22 and no live cache found.
  [CLV] No closing archive for 2026-05-22 and no live cache found.
  [CLV] No closing archive for 2026-05-23 and no live cache found.
  [CLV] No closing archive for 2026-05-25 and no live cache found.
  [CLV] No closing archive for 2026-05-25 and no live cache found.
  [CLV] No closing archive for 2026-05-26 and no live cache found.
  [CLV] No closing archive for 2026-05-26 and no live cache found.
  [CLV] No closing archive for 2026-05-27 and no live cache found.
  [CLV] No closing archive for 2026-05-27 and no live cache found.
  [CLV] No closing archive for 2026-05-28 and no live cache found.
  [CLV] No closing archive for 2026-05-29 and no live cache found.
  [CLV] No closing archive for 2026-05-29 and no live cache found.
  [CLV] No closing archive for 2026-05-30 and no live cache found.
  [CLV] No closing archive for 2026-05-31 and no live cache found.
  [CLV] No closing archive for 2026-05-31 and no live cache found.
  [CLV] No closing archive for 2026-06-01 and no live cache found.
  [CLV] No closing archive for 2026-06-01 and no live cache found.
  [CLV] No closing archive for 2026-06-03 and no live cache found.
  [CLV] No closing archive for 2026-06-04 and no live cache found.
  [CLV] No closing archive for 2026-06-05 and no live cache found.
  [CLV] No closing archive for 2026-06-08 and no live cache found.
  [CLV] No closing archive for 2026-06-09 and no live cache found.
  [CLV] No closing archive for 2026-06-10 and no live cache found.
  [CLV] No closing archive for 2026-06-11 and no live cache found.
  [CLV] No closing archive for 2026-06-12 and no live cache found.

════════════════════════════════════════════════════════════
  CLV REPORT — CLOSING LINE VALUE
════════════════════════════════════════════════════════════
  Total picks tracked : 3830
  Picks with CLV data : 743
  Avg CLV             : -0.21%
  % bets positive CLV : 37.8%

  VERDICT: NEUTRAL — model roughly matches closing line efficiency

  CLV by Edge Tier:
  Tier        Count   Avg CLV
  ──────────────────────────────
  UNKNOWN       743    -0.21%

  Spreads & Totals — line CLV (points moved in your favor):
  Market       N   AvgLine   Beat%    AvgPrice (matched)
  ────────────────────────────────────────────────────
  f5_total    81    +0.07p     36%         -3.79% (n=42)
  spread     134    +0.39p     42%         +1.72% (n=85)
  total       82    +0.18p     50%         -0.76% (n=29)

  Recent picks:
  Date         Team                           Open   Close      CLV
  ──────────────────────────────────────────────────────────────
  2026-06-11   Seattle Mariners               -107    -104    -1.2%
  2026-06-11   Houston Astros                 +112    +112    -0.2%
  2026-06-11   Los Angeles Dodgers            -150    -169    +2.6%
  2026-06-11   Arizona Diamondbacks           +100    +116    -3.9%
  2026-06-11   Chicago Cubs                   -142    -161    -0.3%
  2026-06-11   Texas Rangers @ Kansas City Royals   +110    +116    -3.1%
  2026-06-11   St. Louis Cardinals @ New York Mets   +104    -105    +0.3%
  2026-06-11   Chicago Cubs @ Colorado Rockies   +120    +126    -2.9%
  2026-06-11   Seattle Mariners @ Baltimore Orioles   -115    -124    -0.2%
  2026-06-11   Minnesota Twins @ Detroit Tigers   +100    +101    -2.1%
════════════════════════════════════════════════════════════

  Recomputing CLV for 49 archive dates...
  [CLV] No closing archive for 2026-04-13 and no live cache found.
  [CLV] No closing archive for 2026-04-14 and no live cache found.
  [CLV] No closing archive for 2026-04-15 and no live cache found.
  [CLV] No closing archive for 2026-04-16 and no live cache found.
  [CLV] No closing archive for 2026-04-17 and no live cache found.
  [CLV] No closing archive for 2026-04-19 and no live cache found.
  [CLV] No closing archive for 2026-04-20 and no live cache found.
  [CLV] No closing archive for 2026-05-01 and no live cache found.
  [CLV] No closing archive for 2026-05-04 and no live cache found.
  [CLV] No closing archive for 2026-05-11 and no live cache found.
  [CLV] No closing archive for 2026-05-12 and no live cache found.
  [CLV] No closing archive for 2026-05-14 and no live cache found.
  [CLV] No closing archive for 2026-05-14 and no live cache found.
  [CLV] No closing archive for 2026-05-15 and no live cache found.
  [CLV] No closing archive for 2026-05-15 and no live cache found.
  [CLV] No closing archive for 2026-05-16 and no live cache found.
  [CLV] No closing archive for 2026-05-16 and no live cache found.
  [CLV] No closing archive for 2026-05-17 and no live cache found.
  [CLV] No closing archive for 2026-05-17 and no live cache found.
  [CLV] No closing archive for 2026-05-17 and no live cache found.
  [CLV] No closing archive for 2026-05-20 and no live cache found.
  [CLV] No closing archive for 2026-05-20 and no live cache found.
  [CLV] No closing archive for 2026-05-22 and no live cache found.
  [CLV] No closing archive for 2026-05-22 and no live cache found.
  [CLV] No closing archive for 2026-05-23 and no live cache found.
  [CLV] No closing archive for 2026-05-25 and no live cache found.
  [CLV] No closing archive for 2026-05-25 and no live cache found.
  [CLV] No closing archive for 2026-05-26 and no live cache found.
  [CLV] No closing archive for 2026-05-26 and no live cache found.
  [CLV] No closing archive for 2026-05-27 and no live cache found.
  [CLV] No closing archive for 2026-05-27 and no live cache found.
  [CLV] No closing archive for 2026-05-28 and no live cache found.
  [CLV] No closing archive for 2026-05-29 and no live cache found.
  [CLV] No closing archive for 2026-05-29 and no live cache found.
  [CLV] No closing archive for 2026-05-30 and no live cache found.
  [CLV] No closing archive for 2026-05-31 and no live cache found.
  [CLV] No closing archive for 2026-05-31 and no live cache found.
  [CLV] No closing archive for 2026-06-01 and no live cache found.
  [CLV] No closing archive for 2026-06-01 and no live cache found.
  [CLV] No closing archive for 2026-06-02 and no live cache found.
  [CLV] No closing archive for 2026-06-03 and no live cache found.
  [CLV] No closing archive for 2026-06-04 and no live cache found.
  [CLV] No closing archive for 2026-06-05 and no live cache found.
  [CLV] No closing archive for 2026-06-06 and no live cache found.
  [CLV] No closing archive for 2026-06-08 and no live cache found.
  [CLV] No closing archive for 2026-06-09 and no live cache found.
  [CLV] No closing archive for 2026-06-10 and no live cache found.
  [CLV] No closing archive for 2026-06-11 and no live cache found.
  [CLV] No closing archive for 2026-06-12 and no live cache found.
  [CLV] No closing archive for 2026-06-13 and no live cache found.
  [CLV] No closing archive for 2026-06-14 and no live cache found.

════════════════════════════════════════════════════════════
  CLV REPORT — CLOSING LINE VALUE
════════════════════════════════════════════════════════════
  Total picks tracked : 4245
  Picks with CLV data : 789
  Avg CLV             : -0.26%
  % bets positive CLV : 37.0%

  VERDICT: NEUTRAL — model roughly matches closing line efficiency

  CLV by Edge Tier:
  Tier        Count   Avg CLV
  ──────────────────────────────
  UNKNOWN       789    -0.26%

  Spreads & Totals — line CLV (points moved in your favor):
  Market       N   AvgLine   Beat%    AvgPrice (matched)
  ────────────────────────────────────────────────────
  f5_total   147    +0.03p     32%         -3.97% (n=74)
  spread     135    +0.39p     42%         +1.67% (n=86)
  total       87    +0.14p     48%         -0.81% (n=31)

  Recent picks:
  Date         Team                           Open   Close      CLV
  ──────────────────────────────────────────────────────────────
  2026-06-12   Texas Rangers @ Boston Red Sox   -115    -134    +1.6%
  2026-06-12   San Diego Padres @ Baltimore Orioles   +104    +123    -5.8%
  2026-06-12   Detroit Tigers @ Cleveland Guardians   -110    -130    +2.0%
  2026-06-14   Tampa Bay Rays                 -112    -109    -1.0%
  2026-06-14   Colorado Rockies               +136    +138    -0.4%
  2026-06-14   Philadelphia Phillies @ Milwaukee Brewers   +120    -113    +5.7%
  2026-06-14   Miami Marlins @ Pittsburgh Pirates   +115    -115    +4.9%
  2026-06-14   Detroit Tigers @ Cleveland Guardians   +110    +111    -2.0%
  2026-06-14   Chicago Cubs @ San Francisco Giants   -105    +110    -5.4%
  2026-06-14   Colorado Rockies @ Athletics   +172    +189    -3.6%
════════════════════════════════════════════════════════════

  Recomputing CLV for 51 archive dates...
  [CLV] No closing archive for 2026-04-13 and no live cache found.
  [CLV] No closing archive for 2026-04-14 and no live cache found.
  [CLV] No closing archive for 2026-04-15 and no live cache found.
  [CLV] No closing archive for 2026-04-16 and no live cache found.
  [CLV] No closing archive for 2026-04-17 and no live cache found.
  [CLV] No closing archive for 2026-04-19 and no live cache found.
  [CLV] No closing archive for 2026-04-20 and no live cache found.
  [CLV] No closing archive for 2026-05-01 and no live cache found.
  [CLV] No closing archive for 2026-05-04 and no live cache found.
  [CLV] No closing archive for 2026-05-11 and no live cache found.
  [CLV] No closing archive for 2026-05-12 and no live cache found.
  [CLV] No closing archive for 2026-05-14 and no live cache found.
  [CLV] No closing archive for 2026-05-14 and no live cache found.
  [CLV] No closing archive for 2026-05-15 and no live cache found.
  [CLV] No closing archive for 2026-05-15 and no live cache found.
  [CLV] No closing archive for 2026-05-16 and no live cache found.
  [CLV] No closing archive for 2026-05-16 and no live cache found.
  [CLV] No closing archive for 2026-05-17 and no live cache found.
  [CLV] No closing archive for 2026-05-17 and no live cache found.
  [CLV] No closing archive for 2026-05-17 and no live cache found.
  [CLV] No closing archive for 2026-05-20 and no live cache found.
  [CLV] No closing archive for 2026-05-20 and no live cache found.
  [CLV] No closing archive for 2026-05-22 and no live cache found.
  [CLV] No closing archive for 2026-05-22 and no live cache found.
  [CLV] No closing archive for 2026-05-23 and no live cache found.
  [CLV] No closing archive for 2026-05-25 and no live cache found.
  [CLV] No closing archive for 2026-05-25 and no live cache found.
  [CLV] No closing archive for 2026-05-26 and no live cache found.
  [CLV] No closing archive for 2026-05-26 and no live cache found.
  [CLV] No closing archive for 2026-05-27 and no live cache found.
  [CLV] No closing archive for 2026-05-27 and no live cache found.
  [CLV] No closing archive for 2026-05-28 and no live cache found.
  [CLV] No closing archive for 2026-05-29 and no live cache found.
  [CLV] No closing archive for 2026-05-29 and no live cache found.
  [CLV] No closing archive for 2026-05-30 and no live cache found.
  [CLV] No closing archive for 2026-05-31 and no live cache found.
  [CLV] No closing archive for 2026-05-31 and no live cache found.
  [CLV] No closing archive for 2026-06-01 and no live cache found.
  [CLV] No closing archive for 2026-06-01 and no live cache found.
  [CLV] No closing archive for 2026-06-02 and no live cache found.
  [CLV] No closing archive for 2026-06-03 and no live cache found.
  [CLV] No closing archive for 2026-06-04 and no live cache found.
  [CLV] No closing archive for 2026-06-05 and no live cache found.
  [CLV] No closing archive for 2026-06-06 and no live cache found.
  [CLV] No closing archive for 2026-06-08 and no live cache found.
  [CLV] No closing archive for 2026-06-09 and no live cache found.
  [CLV] No closing archive for 2026-06-10 and no live cache found.
  [CLV] No closing archive for 2026-06-11 and no live cache found.
  [CLV] No closing archive for 2026-06-12 and no live cache found.
  [CLV] No closing archive for 2026-06-13 and no live cache found.
  [CLV] No closing archive for 2026-06-14 and no live cache found.

════════════════════════════════════════════════════════════
  CLV REPORT — CLOSING LINE VALUE
════════════════════════════════════════════════════════════
  Total picks tracked : 4327
  Picks with CLV data : 809
  Avg CLV             : -0.31%
  % bets positive CLV : 36.6%

  VERDICT: NEUTRAL — model roughly matches closing line efficiency

  CLV by Edge Tier:
  Tier        Count   Avg CLV
  ──────────────────────────────
  UNKNOWN       809    -0.31%

  Spreads & Totals — line CLV (points moved in your favor):
  Market       N   AvgLine   Beat%    AvgPrice (matched)
  ────────────────────────────────────────────────────
  f5_total   157    +0.02p     31%         -3.92% (n=81)
  spread     135    +0.39p     42%         +1.67% (n=86)
  total       88    +0.13p     49%         +0.41% (n=32)

  Recent picks:
  Date         Team                           Open   Close      CLV
  ──────────────────────────────────────────────────────────────
  2026-06-15   Belgium                       +5000   +5000    -0.0%
  2026-06-15   Egypt                         +4000   +4000    +0.0%
  2026-06-15   New Zealand                    +410   +1100   -11.3%
  2026-06-15   Draw                           +340   +1100   -14.4%
  2026-06-16   Los Angeles Angels             +125    +129    -0.8%
  2026-06-16   Tampa Bay Rays                 +160    +164    -0.7%
  2026-06-16   Pittsburgh Pirates             +105    +114    -2.4%
  2026-06-16   Los Angeles Angels @ Arizona Diamondbacks   -115    -111    -2.8%
  2026-06-16   Miami Marlins @ Philadelphia Phillies   -115    -107    -3.7%
  2026-06-16   New York Mets @ Cincinnati Reds   -130    +115   -11.7%
════════════════════════════════════════════════════════════

