
  ── Deploy Picks → Vercel  [2026-05-27 13:15] ──────────────────────
  ▸ Refreshing public_stats.json...
  ✓ Stats refreshed → web/public/data/public_stats.json
  ✓ Committed: picks: 2026-05-27
  ✗ Push failed: fatal: could not read Username for 'https://github.com': Device not configured


  📲 20 picks now live for subscribers:
     MLB  Tampa Bay Rays                  -102     edge 16.7%
     MLB  Colorado Rockies                +340     edge 16.4%
     MLB  Houston Astros                  +140     edge 15.9%
     MLB  Miami Marlins                   +136     edge 14.9%
     MLB  New York Yankees                -149     edge 14.7%
     ... and 15 more


  ── Deploy Picks → Vercel  [2026-05-28 13:18] ──────────────────────
  ▸ Refreshing public_stats.json...
  ✓ Stats refreshed → web/public/data/public_stats.json
  ✓ Committed: picks: 2026-05-28
  ✗ Push failed: fatal: could not read Username for 'https://github.com': Device not configured


  📲 6 picks now live for subscribers:
     MLB  Toronto Blue Jays               +110     edge 19.1%
     MLB  Chicago Cubs                    +146     edge 17.3%
     MLB  Minnesota Twins                 +138     edge 13.5%
     NBA  OVER 220.5                      -105     edge 12.4%
     MLB  Atlanta Braves                  -128     edge 9.1%
     ... and 1 more


  ── Deploy Picks → Vercel  [2026-05-28 22:36] ──────────────────────
  ▸ Refreshing public_stats.json...
  ✓ Stats refreshed → web/public/data/public_stats.json
  ✓ Committed: picks: 2026-05-28 MLB
  ✗ Push failed: fatal: could not read Username for 'https://github.com': Device not configured



  ── Deploy Picks → Vercel  [2026-05-28 22:46] ──────────────────────
  ▸ Refreshing public_stats.json...
  ✓ Stats refreshed → web/public/data/public_stats.json
  ✓ Committed: picks: 2026-05-28 NBA
  ✗ Push failed: fatal: could not read Username for 'https://github.com': Device not configured



  ── Deploy Picks → Vercel  [2026-05-29 13:15] ──────────────────────
  ▸ Refreshing public_stats.json...
  ✓ Stats refreshed → web/public/data/public_stats.json
  ✓ Committed: picks: 2026-05-29
  ✗ Push failed: fatal: could not read Username for 'https://github.com': Device not configured


  📲 17 picks now live for subscribers:
     MLB  Kansas City Royals              +108     edge 19.0%
     MLB  Boston Red Sox                  +102     edge 18.3%
     MLB  San Diego Padres                -110     edge 16.9%
     MLB  San Francisco Giants            -159     edge 16.4%
     NBA  OVER 215.5                      -110     edge 15.8%
     ... and 12 more


  ── Deploy Picks → Vercel  [2026-05-29 22:46] ──────────────────────
  ▸ Refreshing public_stats.json...
  ✓ Stats refreshed → web/public/data/public_stats.json
  ✓ Committed: picks: 2026-05-29 NBA
  ✗ Push failed: fatal: could not read Username for 'https://github.com': Device not configured


  📲 14 picks now live for subscribers:
     MLB  Kansas City Royals              +108     edge 19.0%
     MLB  San Diego Padres                -110     edge 16.9%
     MLB  San Francisco Giants            -159     edge 16.4%
     NBA  OVER 215.5                      -110     edge 15.8%
     MLB  Minnesota Twins                 +115     edge 15.7%
     ... and 9 more


  ── Deploy Picks → Vercel  [2026-05-30 13:15] ──────────────────────
  ▸ Refreshing public_stats.json...
  ✓ Stats refreshed → web/public/data/public_stats.json
  ✓ Committed: picks: 2026-05-30
  ✗ Push failed: fatal: could not read Username for 'https://github.com': Device not configured


  📲 4 picks now live for subscribers:
     NBA  OVER 213.0                      -109     edge 15.9%
     MLB  OVER 7.5                        -109     edge 3.6%
     MLB  UNDER 9.5                       +100     edge 1.5%
     MLB  OVER 7.0                        +115     edge 1.0%


  ── Deploy Picks → Vercel  [2026-05-30 22:36] ──────────────────────
  ▸ Refreshing public_stats.json...
  ✓ Stats refreshed → web/public/data/public_stats.json
  ✓ Committed: picks: 2026-05-30 MLB
  ✗ Push failed: fatal: could not read Username for 'https://github.com': Device not configured


  📲 1 picks now live for subscribers:
     MLB  UNDER 9.5                       +100     edge 1.5%


  ── Deploy Picks → Vercel  [2026-05-30 22:46] ──────────────────────
  ▸ Refreshing public_stats.json...
  ✓ Stats refreshed → web/public/data/public_stats.json
  ✓ Committed: picks: 2026-05-30 NBA
  ✗ Push failed: fatal: could not read Username for 'https://github.com': Device not configured


  📲 1 picks now live for subscribers:
     MLB  UNDER 9.5                       +100     edge 1.5%


  ── Deploy Picks → Vercel  [2026-05-31 13:17] ──────────────────────
  ▸ Refreshing public_stats.json...
  ✓ Stats refreshed → web/public/data/public_stats.json
  ✓ Committed: picks: 2026-05-31
  ✗ Push failed: fatal: could not read Username for 'https://github.com': Device not configured


  📲 10 picks now live for subscribers:
     NBA  OVER 217.5                      -105     edge 15.4%
     NBA  OVER 218.5                      -105     edge 14.9%
     NHL  Under 5.5                       +102     edge 9.0%
     MLB  OVER 7.5                        -110     edge 3.6%
     MLB  UNDER 10.0                      +100     edge 2.4%
     ... and 5 more


  ── Deploy Picks → Vercel  [2026-05-31 22:36] ──────────────────────
  ▸ Refreshing public_stats.json...
  ✓ Stats refreshed → web/public/data/public_stats.json
  ✓ Committed: picks: 2026-05-31 MLB
  ✗ Push failed: fatal: could not read Username for 'https://github.com': Device not configured


  📲 3 picks now live for subscribers:
     NBA  OVER 217.5                      -105     edge 15.4%
     NBA  OVER 218.5                      -105     edge 14.9%
     NHL  Under 5.5                       +102     edge 9.0%


  ── Deploy Picks → Vercel  [2026-05-31 22:46] ──────────────────────
  ▸ Refreshing public_stats.json...
  ✓ Stats refreshed → web/public/data/public_stats.json
  ✓ Committed: picks: 2026-05-31 NBA
  ✗ Push failed: fatal: could not read Username for 'https://github.com': Device not configured


  📲 3 picks now live for subscribers:
     NBA  OVER 217.5                      -105     edge 15.4%
     NBA  OVER 218.5                      -105     edge 14.9%
     NHL  Under 5.5                       +102     edge 9.0%


  ── Deploy Picks → Vercel  [2026-06-01 22:36] ──────────────────────
  ▸ Refreshing public_stats.json...
  ✓ Stats refreshed → web/public/data/public_stats.json
  ✓ Committed: picks: 2026-06-01 MLB
  ✗ Push failed: fatal: could not read Username for 'https://github.com': Device not configured



  ── Deploy Picks → Vercel  [2026-06-01 22:46] ──────────────────────
  ▸ Refreshing public_stats.json...
  ✓ Stats refreshed → web/public/data/public_stats.json
  ✓ Committed: picks: 2026-06-01 NBA
  ✗ Push failed: fatal: could not read Username for 'https://github.com': Device not configured



  ── Deploy Picks → Vercel  [2026-06-02 13:15] ──────────────────────
  ▸ Refreshing public_stats.json...
  ✓ Stats refreshed → web/public/data/public_stats.json
  ✓ Committed: picks: 2026-06-02
  ✗ Push failed: fatal: could not read Username for 'https://github.com': Device not configured


  📲 7 picks now live for subscribers:
     NHL  Under 5.5                       +100     edge 8.9%
     MLB  OVER 9.0                        -105     edge 2.7%
     MLB  OVER 7.5                        +100     edge 1.5%
     MLB  OVER 8.0                        +105     edge 1.5%
     MLB  UNDER 8.5                       -105     edge 1.3%
     ... and 2 more


  ── Deploy Picks → Vercel  [2026-06-05 13:17] ──────────────────────
  ▸ Refreshing public_stats.json...
  ✓ Stats refreshed → web/public/data/public_stats.json
  ✓ Committed: picks: 2026-06-05
  ✗ Push failed: fatal: could not read Username for 'https://github.com': Device not configured


  📲 6 picks now live for subscribers:
     NBA  OVER 215.0                      -109     edge 15.8%
     NBA  OVER 216.5                      -105     edge 15.7%
     MLB  Chicago White Sox               +168     edge 12.0%
     MLB  UNDER 11.0                      +105     edge 3.0%
     MLB  OVER 7.5                        -114     edge 1.8%
     ... and 1 more


  ── Deploy Picks → Vercel  [2026-06-06 13:15] ──────────────────────
  ▸ Refreshing public_stats.json...
  ✓ Stats refreshed → web/public/data/public_stats.json
  ✓ Committed: picks: 2026-06-06
  ✗ Push failed: fatal: could not read Username for 'https://github.com': Device not configured


  📲 8 picks now live for subscribers:
     NHL  Carolina Hurricanes +1.5        -275     edge 11.5%
     MLB  OVER 7.5                        -110     edge 2.1%
     MLB  OVER 10.5                       -102     edge 1.8%
     MLB  OVER 8.0                        +105     edge 1.6%
     MLB  UNDER 9.5                       -114     edge 1.4%
     ... and 3 more


  ── Deploy Picks → Vercel  [2026-06-06 22:36] ──────────────────────
  ▸ Refreshing public_stats.json...
  ✓ Stats refreshed → web/public/data/public_stats.json
  ✓ Committed: picks: 2026-06-06 MLB
  ✗ Push failed: fatal: could not read Username for 'https://github.com': Device not configured


  📲 2 picks now live for subscribers:
     NHL  Carolina Hurricanes +1.5        -275     edge 11.5%
     MLB  OVER 10.5                       -102     edge 1.8%


  ── Deploy Picks → Vercel  [2026-06-06 22:46] ──────────────────────
  ▸ Refreshing public_stats.json...
  ✓ Stats refreshed → web/public/data/public_stats.json
  ✓ Committed: picks: 2026-06-06 NBA
  ✗ Push failed: fatal: could not read Username for 'https://github.com': Device not configured


  📲 2 picks now live for subscribers:
     NHL  Carolina Hurricanes +1.5        -275     edge 11.5%
     MLB  OVER 10.5                       -102     edge 1.8%


  ── Deploy Picks → Vercel  [2026-06-07 13:15] ──────────────────────
  ▸ Refreshing public_stats.json...
  ✓ Stats refreshed → web/public/data/public_stats.json
  ✓ Committed: picks: 2026-06-07
  ✗ Push failed: fatal: could not read Username for 'https://github.com': Device not configured


  📲 4 picks now live for subscribers:
     MLB  UNDER 8.5                       +100     edge 2.0%
     MLB  UNDER 9.5                       +100     edge 1.7%
     MLB  UNDER 9.0                       +115     edge 1.2%
     MLB  OVER 8.0                        +110     edge 1.1%


  ── Deploy Picks → Vercel  [2026-06-07 22:36] ──────────────────────
  ▸ Refreshing public_stats.json...
  ✓ Stats refreshed → web/public/data/public_stats.json
  ✓ Committed: picks: 2026-06-07 MLB
  ✗ Push failed: fatal: could not read Username for 'https://github.com': Device not configured


  📲 1 picks now live for subscribers:
     MLB  OVER 8.0                        +110     edge 1.1%


  ── Deploy Picks → Vercel  [2026-06-07 22:46] ──────────────────────
  ▸ Refreshing public_stats.json...
  ✓ Stats refreshed → web/public/data/public_stats.json
  ✓ Committed: picks: 2026-06-07 NBA
  ✗ Push failed: fatal: could not read Username for 'https://github.com': Device not configured


  📲 1 picks now live for subscribers:
     MLB  OVER 8.0                        +110     edge 1.1%


  ── Deploy Picks → Vercel  [2026-06-08 13:15] ──────────────────────
  ▸ Refreshing public_stats.json...
  ✓ Stats refreshed → web/public/data/public_stats.json
  ✓ Committed: picks: 2026-06-08
  ✗ Push failed: fatal: could not read Username for 'https://github.com': Device not configured


  📲 5 picks now live for subscribers:
     NBA  OVER 216.5                      -105     edge 15.2%
     MLB  UNDER 11.0                      +110     edge 2.4%
     MLB  UNDER 10.5                      +105     edge 2.1%
     MLB  OVER 9.0                        -107     edge 1.2%
     MLB  UNDER 8.0                       +105     edge 1.1%


  ── Deploy Picks → Vercel  [2026-06-08 22:36] ──────────────────────
  ▸ Refreshing public_stats.json...
  ✓ Stats refreshed → web/public/data/public_stats.json
  ✓ Committed: picks: 2026-06-08 MLB
  ✗ Push failed: fatal: could not read Username for 'https://github.com': Device not configured


  📲 4 picks now live for subscribers:
     NBA  OVER 216.5                      -105     edge 15.2%
     MLB  UNDER 11.0                      +110     edge 2.4%
     MLB  UNDER 10.5                      +105     edge 2.1%
     MLB  OVER 9.0                        -107     edge 1.2%


  ── Deploy Picks → Vercel  [2026-06-08 22:46] ──────────────────────
  ▸ Refreshing public_stats.json...
  ✓ Stats refreshed → web/public/data/public_stats.json
  ✓ Committed: picks: 2026-06-08 NBA
  ✗ Push failed: fatal: could not read Username for 'https://github.com': Device not configured


  📲 4 picks now live for subscribers:
     NBA  OVER 216.5                      -105     edge 15.2%
     MLB  UNDER 11.0                      +110     edge 2.4%
     MLB  UNDER 10.5                      +105     edge 2.1%
     MLB  OVER 9.0                        -107     edge 1.2%


  ── Deploy Picks → Vercel  [2026-06-09 13:15] ──────────────────────
  ▸ Refreshing public_stats.json...
  ✓ Stats refreshed → web/public/data/public_stats.json
  ✓ Committed: picks: 2026-06-09
  ✗ Push failed: fatal: could not read Username for 'https://github.com': Device not configured


  📲 2 picks now live for subscribers:
     NHL  Under 6.0                       -110     edge 5.9%
     MLB  UNDER 13.0                      +105     edge 4.5%


  ── Deploy Picks → Vercel  [2026-06-09 22:36] ──────────────────────
  ▸ Refreshing public_stats.json...
  ✓ Stats refreshed → web/public/data/public_stats.json
  ✓ Committed: picks: 2026-06-09 MLB
  ✗ Push failed: fatal: could not read Username for 'https://github.com': Device not configured


  📲 2 picks now live for subscribers:
     NHL  Under 6.0                       -110     edge 5.9%
     MLB  UNDER 13.0                      +105     edge 4.5%


  ── Deploy Picks → Vercel  [2026-06-09 22:46] ──────────────────────
  ▸ Refreshing public_stats.json...
  ✓ Stats refreshed → web/public/data/public_stats.json
  ✓ Committed: picks: 2026-06-09 NBA
  ✗ Push failed: fatal: could not read Username for 'https://github.com': Device not configured


  📲 2 picks now live for subscribers:
     NHL  Under 6.0                       -110     edge 5.9%
     MLB  UNDER 13.0                      +105     edge 4.5%


  ── Deploy Picks → Vercel  [2026-06-10 13:15] ──────────────────────
  ▸ Refreshing public_stats.json...
  ✓ Stats refreshed → web/public/data/public_stats.json
  ✓ Committed: picks: 2026-06-10
  ✗ Push failed: fatal: could not read Username for 'https://github.com': Device not configured


  📲 2 picks now live for subscribers:
     NBA  OVER 216.5                      -109     edge 15.4%
     MLB  UNDER 14.0                      -105     edge 5.3%


  ── Deploy Picks → Vercel  [2026-06-10 22:36] ──────────────────────
  ▸ Refreshing public_stats.json...
  ✓ Stats refreshed → web/public/data/public_stats.json
  ✓ Committed: picks: 2026-06-10 MLB
  ✗ Push failed: fatal: could not read Username for 'https://github.com': Device not configured


  📲 2 picks now live for subscribers:
     NBA  OVER 216.5                      -109     edge 15.4%
     MLB  UNDER 14.0                      -105     edge 5.3%


  ── Deploy Picks → Vercel  [2026-06-10 22:46] ──────────────────────
  ▸ Refreshing public_stats.json...
  ✓ Stats refreshed → web/public/data/public_stats.json
  ✓ Committed: picks: 2026-06-10 NBA
  ✗ Push failed: fatal: could not read Username for 'https://github.com': Device not configured


  📲 2 picks now live for subscribers:
     NBA  OVER 216.5                      -109     edge 15.4%
     MLB  UNDER 14.0                      -105     edge 5.3%


  ── Deploy Picks → Vercel  [2026-06-11 13:15] ──────────────────────
  ▸ Refreshing public_stats.json...
  ✓ Stats refreshed → web/public/data/public_stats.json
  ✓ Committed: picks: 2026-06-11
  ✗ Push failed: fatal: could not read Username for 'https://github.com': Device not configured


  📲 2 picks now live for subscribers:
     MLB  Chicago Cubs                    -142     edge 8.2%
     NHL  Under 6.0                       -102     edge 6.4%


  ── Deploy Picks → Vercel  [2026-06-11 22:36] ──────────────────────
  ▸ Refreshing public_stats.json...
  ✓ Stats refreshed → web/public/data/public_stats.json
  ✓ Committed: picks: 2026-06-11 MLB
  ✗ Push failed: fatal: could not read Username for 'https://github.com': Device not configured


  📲 1 picks now live for subscribers:
     NHL  Under 6.0                       -102     edge 6.4%


  ── Deploy Picks → Vercel  [2026-06-11 22:46] ──────────────────────
  ▸ Refreshing public_stats.json...
  ✓ Stats refreshed → web/public/data/public_stats.json
  ✓ Committed: picks: 2026-06-11 NBA
  ✗ Push failed: fatal: could not read Username for 'https://github.com': Device not configured


  📲 1 picks now live for subscribers:
     NHL  Under 6.0                       -102     edge 6.4%


  ── Deploy Picks → Vercel  [2026-06-12 13:15] ──────────────────────
  ▸ Refreshing public_stats.json...
  ✓ Stats refreshed → web/public/data/public_stats.json
  ✓ Committed: picks: 2026-06-12
  ✗ Push failed: fatal: could not read Username for 'https://github.com': Device not configured


  📲 2 picks now live for subscribers:
     MLB  Chicago Cubs                    -104     edge 12.8%
     MLB  UNDER 13.5                      -105     edge 5.7%


  ── Deploy Picks → Vercel  [2026-06-13 13:15] ──────────────────────
  ▸ Refreshing public_stats.json...
  ✓ Stats refreshed → web/public/data/public_stats.json
  ✓ Committed: picks: 2026-06-13
  ✗ Push failed: fatal: could not read Username for 'https://github.com': Device not configured


  📲 4 picks now live for subscribers:
     MLB  Chicago Cubs                    -125     edge 16.4%
     NBA  OVER 217.0                      -108     edge 14.2%
     NBA  OVER 216.5                      -110     edge 13.9%
     MLB  UNDER 14.0                      +105     edge 7.4%


  ── Deploy Picks → Vercel  [2026-06-13 22:36] ──────────────────────
  ▸ Refreshing public_stats.json...
  ✓ Stats refreshed → web/public/data/public_stats.json
  ✓ Committed: picks: 2026-06-13 MLB
  ✗ Push failed: fatal: could not read Username for 'https://github.com': Device not configured


  📲 4 picks now live for subscribers:
     MLB  Chicago Cubs                    -125     edge 16.4%
     NBA  OVER 217.0                      -108     edge 14.2%
     NBA  OVER 216.5                      -110     edge 13.9%
     MLB  UNDER 14.0                      +105     edge 7.4%


  ── Deploy Picks → Vercel  [2026-06-13 22:46] ──────────────────────
  ▸ Refreshing public_stats.json...
  ✓ Stats refreshed → web/public/data/public_stats.json
  ✓ Committed: picks: 2026-06-13 NBA
  ✗ Push failed: fatal: could not read Username for 'https://github.com': Device not configured


  📲 4 picks now live for subscribers:
     MLB  Chicago Cubs                    -125     edge 16.4%
     NBA  OVER 217.0                      -108     edge 14.2%
     NBA  OVER 216.5                      -110     edge 13.9%
     MLB  UNDER 14.0                      +105     edge 7.4%


  ── Deploy Picks → Vercel  [2026-06-14 13:17] ──────────────────────
  ▸ Refreshing public_stats.json...
  ✓ Stats refreshed → web/public/data/public_stats.json
  ✓ Committed: picks: 2026-06-14
  ✗ Push failed: fatal: could not read Username for 'https://github.com': Device not configured


  📲 3 picks now live for subscribers:
     MLB  Chicago Cubs                    +120     edge 19.9%
     MLB  St. Louis Cardinals             +100     edge 14.5%
     MLB  UNDER 14.0                      -105     edge 6.8%


  ── Deploy Picks → Vercel  [2026-06-14 22:39] ──────────────────────
  ▸ Refreshing public_stats.json...
  ✓ Stats refreshed → web/public/data/public_stats.json
  ✓ Committed: picks: 2026-06-14 MLB
  ✗ Push failed: fatal: could not read Username for 'https://github.com': Device not configured



  ── Deploy Picks → Vercel  [2026-06-14 22:49] ──────────────────────
  ▸ Refreshing public_stats.json...
  ✓ Stats refreshed → web/public/data/public_stats.json
  ✓ Committed: picks: 2026-06-14 NBA
  ✗ Push failed: fatal: could not read Username for 'https://github.com': Device not configured


