
  ════════════════════════════════════════════════════════════════
  BET GATES CHECK — 2026-05-26 23:00 ET
  ════════════════════════════════════════════════════════════════

  ── MLB Lineup Check ─────────────────────────────────────
  ✅ Washington Nationals @ Cleveland Guardians — lineups confirmed  ✅ BET TOTALS/PROPS
  ✅ Tampa Bay Rays @ Baltimore Orioles — lineups confirmed  ✅ BET TOTALS/PROPS
  ✅ Los Angeles Angels @ Detroit Tigers — lineups confirmed  ✅ BET TOTALS/PROPS
  ✅ Chicago Cubs @ Pittsburgh Pirates — lineups confirmed  ✅ BET TOTALS/PROPS
  ✅ Atlanta Braves @ Boston Red Sox — lineups confirmed  ✅ BET TOTALS/PROPS
  ✅ Miami Marlins @ Toronto Blue Jays — lineups confirmed  ✅ BET TOTALS/PROPS
  ✅ Cincinnati Reds @ New York Mets — lineups confirmed  ✅ BET TOTALS/PROPS
  ✅ Minnesota Twins @ Chicago White Sox — lineups confirmed  ✅ BET TOTALS/PROPS
  ✅ New York Yankees @ Kansas City Royals — lineups confirmed  ✅ BET TOTALS/PROPS
  ✅ St. Louis Cardinals @ Milwaukee Brewers — lineups confirmed  ✅ BET TOTALS/PROPS
  ✅ Houston Astros @ Texas Rangers — lineups confirmed  ✅ BET TOTALS/PROPS
  ✅ Seattle Mariners @ Athletics — lineups confirmed  ✅ BET TOTALS/PROPS
  ✅ Philadelphia Phillies @ San Diego Padres — lineups confirmed  ✅ BET TOTALS/PROPS
  ✅ Arizona Diamondbacks @ San Francisco Giants — lineups confirmed  ✅ BET TOTALS/PROPS
  ✅ Colorado Rockies @ Los Angeles Dodgers — lineups confirmed  ✅ BET TOTALS/PROPS

  ════════════════════════════════════════════════════════════════
  PICK-BY-PICK BET STATUS
  ────────────────────────────────────────────────────────────────

  MLB
    ✅ BET NOW                                   Colorado Rockies              +270    edge 17.1%
    ✅ BET NOW                                   Seattle Mariners              -115    edge 10.2%
    ✅ BET NOW                                   UNDER 8.0                     +100    edge 2.6%
    ✅ BET NOW                                   UNDER 10.5                    -105    edge 4.0%
    ✅ BET NOW                                   OVER 8.0                      -105    edge 1.5%
    ✅ BET NOW                                   UNDER 9.0                     +105    edge 1.9%

  ════════════════════════════════════════════════════════════════
  Re-run 'python3 chef.py gates' to refresh trigger status.


  ════════════════════════════════════════════════════════════════
  BET GATES CHECK — 2026-05-27 21:00 ET
  ════════════════════════════════════════════════════════════════

  ── NHL Goalie Check ─────────────────────────────────────
  ⏳ Carolina Hurricanes at Montreal Canadiens — T--120min, goalies NOT confirmed yet — HOLD totals

  ── MLB Lineup Check ─────────────────────────────────────
  ✅ Miami Marlins @ Toronto Blue Jays — lineups confirmed  ✅ BET TOTALS/PROPS
  ✅ Washington Nationals @ Cleveland Guardians — lineups confirmed  ✅ BET TOTALS/PROPS
  ✅ St. Louis Cardinals @ Milwaukee Brewers — lineups confirmed  ✅ BET TOTALS/PROPS
  ✅ Seattle Mariners @ Athletics — lineups confirmed  ✅ BET TOTALS/PROPS
  ✅ Arizona Diamondbacks @ San Francisco Giants — lineups confirmed  ✅ BET TOTALS/PROPS
  ✅ Philadelphia Phillies @ San Diego Padres — lineups confirmed  ✅ BET TOTALS/PROPS
  ✅ Tampa Bay Rays @ Baltimore Orioles — lineups confirmed  ✅ BET TOTALS/PROPS
  ✅ Los Angeles Angels @ Detroit Tigers — lineups confirmed  ✅ BET TOTALS/PROPS
  ✅ Chicago Cubs @ Pittsburgh Pirates — lineups confirmed  ✅ BET TOTALS/PROPS
  ✅ Atlanta Braves @ Boston Red Sox — lineups confirmed  ✅ BET TOTALS/PROPS
  ✅ Cincinnati Reds @ New York Mets — lineups confirmed  ✅ BET TOTALS/PROPS
  ✅ Minnesota Twins @ Chicago White Sox — lineups confirmed  ✅ BET TOTALS/PROPS
  ✅ New York Yankees @ Kansas City Royals — lineups confirmed  ✅ BET TOTALS/PROPS
  ✅ Houston Astros @ Texas Rangers — lineups confirmed  ✅ BET TOTALS/PROPS
  ✅ Colorado Rockies @ Los Angeles Dodgers — lineups confirmed  ✅ BET TOTALS/PROPS

  ════════════════════════════════════════════════════════════════
  PICK-BY-PICK BET STATUS
  ────────────────────────────────────────────────────────────────

  MLB
    ✅ BET NOW                                   New York Yankees              -149    edge 14.7%
    ✅ BET NOW                                   Houston Astros                +140    edge 15.9%
    ✅ BET NOW                                   Cincinnati Reds               +105    edge 12.1%
    ✅ BET NOW                                   Minnesota Twins               +110    edge 9.1%
    ✅ BET NOW                                   OVER 7.5                      -115    edge 1.0%
    ✅ BET NOW                                   UNDER 8.0                     -103    edge 1.3%
    ✅ BET NOW                                   Colorado Rockies              +340    edge 16.4%
    ✅ BET NOW                                   OVER 7.0                      +110    edge 1.4%

  NHL
    ✅ BET NOW                                   Carolina Hurricanes           -142    edge 12.1%

  ════════════════════════════════════════════════════════════════
  Re-run 'python3 chef.py gates' to refresh trigger status.


  ════════════════════════════════════════════════════════════════
  BET GATES CHECK — 2026-05-28 22:00 ET
  ════════════════════════════════════════════════════════════════

  ── NBA Inactives Check ──────────────────────────────────
  📋 Oklahoma City Thunder at San Antonio Spurs — T--150min, no inactives yet (healthy roster or not posted)

  ════════════════════════════════════════════════════════════════
  PICK-BY-PICK BET STATUS
  ────────────────────────────────────────────────────────────────

  NBA
    ✅ BET NOW  (trigger: inactives ✓)           OVER 220.5                    -105    edge 12.4%

  ════════════════════════════════════════════════════════════════
  Re-run 'python3 chef.py gates' to refresh trigger status.


  ════════════════════════════════════════════════════════════════
  BET GATES CHECK — 2026-05-28 23:00 ET
  ════════════════════════════════════════════════════════════════

  ℹ  No pending card picks found for today.


  ════════════════════════════════════════════════════════════════
  BET GATES CHECK — 2026-05-30 21:02 ET
  ════════════════════════════════════════════════════════════════

  ── NBA Inactives Check ──────────────────────────────────
  📋 San Antonio Spurs at Oklahoma City Thunder — T--122min, no inactives yet (healthy roster or not posted)

  ── MLB Lineup Check ─────────────────────────────────────
  ✅ Detroit Tigers @ Chicago White Sox — lineups confirmed  ✅ BET TOTALS/PROPS
  ✅ San Diego Padres @ Washington Nationals — lineups confirmed  ✅ BET TOTALS/PROPS
  ✅ Kansas City Royals @ Texas Rangers — lineups confirmed  ✅ BET TOTALS/PROPS
  ✅ Toronto Blue Jays @ Baltimore Orioles — lineups confirmed  ✅ BET TOTALS/PROPS
  ✅ Minnesota Twins @ Pittsburgh Pirates — lineups confirmed  ✅ BET TOTALS/PROPS
  ✅ Boston Red Sox @ Cleveland Guardians — lineups confirmed  ✅ BET TOTALS/PROPS
  ✅ Los Angeles Angels @ Tampa Bay Rays — lineups confirmed  ✅ BET TOTALS/PROPS
  ✅ Miami Marlins @ New York Mets — lineups confirmed  ✅ BET TOTALS/PROPS
  ✅ Milwaukee Brewers @ Houston Astros — lineups confirmed  ✅ BET TOTALS/PROPS
  ✅ Chicago Cubs @ St. Louis Cardinals — lineups confirmed  ✅ BET TOTALS/PROPS
  ✅ Atlanta Braves @ Cincinnati Reds — lineups confirmed  ✅ BET TOTALS/PROPS
  ✅ San Francisco Giants @ Colorado Rockies — lineups confirmed  ✅ BET TOTALS/PROPS
  ✅ New York Yankees @ Athletics — lineups confirmed  ✅ BET TOTALS/PROPS
  ✅ Arizona Diamondbacks @ Seattle Mariners — lineups confirmed  ✅ BET TOTALS/PROPS
  ✅ Philadelphia Phillies @ Los Angeles Dodgers — lineups confirmed  ✅ BET TOTALS/PROPS

  ════════════════════════════════════════════════════════════════
  PICK-BY-PICK BET STATUS
  ────────────────────────────────────────────────────────────────

  MLB
    ✅ BET NOW                                   UNDER 9.5                     +100    edge 1.5%

  NBA
    ✅ BET NOW  (trigger: inactives ✓)           OVER 213.0                    -109    edge 15.9%

  ════════════════════════════════════════════════════════════════
  Re-run 'python3 chef.py gates' to refresh trigger status.


  ════════════════════════════════════════════════════════════════
  BET GATES CHECK — 2026-05-30 23:00 ET
  ════════════════════════════════════════════════════════════════

  ── MLB Lineup Check ─────────────────────────────────────
  ✅ Detroit Tigers @ Chicago White Sox — lineups confirmed  ✅ BET TOTALS/PROPS
  ✅ San Diego Padres @ Washington Nationals — lineups confirmed  ✅ BET TOTALS/PROPS
  ✅ Kansas City Royals @ Texas Rangers — lineups confirmed  ✅ BET TOTALS/PROPS
  ✅ Toronto Blue Jays @ Baltimore Orioles — lineups confirmed  ✅ BET TOTALS/PROPS
  ✅ Minnesota Twins @ Pittsburgh Pirates — lineups confirmed  ✅ BET TOTALS/PROPS
  ✅ Boston Red Sox @ Cleveland Guardians — lineups confirmed  ✅ BET TOTALS/PROPS
  ✅ Los Angeles Angels @ Tampa Bay Rays — lineups confirmed  ✅ BET TOTALS/PROPS
  ✅ Miami Marlins @ New York Mets — lineups confirmed  ✅ BET TOTALS/PROPS
  ✅ Milwaukee Brewers @ Houston Astros — lineups confirmed  ✅ BET TOTALS/PROPS
  ✅ Chicago Cubs @ St. Louis Cardinals — lineups confirmed  ✅ BET TOTALS/PROPS
  ✅ Atlanta Braves @ Cincinnati Reds — lineups confirmed  ✅ BET TOTALS/PROPS
  ✅ San Francisco Giants @ Colorado Rockies — lineups confirmed  ✅ BET TOTALS/PROPS
  ✅ New York Yankees @ Athletics — lineups confirmed  ✅ BET TOTALS/PROPS
  ✅ Arizona Diamondbacks @ Seattle Mariners — lineups confirmed  ✅ BET TOTALS/PROPS
  ✅ Philadelphia Phillies @ Los Angeles Dodgers — lineups confirmed  ✅ BET TOTALS/PROPS

  ════════════════════════════════════════════════════════════════
  PICK-BY-PICK BET STATUS
  ────────────────────────────────────────────────────────────────

  MLB
    ✅ BET NOW                                   UNDER 9.5                     +100    edge 1.5%

  ════════════════════════════════════════════════════════════════
  Re-run 'python3 chef.py gates' to refresh trigger status.


  ════════════════════════════════════════════════════════════════
  BET GATES CHECK — 2026-05-31 21:00 ET
  ════════════════════════════════════════════════════════════════

  ── NBA Inactives Check ──────────────────────────────────

  ── NHL Goalie Check ─────────────────────────────────────
  ⏳ Vegas Golden Knights at Carolina Hurricanes — T-2759min, too early for goalie confirmation

  ════════════════════════════════════════════════════════════════
  PICK-BY-PICK BET STATUS
  ────────────────────────────────────────────────────────────────

  NBA
    ✅ BET NOW  (trigger: inactives ✓)           OVER 217.5                    -105    edge 15.4%
    ✅ BET NOW  (trigger: inactives ✓)           OVER 218.5                    -105    edge 14.9%

  NHL
    ⏳ HOLD     (waiting: goalie)                Under 5.5                     +102    edge 9.0%

  ════════════════════════════════════════════════════════════════
  Re-run 'python3 chef.py gates' to refresh trigger status.


  ════════════════════════════════════════════════════════════════
  BET GATES CHECK — 2026-05-31 22:00 ET
  ════════════════════════════════════════════════════════════════

  ── NBA Inactives Check ──────────────────────────────────

  ── NHL Goalie Check ─────────────────────────────────────
  ⏳ Vegas Golden Knights at Carolina Hurricanes — T-2699min, too early for goalie confirmation

  ════════════════════════════════════════════════════════════════
  PICK-BY-PICK BET STATUS
  ────────────────────────────────────────────────────────────────

  NBA
    ✅ BET NOW  (trigger: inactives ✓)           OVER 217.5                    -105    edge 15.4%
    ✅ BET NOW  (trigger: inactives ✓)           OVER 218.5                    -105    edge 14.9%

  NHL
    ⏳ HOLD     (waiting: goalie)                Under 5.5                     +102    edge 9.0%

  ════════════════════════════════════════════════════════════════
  Re-run 'python3 chef.py gates' to refresh trigger status.


  ════════════════════════════════════════════════════════════════
  BET GATES CHECK — 2026-05-31 23:00 ET
  ════════════════════════════════════════════════════════════════

  ── NBA Inactives Check ──────────────────────────────────

  ── NHL Goalie Check ─────────────────────────────────────
  ⏳ Vegas Golden Knights at Carolina Hurricanes — T-2639min, too early for goalie confirmation

  ════════════════════════════════════════════════════════════════
  PICK-BY-PICK BET STATUS
  ────────────────────────────────────────────────────────────────

  NBA
    ✅ BET NOW  (trigger: inactives ✓)           OVER 217.5                    -105    edge 15.4%
    ✅ BET NOW  (trigger: inactives ✓)           OVER 218.5                    -105    edge 14.9%

  NHL
    ⏳ HOLD     (waiting: goalie)                Under 5.5                     +102    edge 9.0%

  ════════════════════════════════════════════════════════════════
  Re-run 'python3 chef.py gates' to refresh trigger status.


  ════════════════════════════════════════════════════════════════
  BET GATES CHECK — 2026-06-01 21:00 ET
  ════════════════════════════════════════════════════════════════

  ── MLB Lineup Check ─────────────────────────────────────
  ✅ Detroit Tigers @ Tampa Bay Rays — lineups confirmed  ✅ BET TOTALS/PROPS
  ✅ Miami Marlins @ Washington Nationals — lineups confirmed  ✅ BET TOTALS/PROPS
  ✅ Kansas City Royals @ Cincinnati Reds — lineups confirmed  ✅ BET TOTALS/PROPS
  ✅ Chicago White Sox @ Minnesota Twins — lineups confirmed  ✅ BET TOTALS/PROPS
  ✅ San Francisco Giants @ Milwaukee Brewers — lineups confirmed  ✅ BET TOTALS/PROPS
  ✅ Texas Rangers @ St. Louis Cardinals — lineups confirmed  ✅ BET TOTALS/PROPS
  ✅ Colorado Rockies @ Los Angeles Angels — lineups confirmed  ✅ BET TOTALS/PROPS
  ✅ Los Angeles Dodgers @ Arizona Diamondbacks — lineups confirmed  ✅ BET TOTALS/PROPS
  ✅ New York Mets @ Seattle Mariners — lineups confirmed  ✅ BET TOTALS/PROPS

  ════════════════════════════════════════════════════════════════
  PICK-BY-PICK BET STATUS
  ────────────────────────────────────────────────────────────────

  MLB
    ✅ BET NOW                                   OVER 8.0                      +110    edge 1.8%
    ✅ BET NOW                                   OVER 8.5                      -110    edge 1.7%

  ════════════════════════════════════════════════════════════════
  Re-run 'python3 chef.py gates' to refresh trigger status.


  ════════════════════════════════════════════════════════════════
  BET GATES CHECK — 2026-06-01 22:00 ET
  ════════════════════════════════════════════════════════════════

  ── MLB Lineup Check ─────────────────────────────────────
  ✅ Detroit Tigers @ Tampa Bay Rays — lineups confirmed  ✅ BET TOTALS/PROPS
  ✅ Miami Marlins @ Washington Nationals — lineups confirmed  ✅ BET TOTALS/PROPS
  ✅ Kansas City Royals @ Cincinnati Reds — lineups confirmed  ✅ BET TOTALS/PROPS
  ✅ Chicago White Sox @ Minnesota Twins — lineups confirmed  ✅ BET TOTALS/PROPS
  ✅ San Francisco Giants @ Milwaukee Brewers — lineups confirmed  ✅ BET TOTALS/PROPS
  ✅ Texas Rangers @ St. Louis Cardinals — lineups confirmed  ✅ BET TOTALS/PROPS
  ✅ Colorado Rockies @ Los Angeles Angels — lineups confirmed  ✅ BET TOTALS/PROPS
  ✅ Los Angeles Dodgers @ Arizona Diamondbacks — lineups confirmed  ✅ BET TOTALS/PROPS
  ✅ New York Mets @ Seattle Mariners — lineups confirmed  ✅ BET TOTALS/PROPS

  ════════════════════════════════════════════════════════════════
  PICK-BY-PICK BET STATUS
  ────────────────────────────────────────────────────────────────

  MLB
    ✅ BET NOW                                   OVER 8.0                      +110    edge 1.8%

  ════════════════════════════════════════════════════════════════
  Re-run 'python3 chef.py gates' to refresh trigger status.


  ════════════════════════════════════════════════════════════════
  BET GATES CHECK — 2026-06-01 23:00 ET
  ════════════════════════════════════════════════════════════════

  ℹ  No pending card picks found for today.


  ════════════════════════════════════════════════════════════════
  BET GATES CHECK — 2026-06-03 23:00 ET
  ════════════════════════════════════════════════════════════════

  ── NBA Inactives Check ──────────────────────────────────
  📋 New York Knicks at San Antonio Spurs — T--150min, no inactives yet (healthy roster or not posted)

  ── MLB Lineup Check ─────────────────────────────────────
  ✅ Miami Marlins @ Washington Nationals — lineups confirmed  ✅ BET TOTALS/PROPS
  ✅ Detroit Tigers @ Tampa Bay Rays — lineups confirmed  ✅ BET TOTALS/PROPS
  ✅ Chicago White Sox @ Minnesota Twins — lineups confirmed  ✅ BET TOTALS/PROPS
  ✅ New York Mets @ Seattle Mariners — lineups confirmed  ✅ BET TOTALS/PROPS
  ✅ San Diego Padres @ Philadelphia Phillies — lineups confirmed  ✅ BET TOTALS/PROPS
  ✅ Baltimore Orioles @ Boston Red Sox — lineups confirmed  ✅ BET TOTALS/PROPS
  ✅ Cleveland Guardians @ New York Yankees — lineups confirmed  ✅ BET TOTALS/PROPS
  ✅ Kansas City Royals @ Cincinnati Reds — lineups confirmed  ✅ BET TOTALS/PROPS
  ✅ Toronto Blue Jays @ Atlanta Braves — lineups confirmed  ✅ BET TOTALS/PROPS
  ✅ San Francisco Giants @ Milwaukee Brewers — lineups confirmed  ✅ BET TOTALS/PROPS
  ✅ Texas Rangers @ St. Louis Cardinals — lineups confirmed  ✅ BET TOTALS/PROPS
  ✅ Athletics @ Chicago Cubs — lineups confirmed  ✅ BET TOTALS/PROPS
  ✅ Pittsburgh Pirates @ Houston Astros — lineups confirmed  ✅ BET TOTALS/PROPS
  ✅ Colorado Rockies @ Los Angeles Angels — lineups confirmed  ✅ BET TOTALS/PROPS
  ✅ Los Angeles Dodgers @ Arizona Diamondbacks — lineups confirmed  ✅ BET TOTALS/PROPS

  ════════════════════════════════════════════════════════════════
  PICK-BY-PICK BET STATUS
  ────────────────────────────────────────────────────────────────

  MLB
    ✅ BET NOW                                   OVER 7.5                      -110    edge 2.0%

  NBA
    ✅ BET NOW  (trigger: inactives ✓)           OVER 218.5                    -105    edge 15.4%
    ✅ BET NOW  (trigger: inactives ✓)           OVER 219.0                    -109    edge 14.2%

  ════════════════════════════════════════════════════════════════
  Re-run 'python3 chef.py gates' to refresh trigger status.


  ════════════════════════════════════════════════════════════════
  BET GATES CHECK — 2026-06-04 22:07 ET
  ════════════════════════════════════════════════════════════════

  ── NHL Goalie Check ─────────────────────────────────────
  ⏳ Vegas Golden Knights at Carolina Hurricanes — T--127min, goalies NOT confirmed yet — HOLD totals

  ── MLB Lineup Check ─────────────────────────────────────
  ✅ San Diego Padres @ Philadelphia Phillies — lineups confirmed  ✅ BET TOTALS/PROPS
  ✅ Baltimore Orioles @ Boston Red Sox — lineups confirmed  ✅ BET TOTALS/PROPS
  ✅ Cleveland Guardians @ New York Yankees — lineups confirmed  ✅ BET TOTALS/PROPS
  ✅ San Francisco Giants @ Milwaukee Brewers — lineups confirmed  ✅ BET TOTALS/PROPS
  ✅ Toronto Blue Jays @ Atlanta Braves — lineups confirmed  ✅ BET TOTALS/PROPS
  ✅ Kansas City Royals @ Minnesota Twins — lineups confirmed  ✅ BET TOTALS/PROPS
  ✅ Athletics @ Chicago Cubs — lineups confirmed  ✅ BET TOTALS/PROPS
  ✅ Pittsburgh Pirates @ Houston Astros — lineups confirmed  ✅ BET TOTALS/PROPS
  ✅ Los Angeles Dodgers @ Arizona Diamondbacks — lineups confirmed  ✅ BET TOTALS/PROPS

  ════════════════════════════════════════════════════════════════
  PICK-BY-PICK BET STATUS
  ────────────────────────────────────────────────────────────────

  MLB
    ✅ BET NOW                                   UNDER 9.0                     -104    edge 1.3%
    ✅ BET NOW                                   OVER 8.5                      -105    edge 1.4%

  NHL
    ⏳ HOLD     (waiting: goalie)                Under 6.0                     -118    edge 11.0%
    ⏳ HOLD     (waiting: goalie)                Under 5.5                     +110    edge 6.9%

  ════════════════════════════════════════════════════════════════
  Re-run 'python3 chef.py gates' to refresh trigger status.


  ════════════════════════════════════════════════════════════════
  BET GATES CHECK — 2026-06-06 21:00 ET
  ════════════════════════════════════════════════════════════════

  ── NHL Goalie Check ─────────────────────────────────────
  ⏳ Carolina Hurricanes at Vegas Golden Knights — T--60min, goalies NOT confirmed yet — HOLD totals

  ── MLB Lineup Check ─────────────────────────────────────
  ✅ Seattle Mariners @ Detroit Tigers — lineups confirmed  ✅ BET TOTALS/PROPS
  ✅ Kansas City Royals @ Minnesota Twins — lineups confirmed  ✅ BET TOTALS/PROPS
  ✅ Cincinnati Reds @ St. Louis Cardinals — lineups confirmed  ✅ BET TOTALS/PROPS
  ✅ San Francisco Giants @ Chicago Cubs — lineups confirmed  ✅ BET TOTALS/PROPS
  ✅ Baltimore Orioles @ Toronto Blue Jays — lineups confirmed  ✅ BET TOTALS/PROPS
  ✅ Chicago White Sox @ Philadelphia Phillies — lineups confirmed  ✅ BET TOTALS/PROPS
  ✅ Washington Nationals @ Arizona Diamondbacks — lineups confirmed  ✅ BET TOTALS/PROPS
  ✅ Athletics @ Houston Astros — lineups confirmed  ✅ BET TOTALS/PROPS
  ✅ Pittsburgh Pirates @ Atlanta Braves — lineups confirmed  ✅ BET TOTALS/PROPS
  ✅ Tampa Bay Rays @ Miami Marlins — lineups confirmed  ✅ BET TOTALS/PROPS
  ✅ Cleveland Guardians @ Texas Rangers — lineups confirmed  ✅ BET TOTALS/PROPS
  ✅ Milwaukee Brewers @ Colorado Rockies — lineups confirmed  ✅ BET TOTALS/PROPS
  ✅ Los Angeles Angels @ Los Angeles Dodgers — lineups confirmed  ✅ BET TOTALS/PROPS
  ✅ New York Mets @ San Diego Padres — lineups confirmed  ✅ BET TOTALS/PROPS
  ⏳ Boston Red Sox @ New York Yankees — T--85min, lineups NOT posted yet

  ════════════════════════════════════════════════════════════════
  PICK-BY-PICK BET STATUS
  ────────────────────────────────────────────────────────────────

  MLB
    ✅ BET NOW                                   OVER 10.5                     -102    edge 1.8%

  NHL
    ✅ BET NOW                                   Carolina Hurricanes +1.5      -275    edge 11.5%

  ════════════════════════════════════════════════════════════════
  Re-run 'python3 chef.py gates' to refresh trigger status.


  ════════════════════════════════════════════════════════════════
  BET GATES CHECK — 2026-06-06 22:00 ET
  ════════════════════════════════════════════════════════════════

  ── NHL Goalie Check ─────────────────────────────────────
  ⏳ Carolina Hurricanes at Vegas Golden Knights — T--120min, goalies NOT confirmed yet — HOLD totals

  ── MLB Lineup Check ─────────────────────────────────────
  ✅ Seattle Mariners @ Detroit Tigers — lineups confirmed  ✅ BET TOTALS/PROPS
  ✅ Kansas City Royals @ Minnesota Twins — lineups confirmed  ✅ BET TOTALS/PROPS
  ✅ Cincinnati Reds @ St. Louis Cardinals — lineups confirmed  ✅ BET TOTALS/PROPS
  ✅ San Francisco Giants @ Chicago Cubs — lineups confirmed  ✅ BET TOTALS/PROPS
  ✅ Baltimore Orioles @ Toronto Blue Jays — lineups confirmed  ✅ BET TOTALS/PROPS
  ✅ Chicago White Sox @ Philadelphia Phillies — lineups confirmed  ✅ BET TOTALS/PROPS
  ✅ Washington Nationals @ Arizona Diamondbacks — lineups confirmed  ✅ BET TOTALS/PROPS
  ✅ Athletics @ Houston Astros — lineups confirmed  ✅ BET TOTALS/PROPS
  ✅ Pittsburgh Pirates @ Atlanta Braves — lineups confirmed  ✅ BET TOTALS/PROPS
  ✅ Tampa Bay Rays @ Miami Marlins — lineups confirmed  ✅ BET TOTALS/PROPS
  ✅ Cleveland Guardians @ Texas Rangers — lineups confirmed  ✅ BET TOTALS/PROPS
  ✅ Milwaukee Brewers @ Colorado Rockies — lineups confirmed  ✅ BET TOTALS/PROPS
  ✅ Los Angeles Angels @ Los Angeles Dodgers — lineups confirmed  ✅ BET TOTALS/PROPS
  ✅ New York Mets @ San Diego Padres — lineups confirmed  ✅ BET TOTALS/PROPS
  ⏳ Boston Red Sox @ New York Yankees — T--145min, lineups NOT posted yet

  ════════════════════════════════════════════════════════════════
  PICK-BY-PICK BET STATUS
  ────────────────────────────────────────────────────────────────

  MLB
    ✅ BET NOW                                   OVER 10.5                     -102    edge 1.8%

  NHL
    ✅ BET NOW                                   Carolina Hurricanes +1.5      -275    edge 11.5%

  ════════════════════════════════════════════════════════════════
  Re-run 'python3 chef.py gates' to refresh trigger status.


  ════════════════════════════════════════════════════════════════
  BET GATES CHECK — 2026-06-06 23:00 ET
  ════════════════════════════════════════════════════════════════

  ── NHL Goalie Check ─────────────────────────────────────
  ⏳ Carolina Hurricanes at Vegas Golden Knights — T--180min, goalies NOT confirmed yet — HOLD totals

  ── MLB Lineup Check ─────────────────────────────────────
  ✅ Seattle Mariners @ Detroit Tigers — lineups confirmed  ✅ BET TOTALS/PROPS
  ✅ Kansas City Royals @ Minnesota Twins — lineups confirmed  ✅ BET TOTALS/PROPS
  ✅ Cincinnati Reds @ St. Louis Cardinals — lineups confirmed  ✅ BET TOTALS/PROPS
  ✅ San Francisco Giants @ Chicago Cubs — lineups confirmed  ✅ BET TOTALS/PROPS
  ✅ Baltimore Orioles @ Toronto Blue Jays — lineups confirmed  ✅ BET TOTALS/PROPS
  ✅ Chicago White Sox @ Philadelphia Phillies — lineups confirmed  ✅ BET TOTALS/PROPS
  ✅ Washington Nationals @ Arizona Diamondbacks — lineups confirmed  ✅ BET TOTALS/PROPS
  ✅ Athletics @ Houston Astros — lineups confirmed  ✅ BET TOTALS/PROPS
  ✅ Pittsburgh Pirates @ Atlanta Braves — lineups confirmed  ✅ BET TOTALS/PROPS
  ✅ Tampa Bay Rays @ Miami Marlins — lineups confirmed  ✅ BET TOTALS/PROPS
  ✅ Cleveland Guardians @ Texas Rangers — lineups confirmed  ✅ BET TOTALS/PROPS
  ✅ Milwaukee Brewers @ Colorado Rockies — lineups confirmed  ✅ BET TOTALS/PROPS
  ✅ Los Angeles Angels @ Los Angeles Dodgers — lineups confirmed  ✅ BET TOTALS/PROPS
  ✅ New York Mets @ San Diego Padres — lineups confirmed  ✅ BET TOTALS/PROPS
  ⏳ Boston Red Sox @ New York Yankees — T--205min, lineups NOT posted yet

  ════════════════════════════════════════════════════════════════
  PICK-BY-PICK BET STATUS
  ────────────────────────────────────────────────────────────────

  MLB
    ✅ BET NOW                                   OVER 10.5                     -102    edge 1.8%

  NHL
    ✅ BET NOW                                   Carolina Hurricanes +1.5      -275    edge 11.5%

  ════════════════════════════════════════════════════════════════
  Re-run 'python3 chef.py gates' to refresh trigger status.


  ════════════════════════════════════════════════════════════════
  BET GATES CHECK — 2026-06-07 21:00 ET
  ════════════════════════════════════════════════════════════════

  ── MLB Lineup Check ─────────────────────────────────────
  ✅ Pittsburgh Pirates @ Atlanta Braves — lineups confirmed  ✅ BET TOTALS/PROPS
  ✅ Chicago White Sox @ Philadelphia Phillies — lineups confirmed  ✅ BET TOTALS/PROPS
  ✅ Boston Red Sox @ New York Yankees — lineups confirmed  ✅ BET TOTALS/PROPS
  ✅ Baltimore Orioles @ Toronto Blue Jays — lineups confirmed  ✅ BET TOTALS/PROPS
  ✅ Seattle Mariners @ Detroit Tigers — lineups confirmed  ✅ BET TOTALS/PROPS
  ✅ Tampa Bay Rays @ Miami Marlins — lineups confirmed  ✅ BET TOTALS/PROPS
  ✅ Athletics @ Houston Astros — lineups confirmed  ✅ BET TOTALS/PROPS
  ✅ Kansas City Royals @ Minnesota Twins — lineups confirmed  ✅ BET TOTALS/PROPS
  ✅ Cincinnati Reds @ St. Louis Cardinals — lineups confirmed  ✅ BET TOTALS/PROPS
  ✅ Cleveland Guardians @ Texas Rangers — lineups confirmed  ✅ BET TOTALS/PROPS
  ✅ Milwaukee Brewers @ Colorado Rockies — lineups confirmed  ✅ BET TOTALS/PROPS
  ✅ Washington Nationals @ Arizona Diamondbacks — lineups confirmed  ✅ BET TOTALS/PROPS
  ✅ Los Angeles Angels @ Los Angeles Dodgers — lineups confirmed  ✅ BET TOTALS/PROPS
  ✅ New York Mets @ San Diego Padres — lineups confirmed  ✅ BET TOTALS/PROPS
  ✅ San Francisco Giants @ Chicago Cubs — lineups confirmed  ✅ BET TOTALS/PROPS

  ════════════════════════════════════════════════════════════════
  PICK-BY-PICK BET STATUS
  ────────────────────────────────────────────────────────────────

  MLB
    ✅ BET NOW                                   OVER 8.0                      +110    edge 1.1%

  ════════════════════════════════════════════════════════════════
  Re-run 'python3 chef.py gates' to refresh trigger status.


  ════════════════════════════════════════════════════════════════
  BET GATES CHECK — 2026-06-07 22:00 ET
  ════════════════════════════════════════════════════════════════

  ── MLB Lineup Check ─────────────────────────────────────
  ✅ Pittsburgh Pirates @ Atlanta Braves — lineups confirmed  ✅ BET TOTALS/PROPS
  ✅ Chicago White Sox @ Philadelphia Phillies — lineups confirmed  ✅ BET TOTALS/PROPS
  ✅ Boston Red Sox @ New York Yankees — lineups confirmed  ✅ BET TOTALS/PROPS
  ✅ Baltimore Orioles @ Toronto Blue Jays — lineups confirmed  ✅ BET TOTALS/PROPS
  ✅ Seattle Mariners @ Detroit Tigers — lineups confirmed  ✅ BET TOTALS/PROPS
  ✅ Tampa Bay Rays @ Miami Marlins — lineups confirmed  ✅ BET TOTALS/PROPS
  ✅ Athletics @ Houston Astros — lineups confirmed  ✅ BET TOTALS/PROPS
  ✅ Kansas City Royals @ Minnesota Twins — lineups confirmed  ✅ BET TOTALS/PROPS
  ✅ Cincinnati Reds @ St. Louis Cardinals — lineups confirmed  ✅ BET TOTALS/PROPS
  ✅ Cleveland Guardians @ Texas Rangers — lineups confirmed  ✅ BET TOTALS/PROPS
  ✅ Milwaukee Brewers @ Colorado Rockies — lineups confirmed  ✅ BET TOTALS/PROPS
  ✅ Washington Nationals @ Arizona Diamondbacks — lineups confirmed  ✅ BET TOTALS/PROPS
  ✅ Los Angeles Angels @ Los Angeles Dodgers — lineups confirmed  ✅ BET TOTALS/PROPS
  ✅ New York Mets @ San Diego Padres — lineups confirmed  ✅ BET TOTALS/PROPS
  ✅ San Francisco Giants @ Chicago Cubs — lineups confirmed  ✅ BET TOTALS/PROPS

  ════════════════════════════════════════════════════════════════
  PICK-BY-PICK BET STATUS
  ────────────────────────────────────────────────────────────────

  MLB
    ✅ BET NOW                                   OVER 8.0                      +110    edge 1.1%

  ════════════════════════════════════════════════════════════════
  Re-run 'python3 chef.py gates' to refresh trigger status.


  ════════════════════════════════════════════════════════════════
  BET GATES CHECK — 2026-06-07 23:00 ET
  ════════════════════════════════════════════════════════════════

  ── MLB Lineup Check ─────────────────────────────────────
  ✅ Pittsburgh Pirates @ Atlanta Braves — lineups confirmed  ✅ BET TOTALS/PROPS
  ✅ Chicago White Sox @ Philadelphia Phillies — lineups confirmed  ✅ BET TOTALS/PROPS
  ✅ Boston Red Sox @ New York Yankees — lineups confirmed  ✅ BET TOTALS/PROPS
  ✅ Baltimore Orioles @ Toronto Blue Jays — lineups confirmed  ✅ BET TOTALS/PROPS
  ✅ Seattle Mariners @ Detroit Tigers — lineups confirmed  ✅ BET TOTALS/PROPS
  ✅ Tampa Bay Rays @ Miami Marlins — lineups confirmed  ✅ BET TOTALS/PROPS
  ✅ Athletics @ Houston Astros — lineups confirmed  ✅ BET TOTALS/PROPS
  ✅ Kansas City Royals @ Minnesota Twins — lineups confirmed  ✅ BET TOTALS/PROPS
  ✅ Cincinnati Reds @ St. Louis Cardinals — lineups confirmed  ✅ BET TOTALS/PROPS
  ✅ Cleveland Guardians @ Texas Rangers — lineups confirmed  ✅ BET TOTALS/PROPS
  ✅ Milwaukee Brewers @ Colorado Rockies — lineups confirmed  ✅ BET TOTALS/PROPS
  ✅ Washington Nationals @ Arizona Diamondbacks — lineups confirmed  ✅ BET TOTALS/PROPS
  ✅ Los Angeles Angels @ Los Angeles Dodgers — lineups confirmed  ✅ BET TOTALS/PROPS
  ✅ New York Mets @ San Diego Padres — lineups confirmed  ✅ BET TOTALS/PROPS
  ✅ San Francisco Giants @ Chicago Cubs — lineups confirmed  ✅ BET TOTALS/PROPS

  ════════════════════════════════════════════════════════════════
  PICK-BY-PICK BET STATUS
  ────────────────────────────────────────────────────────────────

  MLB
    ✅ BET NOW                                   OVER 8.0                      +110    edge 1.1%

  ════════════════════════════════════════════════════════════════
  Re-run 'python3 chef.py gates' to refresh trigger status.


  ════════════════════════════════════════════════════════════════
  BET GATES CHECK — 2026-06-08 21:00 ET
  ════════════════════════════════════════════════════════════════

  ── NBA Inactives Check ──────────────────────────────────
  📋 San Antonio Spurs at New York Knicks — T--30min, no inactives yet (healthy roster or not posted)

  ── MLB Lineup Check ─────────────────────────────────────
  ✅ Seattle Mariners @ Baltimore Orioles — lineups confirmed  ✅ BET TOTALS/PROPS
  ✅ Boston Red Sox @ Tampa Bay Rays — lineups confirmed  ✅ BET TOTALS/PROPS
  ✅ New York Yankees @ Cleveland Guardians — lineups confirmed  ✅ BET TOTALS/PROPS
  ✅ Philadelphia Phillies @ Toronto Blue Jays — lineups confirmed  ✅ BET TOTALS/PROPS
  ✅ Houston Astros @ Los Angeles Angels — lineups confirmed  ✅ BET TOTALS/PROPS
  ✅ Cincinnati Reds @ San Diego Padres — lineups confirmed  ✅ BET TOTALS/PROPS
  ✅ Washington Nationals @ San Francisco Giants — lineups confirmed  ✅ BET TOTALS/PROPS
  ✅ Milwaukee Brewers @ Athletics — lineups confirmed  ✅ BET TOTALS/PROPS

  ════════════════════════════════════════════════════════════════
  PICK-BY-PICK BET STATUS
  ────────────────────────────────────────────────────────────────

  MLB
    ✅ BET NOW                                   UNDER 10.5                    +105    edge 2.1%
    ✅ BET NOW                                   OVER 9.0                      -107    edge 1.2%
    ✅ BET NOW                                   UNDER 11.0                    +110    edge 2.4%
    ✅ BET NOW                                   UNDER 8.0                     +105    edge 1.1%

  NBA
    ✅ BET NOW  (trigger: inactives ✓)           OVER 216.5                    -105    edge 15.2%

  ════════════════════════════════════════════════════════════════
  Re-run 'python3 chef.py gates' to refresh trigger status.


  ════════════════════════════════════════════════════════════════
  BET GATES CHECK — 2026-06-08 22:00 ET
  ════════════════════════════════════════════════════════════════

  ── NBA Inactives Check ──────────────────────────────────
  📋 San Antonio Spurs at New York Knicks — T--90min, no inactives yet (healthy roster or not posted)

  ── MLB Lineup Check ─────────────────────────────────────
  ✅ Seattle Mariners @ Baltimore Orioles — lineups confirmed  ✅ BET TOTALS/PROPS
  ✅ Boston Red Sox @ Tampa Bay Rays — lineups confirmed  ✅ BET TOTALS/PROPS
  ✅ New York Yankees @ Cleveland Guardians — lineups confirmed  ✅ BET TOTALS/PROPS
  ✅ Philadelphia Phillies @ Toronto Blue Jays — lineups confirmed  ✅ BET TOTALS/PROPS
  ✅ Houston Astros @ Los Angeles Angels — lineups confirmed  ✅ BET TOTALS/PROPS
  ✅ Cincinnati Reds @ San Diego Padres — lineups confirmed  ✅ BET TOTALS/PROPS
  ✅ Washington Nationals @ San Francisco Giants — lineups confirmed  ✅ BET TOTALS/PROPS
  ✅ Milwaukee Brewers @ Athletics — lineups confirmed  ✅ BET TOTALS/PROPS

  ════════════════════════════════════════════════════════════════
  PICK-BY-PICK BET STATUS
  ────────────────────────────────────────────────────────────────

  MLB
    ✅ BET NOW                                   UNDER 10.5                    +105    edge 2.1%
    ✅ BET NOW                                   OVER 9.0                      -107    edge 1.2%
    ✅ BET NOW                                   UNDER 11.0                    +110    edge 2.4%
    ✅ BET NOW                                   UNDER 8.0                     +105    edge 1.1%

  NBA
    ✅ BET NOW  (trigger: inactives ✓)           OVER 216.5                    -105    edge 15.2%

  ════════════════════════════════════════════════════════════════
  Re-run 'python3 chef.py gates' to refresh trigger status.


  ════════════════════════════════════════════════════════════════
  BET GATES CHECK — 2026-06-08 23:00 ET
  ════════════════════════════════════════════════════════════════

  ── NBA Inactives Check ──────────────────────────────────
  📋 San Antonio Spurs at New York Knicks — T--150min, no inactives yet (healthy roster or not posted)

  ── MLB Lineup Check ─────────────────────────────────────
  ✅ Seattle Mariners @ Baltimore Orioles — lineups confirmed  ✅ BET TOTALS/PROPS
  ✅ Boston Red Sox @ Tampa Bay Rays — lineups confirmed  ✅ BET TOTALS/PROPS
  ✅ New York Yankees @ Cleveland Guardians — lineups confirmed  ✅ BET TOTALS/PROPS
  ✅ Philadelphia Phillies @ Toronto Blue Jays — lineups confirmed  ✅ BET TOTALS/PROPS
  ✅ Houston Astros @ Los Angeles Angels — lineups confirmed  ✅ BET TOTALS/PROPS
  ✅ Cincinnati Reds @ San Diego Padres — lineups confirmed  ✅ BET TOTALS/PROPS
  ✅ Washington Nationals @ San Francisco Giants — lineups confirmed  ✅ BET TOTALS/PROPS
  ✅ Milwaukee Brewers @ Athletics — lineups confirmed  ✅ BET TOTALS/PROPS

  ════════════════════════════════════════════════════════════════
  PICK-BY-PICK BET STATUS
  ────────────────────────────────────────────────────────────────

  MLB
    ✅ BET NOW                                   UNDER 10.5                    +105    edge 2.1%
    ✅ BET NOW                                   OVER 9.0                      -107    edge 1.2%
    ✅ BET NOW                                   UNDER 11.0                    +110    edge 2.4%

  NBA
    ✅ BET NOW  (trigger: inactives ✓)           OVER 216.5                    -105    edge 15.2%

  ════════════════════════════════════════════════════════════════
  Re-run 'python3 chef.py gates' to refresh trigger status.


  ════════════════════════════════════════════════════════════════
  BET GATES CHECK — 2026-06-09 21:00 ET
  ════════════════════════════════════════════════════════════════

  ── NHL Goalie Check ─────────────────────────────────────
  ⏳ Carolina Hurricanes at Vegas Golden Knights — T--60min, goalies NOT confirmed yet — HOLD totals

  ── MLB Lineup Check ─────────────────────────────────────
  ✅ Seattle Mariners @ Baltimore Orioles — lineups confirmed  ✅ BET TOTALS/PROPS
  ✅ Los Angeles Dodgers @ Pittsburgh Pirates — lineups confirmed  ✅ BET TOTALS/PROPS
  ✅ Boston Red Sox @ Tampa Bay Rays — lineups confirmed  ✅ BET TOTALS/PROPS
  ✅ Minnesota Twins @ Detroit Tigers — lineups confirmed  ✅ BET TOTALS/PROPS
  ✅ Arizona Diamondbacks @ Miami Marlins — lineups confirmed  ✅ BET TOTALS/PROPS
  ✅ New York Yankees @ Cleveland Guardians — lineups confirmed  ✅ BET TOTALS/PROPS
  ✅ Philadelphia Phillies @ Toronto Blue Jays — lineups confirmed  ✅ BET TOTALS/PROPS
  ✅ St. Louis Cardinals @ New York Mets — lineups confirmed  ✅ BET TOTALS/PROPS
  ✅ Texas Rangers @ Kansas City Royals — lineups confirmed  ✅ BET TOTALS/PROPS
  ✅ Atlanta Braves @ Chicago White Sox — lineups confirmed  ✅ BET TOTALS/PROPS
  ✅ Chicago Cubs @ Colorado Rockies — lineups confirmed  ✅ BET TOTALS/PROPS
  ✅ Houston Astros @ Los Angeles Angels — lineups confirmed  ✅ BET TOTALS/PROPS
  ✅ Cincinnati Reds @ San Diego Padres — lineups confirmed  ✅ BET TOTALS/PROPS
  ✅ Washington Nationals @ San Francisco Giants — lineups confirmed  ✅ BET TOTALS/PROPS
  ✅ Milwaukee Brewers @ Athletics — lineups confirmed  ✅ BET TOTALS/PROPS

  ════════════════════════════════════════════════════════════════
  PICK-BY-PICK BET STATUS
  ────────────────────────────────────────────────────────────────

  MLB
    ✅ BET NOW                                   UNDER 13.0                    +105    edge 4.5%

  NHL
    ⏳ HOLD     (waiting: goalie)                Under 6.0                     -110    edge 5.9%

  ════════════════════════════════════════════════════════════════
  Re-run 'python3 chef.py gates' to refresh trigger status.


  ════════════════════════════════════════════════════════════════
  BET GATES CHECK — 2026-06-09 22:00 ET
  ════════════════════════════════════════════════════════════════

  ── NHL Goalie Check ─────────────────────────────────────
  ⏳ Carolina Hurricanes at Vegas Golden Knights — T--120min, goalies NOT confirmed yet — HOLD totals

  ── MLB Lineup Check ─────────────────────────────────────
  ✅ Seattle Mariners @ Baltimore Orioles — lineups confirmed  ✅ BET TOTALS/PROPS
  ✅ Los Angeles Dodgers @ Pittsburgh Pirates — lineups confirmed  ✅ BET TOTALS/PROPS
  ✅ Boston Red Sox @ Tampa Bay Rays — lineups confirmed  ✅ BET TOTALS/PROPS
  ✅ Minnesota Twins @ Detroit Tigers — lineups confirmed  ✅ BET TOTALS/PROPS
  ✅ Arizona Diamondbacks @ Miami Marlins — lineups confirmed  ✅ BET TOTALS/PROPS
  ✅ New York Yankees @ Cleveland Guardians — lineups confirmed  ✅ BET TOTALS/PROPS
  ✅ Philadelphia Phillies @ Toronto Blue Jays — lineups confirmed  ✅ BET TOTALS/PROPS
  ✅ St. Louis Cardinals @ New York Mets — lineups confirmed  ✅ BET TOTALS/PROPS
  ✅ Texas Rangers @ Kansas City Royals — lineups confirmed  ✅ BET TOTALS/PROPS
  ✅ Atlanta Braves @ Chicago White Sox — lineups confirmed  ✅ BET TOTALS/PROPS
  ✅ Chicago Cubs @ Colorado Rockies — lineups confirmed  ✅ BET TOTALS/PROPS
  ✅ Houston Astros @ Los Angeles Angels — lineups confirmed  ✅ BET TOTALS/PROPS
  ✅ Cincinnati Reds @ San Diego Padres — lineups confirmed  ✅ BET TOTALS/PROPS
  ✅ Washington Nationals @ San Francisco Giants — lineups confirmed  ✅ BET TOTALS/PROPS
  ✅ Milwaukee Brewers @ Athletics — lineups confirmed  ✅ BET TOTALS/PROPS

  ════════════════════════════════════════════════════════════════
  PICK-BY-PICK BET STATUS
  ────────────────────────────────────────────────────────────────

  MLB
    ✅ BET NOW                                   UNDER 13.0                    +105    edge 4.5%

  NHL
    ⏳ HOLD     (waiting: goalie)                Under 6.0                     -110    edge 5.9%

  ════════════════════════════════════════════════════════════════
  Re-run 'python3 chef.py gates' to refresh trigger status.


  ════════════════════════════════════════════════════════════════
  BET GATES CHECK — 2026-06-09 23:00 ET
  ════════════════════════════════════════════════════════════════

  ── NHL Goalie Check ─────────────────────────────────────
  ⏳ Carolina Hurricanes at Vegas Golden Knights — T--180min, goalies NOT confirmed yet — HOLD totals

  ── MLB Lineup Check ─────────────────────────────────────
  ✅ Seattle Mariners @ Baltimore Orioles — lineups confirmed  ✅ BET TOTALS/PROPS
  ✅ Los Angeles Dodgers @ Pittsburgh Pirates — lineups confirmed  ✅ BET TOTALS/PROPS
  ✅ Boston Red Sox @ Tampa Bay Rays — lineups confirmed  ✅ BET TOTALS/PROPS
  ✅ Minnesota Twins @ Detroit Tigers — lineups confirmed  ✅ BET TOTALS/PROPS
  ✅ Arizona Diamondbacks @ Miami Marlins — lineups confirmed  ✅ BET TOTALS/PROPS
  ✅ New York Yankees @ Cleveland Guardians — lineups confirmed  ✅ BET TOTALS/PROPS
  ✅ Philadelphia Phillies @ Toronto Blue Jays — lineups confirmed  ✅ BET TOTALS/PROPS
  ✅ St. Louis Cardinals @ New York Mets — lineups confirmed  ✅ BET TOTALS/PROPS
  ✅ Texas Rangers @ Kansas City Royals — lineups confirmed  ✅ BET TOTALS/PROPS
  ✅ Atlanta Braves @ Chicago White Sox — lineups confirmed  ✅ BET TOTALS/PROPS
  ✅ Chicago Cubs @ Colorado Rockies — lineups confirmed  ✅ BET TOTALS/PROPS
  ✅ Houston Astros @ Los Angeles Angels — lineups confirmed  ✅ BET TOTALS/PROPS
  ✅ Cincinnati Reds @ San Diego Padres — lineups confirmed  ✅ BET TOTALS/PROPS
  ✅ Washington Nationals @ San Francisco Giants — lineups confirmed  ✅ BET TOTALS/PROPS
  ✅ Milwaukee Brewers @ Athletics — lineups confirmed  ✅ BET TOTALS/PROPS

  ════════════════════════════════════════════════════════════════
  PICK-BY-PICK BET STATUS
  ────────────────────────────────────────────────────────────────

  MLB
    ✅ BET NOW                                   UNDER 13.0                    +105    edge 4.5%

  NHL
    ⏳ HOLD     (waiting: goalie)                Under 6.0                     -110    edge 5.9%

  ════════════════════════════════════════════════════════════════
  Re-run 'python3 chef.py gates' to refresh trigger status.


  ════════════════════════════════════════════════════════════════
  BET GATES CHECK — 2026-06-10 21:00 ET
  ════════════════════════════════════════════════════════════════

  ── NBA Inactives Check ──────────────────────────────────
  📋 San Antonio Spurs at New York Knicks — T--30min, no inactives yet (healthy roster or not posted)

  ── MLB Lineup Check ─────────────────────────────────────
  ✅ Boston Red Sox @ Tampa Bay Rays — lineups confirmed  ✅ BET TOTALS/PROPS
  ✅ New York Yankees @ Cleveland Guardians — lineups confirmed  ✅ BET TOTALS/PROPS
  ✅ Washington Nationals @ San Francisco Giants — lineups confirmed  ✅ BET TOTALS/PROPS
  ✅ Cincinnati Reds @ San Diego Padres — lineups confirmed  ✅ BET TOTALS/PROPS
  ✅ Seattle Mariners @ Baltimore Orioles — lineups confirmed  ✅ BET TOTALS/PROPS
  ✅ Los Angeles Dodgers @ Pittsburgh Pirates — lineups confirmed  ✅ BET TOTALS/PROPS
  ✅ Minnesota Twins @ Detroit Tigers — lineups confirmed  ✅ BET TOTALS/PROPS
  ✅ Arizona Diamondbacks @ Miami Marlins — lineups confirmed  ✅ BET TOTALS/PROPS
  ✅ Philadelphia Phillies @ Toronto Blue Jays — lineups confirmed  ✅ BET TOTALS/PROPS
  ✅ St. Louis Cardinals @ New York Mets — lineups confirmed  ✅ BET TOTALS/PROPS
  ✅ Texas Rangers @ Kansas City Royals — lineups confirmed  ✅ BET TOTALS/PROPS
  ✅ Atlanta Braves @ Chicago White Sox — lineups confirmed  ✅ BET TOTALS/PROPS
  ✅ Chicago Cubs @ Colorado Rockies — lineups confirmed  ✅ BET TOTALS/PROPS
  ✅ Milwaukee Brewers @ Athletics — lineups confirmed  ✅ BET TOTALS/PROPS
  ✅ Houston Astros @ Los Angeles Angels — lineups confirmed  ✅ BET TOTALS/PROPS

  ════════════════════════════════════════════════════════════════
  PICK-BY-PICK BET STATUS
  ────────────────────────────────────────────────────────────────

  MLB
    ✅ BET NOW                                   UNDER 14.0                    -105    edge 5.3%

  NBA
    ✅ BET NOW  (trigger: inactives ✓)           OVER 216.5                    -109    edge 15.4%

  ════════════════════════════════════════════════════════════════
  Re-run 'python3 chef.py gates' to refresh trigger status.


  ════════════════════════════════════════════════════════════════
  BET GATES CHECK — 2026-06-10 22:00 ET
  ════════════════════════════════════════════════════════════════

  ── NBA Inactives Check ──────────────────────────────────
  📋 San Antonio Spurs at New York Knicks — T--90min, no inactives yet (healthy roster or not posted)

  ── MLB Lineup Check ─────────────────────────────────────
  ✅ Boston Red Sox @ Tampa Bay Rays — lineups confirmed  ✅ BET TOTALS/PROPS
  ✅ New York Yankees @ Cleveland Guardians — lineups confirmed  ✅ BET TOTALS/PROPS
  ✅ Washington Nationals @ San Francisco Giants — lineups confirmed  ✅ BET TOTALS/PROPS
  ✅ Cincinnati Reds @ San Diego Padres — lineups confirmed  ✅ BET TOTALS/PROPS
  ✅ Seattle Mariners @ Baltimore Orioles — lineups confirmed  ✅ BET TOTALS/PROPS
  ✅ Los Angeles Dodgers @ Pittsburgh Pirates — lineups confirmed  ✅ BET TOTALS/PROPS
  ✅ Minnesota Twins @ Detroit Tigers — lineups confirmed  ✅ BET TOTALS/PROPS
  ✅ Arizona Diamondbacks @ Miami Marlins — lineups confirmed  ✅ BET TOTALS/PROPS
  ✅ Philadelphia Phillies @ Toronto Blue Jays — lineups confirmed  ✅ BET TOTALS/PROPS
  ✅ St. Louis Cardinals @ New York Mets — lineups confirmed  ✅ BET TOTALS/PROPS
  ✅ Texas Rangers @ Kansas City Royals — lineups confirmed  ✅ BET TOTALS/PROPS
  ✅ Atlanta Braves @ Chicago White Sox — lineups confirmed  ✅ BET TOTALS/PROPS
  ✅ Chicago Cubs @ Colorado Rockies — lineups confirmed  ✅ BET TOTALS/PROPS
  ✅ Milwaukee Brewers @ Athletics — lineups confirmed  ✅ BET TOTALS/PROPS
  ✅ Houston Astros @ Los Angeles Angels — lineups confirmed  ✅ BET TOTALS/PROPS

  ════════════════════════════════════════════════════════════════
  PICK-BY-PICK BET STATUS
  ────────────────────────────────────────────────────────────────

  MLB
    ✅ BET NOW                                   UNDER 14.0                    -105    edge 5.3%

  NBA
    ✅ BET NOW  (trigger: inactives ✓)           OVER 216.5                    -109    edge 15.4%

  ════════════════════════════════════════════════════════════════
  Re-run 'python3 chef.py gates' to refresh trigger status.


  ════════════════════════════════════════════════════════════════
  BET GATES CHECK — 2026-06-10 23:00 ET
  ════════════════════════════════════════════════════════════════

  ── NBA Inactives Check ──────────────────────────────────
  📋 San Antonio Spurs at New York Knicks — T--150min, no inactives yet (healthy roster or not posted)

  ── MLB Lineup Check ─────────────────────────────────────
  ✅ Boston Red Sox @ Tampa Bay Rays — lineups confirmed  ✅ BET TOTALS/PROPS
  ✅ New York Yankees @ Cleveland Guardians — lineups confirmed  ✅ BET TOTALS/PROPS
  ✅ Washington Nationals @ San Francisco Giants — lineups confirmed  ✅ BET TOTALS/PROPS
  ✅ Cincinnati Reds @ San Diego Padres — lineups confirmed  ✅ BET TOTALS/PROPS
  ✅ Seattle Mariners @ Baltimore Orioles — lineups confirmed  ✅ BET TOTALS/PROPS
  ✅ Los Angeles Dodgers @ Pittsburgh Pirates — lineups confirmed  ✅ BET TOTALS/PROPS
  ✅ Minnesota Twins @ Detroit Tigers — lineups confirmed  ✅ BET TOTALS/PROPS
  ✅ Arizona Diamondbacks @ Miami Marlins — lineups confirmed  ✅ BET TOTALS/PROPS
  ✅ Philadelphia Phillies @ Toronto Blue Jays — lineups confirmed  ✅ BET TOTALS/PROPS
  ✅ St. Louis Cardinals @ New York Mets — lineups confirmed  ✅ BET TOTALS/PROPS
  ✅ Texas Rangers @ Kansas City Royals — lineups confirmed  ✅ BET TOTALS/PROPS
  ✅ Atlanta Braves @ Chicago White Sox — lineups confirmed  ✅ BET TOTALS/PROPS
  ✅ Chicago Cubs @ Colorado Rockies — lineups confirmed  ✅ BET TOTALS/PROPS
  ✅ Milwaukee Brewers @ Athletics — lineups confirmed  ✅ BET TOTALS/PROPS
  ✅ Houston Astros @ Los Angeles Angels — lineups confirmed  ✅ BET TOTALS/PROPS

  ════════════════════════════════════════════════════════════════
  PICK-BY-PICK BET STATUS
  ────────────────────────────────────────────────────────────────

  MLB
    ✅ BET NOW                                   UNDER 14.0                    -105    edge 5.3%

  NBA
    ✅ BET NOW  (trigger: inactives ✓)           OVER 216.5                    -109    edge 15.4%

  ════════════════════════════════════════════════════════════════
  Re-run 'python3 chef.py gates' to refresh trigger status.


  ════════════════════════════════════════════════════════════════
  BET GATES CHECK — 2026-06-11 23:00 ET
  ════════════════════════════════════════════════════════════════

  ── NHL Goalie Check ─────────────────────────────────────
  ⏳ Vegas Golden Knights at Carolina Hurricanes — T--180min, goalies NOT confirmed yet — HOLD totals

  ════════════════════════════════════════════════════════════════
  PICK-BY-PICK BET STATUS
  ────────────────────────────────────────────────────────────────

  NHL
    ⏳ HOLD     (waiting: goalie)                Under 6.0                     -102    edge 6.4%

  ════════════════════════════════════════════════════════════════
  Re-run 'python3 chef.py gates' to refresh trigger status.


  ════════════════════════════════════════════════════════════════
  BET GATES CHECK — 2026-06-12 22:00 ET
  ════════════════════════════════════════════════════════════════

  ── MLB Lineup Check ─────────────────────────────────────
  ⚠  MLB Stats API fetch failed: HTTPSConnectionPool(host='statsapi.mlb.com', port=443): Max retries exceeded with url: /api/v1/schedule?sportId=1&date=2026-06-12&hydrate=lineups (Caused by NewConnectionError('<urllib3.connection.HTTPSConnection object at 0x103c82210>: Failed to establish a new connection: [Errno 8] nodename nor servname provided, or not known'))

  ════════════════════════════════════════════════════════════════
  PICK-BY-PICK BET STATUS
  ────────────────────────────────────────────────────────────────

  MLB
    ✅ BET NOW                                   UNDER 13.5                    -105    edge 5.7%
    ✅ BET NOW                                   Chicago Cubs                  -104    edge 12.8%

  ════════════════════════════════════════════════════════════════
  Re-run 'python3 chef.py gates' to refresh trigger status.


  ════════════════════════════════════════════════════════════════
  BET GATES CHECK — 2026-06-13 21:00 ET
  ════════════════════════════════════════════════════════════════

  ── NBA Inactives Check ──────────────────────────────────
  📋 New York Knicks at San Antonio Spurs — T--30min, no inactives yet (healthy roster or not posted)

  ── MLB Lineup Check ─────────────────────────────────────
  ✅ St. Louis Cardinals @ Minnesota Twins — lineups confirmed  ✅ BET TOTALS/PROPS
  ✅ New York Yankees @ Toronto Blue Jays — lineups confirmed  ✅ BET TOTALS/PROPS
  ✅ San Diego Padres @ Baltimore Orioles — lineups confirmed  ✅ BET TOTALS/PROPS
  ✅ Seattle Mariners @ Washington Nationals — lineups confirmed  ✅ BET TOTALS/PROPS
  ✅ Miami Marlins @ Pittsburgh Pirates — lineups confirmed  ✅ BET TOTALS/PROPS
  ✅ Arizona Diamondbacks @ Cincinnati Reds — lineups confirmed  ✅ BET TOTALS/PROPS
  ✅ Detroit Tigers @ Cleveland Guardians — lineups confirmed  ✅ BET TOTALS/PROPS
  ✅ Texas Rangers @ Boston Red Sox — lineups confirmed  ✅ BET TOTALS/PROPS
  ✅ Atlanta Braves @ New York Mets — lineups confirmed  ✅ BET TOTALS/PROPS
  ✅ Los Angeles Dodgers @ Chicago White Sox — lineups confirmed  ✅ BET TOTALS/PROPS
  ✅ Houston Astros @ Kansas City Royals — lineups confirmed  ✅ BET TOTALS/PROPS
  ✅ Philadelphia Phillies @ Milwaukee Brewers — lineups confirmed  ✅ BET TOTALS/PROPS
  ✅ Colorado Rockies @ Athletics — lineups confirmed  ✅ BET TOTALS/PROPS
  ✅ Chicago Cubs @ San Francisco Giants — lineups confirmed  ✅ BET TOTALS/PROPS
  ✅ Tampa Bay Rays @ Los Angeles Angels — lineups confirmed  ✅ BET TOTALS/PROPS

  ════════════════════════════════════════════════════════════════
  PICK-BY-PICK BET STATUS
  ────────────────────────────────────────────────────────────────

  MLB
    ✅ BET NOW                                   UNDER 14.0                    +105    edge 7.4%
    ✅ BET NOW                                   Chicago Cubs                  -125    edge 16.4%

  NBA
    ✅ BET NOW  (trigger: inactives ✓)           OVER 216.5                    -110    edge 13.9%
    ✅ BET NOW  (trigger: inactives ✓)           OVER 217.0                    -108    edge 14.2%

  ════════════════════════════════════════════════════════════════
  Re-run 'python3 chef.py gates' to refresh trigger status.


  ════════════════════════════════════════════════════════════════
  BET GATES CHECK — 2026-06-13 22:00 ET
  ════════════════════════════════════════════════════════════════

  ── NBA Inactives Check ──────────────────────────────────
  📋 New York Knicks at San Antonio Spurs — T--90min, no inactives yet (healthy roster or not posted)

  ── MLB Lineup Check ─────────────────────────────────────
  ✅ St. Louis Cardinals @ Minnesota Twins — lineups confirmed  ✅ BET TOTALS/PROPS
  ✅ New York Yankees @ Toronto Blue Jays — lineups confirmed  ✅ BET TOTALS/PROPS
  ✅ San Diego Padres @ Baltimore Orioles — lineups confirmed  ✅ BET TOTALS/PROPS
  ✅ Seattle Mariners @ Washington Nationals — lineups confirmed  ✅ BET TOTALS/PROPS
  ✅ Miami Marlins @ Pittsburgh Pirates — lineups confirmed  ✅ BET TOTALS/PROPS
  ✅ Arizona Diamondbacks @ Cincinnati Reds — lineups confirmed  ✅ BET TOTALS/PROPS
  ✅ Detroit Tigers @ Cleveland Guardians — lineups confirmed  ✅ BET TOTALS/PROPS
  ✅ Texas Rangers @ Boston Red Sox — lineups confirmed  ✅ BET TOTALS/PROPS
  ✅ Atlanta Braves @ New York Mets — lineups confirmed  ✅ BET TOTALS/PROPS
  ✅ Los Angeles Dodgers @ Chicago White Sox — lineups confirmed  ✅ BET TOTALS/PROPS
  ✅ Houston Astros @ Kansas City Royals — lineups confirmed  ✅ BET TOTALS/PROPS
  ✅ Philadelphia Phillies @ Milwaukee Brewers — lineups confirmed  ✅ BET TOTALS/PROPS
  ✅ Colorado Rockies @ Athletics — lineups confirmed  ✅ BET TOTALS/PROPS
  ✅ Chicago Cubs @ San Francisco Giants — lineups confirmed  ✅ BET TOTALS/PROPS
  ✅ Tampa Bay Rays @ Los Angeles Angels — lineups confirmed  ✅ BET TOTALS/PROPS

  ════════════════════════════════════════════════════════════════
  PICK-BY-PICK BET STATUS
  ────────────────────────────────────────────────────────────────

  MLB
    ✅ BET NOW                                   UNDER 14.0                    +105    edge 7.4%
    ✅ BET NOW                                   Chicago Cubs                  -125    edge 16.4%

  NBA
    ✅ BET NOW  (trigger: inactives ✓)           OVER 216.5                    -110    edge 13.9%
    ✅ BET NOW  (trigger: inactives ✓)           OVER 217.0                    -108    edge 14.2%

  ════════════════════════════════════════════════════════════════
  Re-run 'python3 chef.py gates' to refresh trigger status.


  ════════════════════════════════════════════════════════════════
  BET GATES CHECK — 2026-06-13 23:00 ET
  ════════════════════════════════════════════════════════════════

  ── NBA Inactives Check ──────────────────────────────────
  📋 New York Knicks at San Antonio Spurs — T--150min, no inactives yet (healthy roster or not posted)

  ── MLB Lineup Check ─────────────────────────────────────
  ✅ St. Louis Cardinals @ Minnesota Twins — lineups confirmed  ✅ BET TOTALS/PROPS
  ✅ New York Yankees @ Toronto Blue Jays — lineups confirmed  ✅ BET TOTALS/PROPS
  ✅ San Diego Padres @ Baltimore Orioles — lineups confirmed  ✅ BET TOTALS/PROPS
  ✅ Seattle Mariners @ Washington Nationals — lineups confirmed  ✅ BET TOTALS/PROPS
  ✅ Miami Marlins @ Pittsburgh Pirates — lineups confirmed  ✅ BET TOTALS/PROPS
  ✅ Arizona Diamondbacks @ Cincinnati Reds — lineups confirmed  ✅ BET TOTALS/PROPS
  ✅ Detroit Tigers @ Cleveland Guardians — lineups confirmed  ✅ BET TOTALS/PROPS
  ✅ Texas Rangers @ Boston Red Sox — lineups confirmed  ✅ BET TOTALS/PROPS
  ✅ Atlanta Braves @ New York Mets — lineups confirmed  ✅ BET TOTALS/PROPS
  ✅ Los Angeles Dodgers @ Chicago White Sox — lineups confirmed  ✅ BET TOTALS/PROPS
  ✅ Houston Astros @ Kansas City Royals — lineups confirmed  ✅ BET TOTALS/PROPS
  ✅ Philadelphia Phillies @ Milwaukee Brewers — lineups confirmed  ✅ BET TOTALS/PROPS
  ✅ Colorado Rockies @ Athletics — lineups confirmed  ✅ BET TOTALS/PROPS
  ✅ Chicago Cubs @ San Francisco Giants — lineups confirmed  ✅ BET TOTALS/PROPS
  ✅ Tampa Bay Rays @ Los Angeles Angels — lineups confirmed  ✅ BET TOTALS/PROPS

  ════════════════════════════════════════════════════════════════
  PICK-BY-PICK BET STATUS
  ────────────────────────────────────────────────────────────────

  MLB
    ✅ BET NOW                                   UNDER 14.0                    +105    edge 7.4%
    ✅ BET NOW                                   Chicago Cubs                  -125    edge 16.4%

  NBA
    ✅ BET NOW  (trigger: inactives ✓)           OVER 216.5                    -110    edge 13.9%
    ✅ BET NOW  (trigger: inactives ✓)           OVER 217.0                    -108    edge 14.2%

  ════════════════════════════════════════════════════════════════
  Re-run 'python3 chef.py gates' to refresh trigger status.


  ════════════════════════════════════════════════════════════════
  BET GATES CHECK — 2026-06-14 21:02 ET
  ════════════════════════════════════════════════════════════════

  ℹ  No pending card picks found for today.


  ════════════════════════════════════════════════════════════════
  BET GATES CHECK — 2026-06-14 22:04 ET
  ════════════════════════════════════════════════════════════════

  ℹ  No pending card picks found for today.


  ════════════════════════════════════════════════════════════════
  BET GATES CHECK — 2026-06-15 21:00 ET
  ════════════════════════════════════════════════════════════════

  ℹ  No pending card picks found for today.


  ════════════════════════════════════════════════════════════════
  BET GATES CHECK — 2026-06-15 22:00 ET
  ════════════════════════════════════════════════════════════════

  ℹ  No pending card picks found for today.

