
  ── Deploy Picks → Vercel  [2026-05-29 03:50] ──────────────────────
  ▸ Refreshing public_stats.json...
  ✓ Stats refreshed → web/public/data/public_stats.json
  ✓ Committed: recap: 20260529
  ✗ Push failed: fatal: could not read Username for 'https://github.com': Device not configured


  📲 13 picks now live for subscribers:
     MLB  Kansas City Royals              +108     edge 19.0%
     MLB  Boston Red Sox                  +102     edge 18.3%
     MLB  San Diego Padres                -110     edge 16.9%
     MLB  San Francisco Giants            -159     edge 16.4%
     MLB  Minnesota Twins                 +115     edge 15.7%
     ... and 8 more


  ── Nightly Recap Card — 20260529 ─────────────────────────
  13 card picks — 0W 0L 13 pending — +0.00u
  ⭐ POTD: Kansas City Royals (+108) — LIVE
  ✓ HTML → /Users/anthonymccrovitz/march-madness/output/recap/20260529/recap_card.html
  ✓ PNG  → /Users/anthonymccrovitz/march-madness/output/recap/20260529/recap_card.png  (0W-0L +0.00u)

  ▸ Deploying to Vercel...

  📲 Post this to IG / X: /Users/anthonymccrovitz/march-madness/output/recap/20260529/recap_card.png


  ── Deploy Picks → Vercel  [2026-06-01 03:50] ──────────────────────
  ▸ Refreshing public_stats.json...
  ✓ Stats refreshed → web/public/data/public_stats.json
  ✓ Committed: recap: 20260601
  ✗ Push failed: fatal: could not read Username for 'https://github.com': Device not configured


  📲 4 picks now live for subscribers:
     NBA  OVER 218.5                      -110     edge 14.7%
     NHL  Under 5.5                       +100     edge 8.8%
     MLB  OVER 8.0                        +110     edge 1.8%
     MLB  OVER 8.5                        -110     edge 1.7%


  ── Nightly Recap Card — 20260601 ─────────────────────────
  4 card picks — 0W 0L 4 pending — +0.00u
  ⭐ POTD: OVER 218.5 (-110) — LIVE
  ✓ HTML → /Users/anthonymccrovitz/march-madness/output/recap/20260601/recap_card.html
  ✓ PNG  → /Users/anthonymccrovitz/march-madness/output/recap/20260601/recap_card.png  (0W-0L +0.00u)

  ▸ Deploying to Vercel...

  📲 Post this to IG / X: /Users/anthonymccrovitz/march-madness/output/recap/20260601/recap_card.png


  ── Deploy Picks → Vercel  [2026-06-07 03:50] ──────────────────────
  ▸ Refreshing public_stats.json...
  ✓ Stats refreshed → web/public/data/public_stats.json
  ✓ Committed: recap: 20260607
  ✗ Push failed: fatal: could not read Username for 'https://github.com': Device not configured


  📲 3 picks now live for subscribers:
     MLB  UNDER 8.5                       +100     edge 2.0%
     MLB  UNDER 9.0                       +115     edge 1.2%
     MLB  OVER 8.0                        +110     edge 1.1%


  ── Nightly Recap Card — 20260607 ─────────────────────────
  3 card picks — 0W 0L 3 pending — +0.00u
  ⭐ POTD: UNDER 8.5 (+100) — LIVE
  ✓ HTML → /Users/anthonymccrovitz/march-madness/output/recap/20260607/recap_card.html
  ✓ PNG  → /Users/anthonymccrovitz/march-madness/output/recap/20260607/recap_card.png  (0W-0L +0.00u)

  ▸ Deploying to Vercel...

  📲 Post this to IG / X: /Users/anthonymccrovitz/march-madness/output/recap/20260607/recap_card.png


  ── Deploy Picks → Vercel  [2026-06-08 03:50] ──────────────────────
  ▸ Refreshing public_stats.json...
  ✓ Stats refreshed → web/public/data/public_stats.json
  ✓ Committed: recap: 20260608
  ✗ Push failed: fatal: could not read Username for 'https://github.com': Device not configured


  📲 3 picks now live for subscribers:
     NBA  OVER 216.5                      -105     edge 15.2%
     MLB  UNDER 10.5                      +105     edge 2.1%
     MLB  OVER 9.0                        -107     edge 1.2%


  ── Nightly Recap Card — 20260608 ─────────────────────────
  3 card picks — 0W 0L 3 pending — +0.00u
  ⭐ POTD: OVER 216.5 (-105) — LIVE
  ✓ HTML → /Users/anthonymccrovitz/march-madness/output/recap/20260608/recap_card.html
  ✓ PNG  → /Users/anthonymccrovitz/march-madness/output/recap/20260608/recap_card.png  (0W-0L +0.00u)

  ▸ Deploying to Vercel...

  📲 Post this to IG / X: /Users/anthonymccrovitz/march-madness/output/recap/20260608/recap_card.png


  ── Deploy Picks → Vercel  [2026-06-09 03:50] ──────────────────────
  ▸ Refreshing public_stats.json...
  ✓ Stats refreshed → web/public/data/public_stats.json
  ✓ Committed: recap: 20260609
  ✗ Push failed: fatal: could not read Username for 'https://github.com': Device not configured


  📲 4 picks now live for subscribers:
     NHL  Under 6.0                       -110     edge 5.9%
     MLB  UNDER 11.5                      -105     edge 3.7%
     MLB  OVER 8.5                        -102     edge 2.1%
     MLB  UNDER 9.5                       -110     edge 1.2%


  ── Nightly Recap Card — 20260609 ─────────────────────────
  4 card picks — 0W 0L 4 pending — +0.00u
  ⭐ POTD: Under 6.0 (-110) — LIVE
  ✓ HTML → /Users/anthonymccrovitz/march-madness/output/recap/20260609/recap_card.html
  ✓ PNG  → /Users/anthonymccrovitz/march-madness/output/recap/20260609/recap_card.png  (0W-0L +0.00u)

  ▸ Deploying to Vercel...

  📲 Post this to IG / X: /Users/anthonymccrovitz/march-madness/output/recap/20260609/recap_card.png


  ── Deploy Picks → Vercel  [2026-06-10 03:50] ──────────────────────
  ▸ Refreshing public_stats.json...
  ✓ Stats refreshed → web/public/data/public_stats.json
  ✓ Committed: recap: 20260610
  ✗ Push failed: fatal: could not read Username for 'https://github.com': Device not configured


  📲 2 picks now live for subscribers:
     NBA  OVER 216.5                      -109     edge 15.4%
     MLB  UNDER 14.0                      -105     edge 5.3%


  ── Nightly Recap Card — 20260610 ─────────────────────────
  2 card picks — 0W 0L 2 pending — +0.00u
  ⭐ POTD: OVER 216.5 (-109) — LIVE
  ✓ HTML → /Users/anthonymccrovitz/march-madness/output/recap/20260610/recap_card.html
  ✓ PNG  → /Users/anthonymccrovitz/march-madness/output/recap/20260610/recap_card.png  (0W-0L +0.00u)

  ▸ Deploying to Vercel...

  📲 Post this to IG / X: /Users/anthonymccrovitz/march-madness/output/recap/20260610/recap_card.png


  ── Deploy Picks → Vercel  [2026-06-11 03:50] ──────────────────────
  ▸ Refreshing public_stats.json...
  ✓ Stats refreshed → web/public/data/public_stats.json
  ✓ Committed: recap: 20260611
  ✗ Push failed: fatal: could not read Username for 'https://github.com': Device not configured


  📲 2 picks now live for subscribers:
     MLB  Chicago Cubs                    -142     edge 8.2%
     NHL  Under 6.0                       -102     edge 6.4%


  ── Nightly Recap Card — 20260611 ─────────────────────────
  2 card picks — 0W 0L 2 pending — +0.00u
  ⭐ POTD: Chicago Cubs (-142) — LIVE
  ✓ HTML → /Users/anthonymccrovitz/march-madness/output/recap/20260611/recap_card.html
  ✓ PNG  → /Users/anthonymccrovitz/march-madness/output/recap/20260611/recap_card.png  (0W-0L +0.00u)

  ▸ Deploying to Vercel...

  📲 Post this to IG / X: /Users/anthonymccrovitz/march-madness/output/recap/20260611/recap_card.png


  ── Deploy Picks → Vercel  [2026-06-12 03:50] ──────────────────────
  ▸ Refreshing public_stats.json...
  ✓ Stats refreshed → web/public/data/public_stats.json
  ✓ Committed: recap: 20260612
  ✗ Push failed: fatal: could not read Username for 'https://github.com': Device not configured


  📲 2 picks now live for subscribers:
     MLB  Chicago Cubs                    -104     edge 12.8%
     MLB  UNDER 13.5                      -105     edge 5.7%


  ── Nightly Recap Card — 20260612 ─────────────────────────
  2 card picks — 0W 0L 2 pending — +0.00u
  ⭐ POTD: Chicago Cubs (-104) — LIVE
  ✓ HTML → /Users/anthonymccrovitz/march-madness/output/recap/20260612/recap_card.html
  ✓ PNG  → /Users/anthonymccrovitz/march-madness/output/recap/20260612/recap_card.png  (0W-0L +0.00u)

  ▸ Deploying to Vercel...

  📲 Post this to IG / X: /Users/anthonymccrovitz/march-madness/output/recap/20260612/recap_card.png


  ── Deploy Picks → Vercel  [2026-06-14 03:50] ──────────────────────
  ▸ Refreshing public_stats.json...
  ✓ Stats refreshed → web/public/data/public_stats.json
  ✓ Committed: recap: 20260614
  ✗ Push failed: fatal: could not read Username for 'https://github.com': Device not configured


  📲 2 picks now live for subscribers:
     MLB  St. Louis Cardinals             +100     edge 14.5%
     MLB  UNDER 14.0                      -105     edge 6.8%


  ── Nightly Recap Card — 20260614 ─────────────────────────
  2 card picks — 0W 0L 2 pending — +0.00u
  ⭐ POTD: St. Louis Cardinals (+100) — LIVE
  ✓ HTML → /Users/anthonymccrovitz/march-madness/output/recap/20260614/recap_card.html
  ✓ PNG  → /Users/anthonymccrovitz/march-madness/output/recap/20260614/recap_card.png  (0W-0L +0.00u)

  ▸ Deploying to Vercel...

  📲 Post this to IG / X: /Users/anthonymccrovitz/march-madness/output/recap/20260614/recap_card.png

