/Library/Frameworks/Python.framework/Versions/3.11/Resources/Python.app/Contents/MacOS/Python: can't open file '/Users/anthonymccrovitz/scripts/gen_result_cards.py': [Errno 2] No such file or directory
  [result_cards] 2026-06-01 — 0W 4L, generating cards...
    ❌ UNDER 10.0 → result_loss_under_10.0.png
    ❌ UNDER 11.0 → result_loss_under_11.0.png
    ❌ UNDER 10.5 → result_loss_under_10.5.png
    ❌ UNDER 9.0 → result_loss_under_9.0.png
  [result_cards] 4 card(s) → /Users/anthonymccrovitz/march-madness/output/result_cards/20260601
  [result_cards] 2026-06-06 — 0W 3L, generating cards...
    ❌ UNDER 11.0 → result_loss_under_11.0.png
    ❌ OVER 7.5 → result_loss_over_7.5.png
    ❌ Chicago White Sox → result_loss_chicago_white_sox.png
  [result_cards] 3 card(s) → /Users/anthonymccrovitz/march-madness/output/result_cards/20260606
  [result_cards] 2026-06-07 — 2W 5L, generating cards...
    ❌ OVER 10.5 → result_loss_over_10.5.png
    ❌ OVER 8.0 → result_loss_over_8.0.png
    ❌ UNDER 9.5 → result_loss_under_9.5.png
    ❌ OVER 8.5 → result_loss_over_8.5.png
    ✅ OVER 9.5 → result_win_over_9.5.png
    ❌ OVER 7.5 → result_loss_over_7.5.png
    ✅ UNDER 10.0 → result_win_under_10.0.png
  [result_cards] 7 card(s) → /Users/anthonymccrovitz/march-madness/output/result_cards/20260607
  [result_cards] 2026-06-08 — 3W 2L, generating cards...
    ✅ UNDER 8.5 → result_win_under_8.5.png
    ✅ UNDER 9.0 → result_win_under_9.0.png
    ❌ OVER 8.0 → result_loss_over_8.0.png
    ✅ UNDER 9.5 → result_win_under_9.5.png
    ❌ UNDER 7.5 → result_loss_under_7.5.png
  [result_cards] 5 card(s) → /Users/anthonymccrovitz/march-madness/output/result_cards/20260608
  [result_cards] 2026-06-09 — 1W 3L, generating cards...
    ❌ UNDER 10.5 → result_loss_under_10.5.png
    ⬜ OVER 9.0 → result_push_over_9.0.png
    ✅ OVER 216.5 → result_win_over_216.5.png
    ❌ UNDER 11.0 → result_loss_under_11.0.png
    ❌ UNDER 8.0 → result_loss_under_8.0.png
  [result_cards] 5 card(s) → /Users/anthonymccrovitz/march-madness/output/result_cards/20260609
  [result_cards] 2026-06-10 — 1W 0L, generating cards...
    ✅ UNDER 13.0 → result_win_under_13.0.png
  [result_cards] 1 card(s) → /Users/anthonymccrovitz/march-madness/output/result_cards/20260610
  [result_cards] 2026-06-11 — 1W 1L, generating cards...
    ✅ UNDER 14.0 → result_win_under_14.0.png
    ❌ OVER 216.5 → result_loss_over_216.5.png
  [result_cards] 2 card(s) → /Users/anthonymccrovitz/march-madness/output/result_cards/20260611
  [result_cards] 2026-06-14 — 0W 2L, generating cards...
    ❌ OVER 216.5 → result_loss_over_216.5.png
    ❌ OVER 217.0 → result_loss_over_217.0.png
  [result_cards] 2 card(s) → /Users/anthonymccrovitz/march-madness/output/result_cards/20260614
