  resumed frontier: 17732 pending
     25 fetched |  18080 queued |    905 cached | last: Mehdi Baghdad (14, 9, 0)
     50 fetched |  18426 queued |    933 cached | last: Raquel Pennington (25, 11, 0)
     75 fetched |  18795 queued |    958 cached | last: Chase Hackett (8, 4, 0)
    100 fetched |  19227 queued |    983 cached | last: Manuel Torres (17, 4, 0)
    125 fetched |  19598 queued |   1008 cached | last: George Sullivan (19, 8, 0)
    150 fetched |  20135 queued |   1033 cached | last: Brian Kelleher (27, 16, 0)
    175 fetched |  20577 queued |   1058 cached | last: Joao Mendes (5, 3, 0)
    200 fetched |  20947 queued |   1083 cached | last: Godofredo Castro (14, 7, 0)
    225 fetched |  21160 queued |   1108 cached | last: Dustin Dipuma (5, 3, 0)
    250 fetched |  22112 queued |   1133 cached | last: Mike Hayes (23, 13, 2)
    275 fetched |  22526 queued |   1158 cached | last: Marcos Ayub (1, 2, 0)
    300 fetched |  22980 queued |   1183 cached | last: Jack Della Maddalena (20, 4, 0)
    325 fetched |  23376 queued |   1208 cached | last: Tim Kennedy (18, 6, 0)
    350 fetched |  23754 queued |   1233 cached | last: Papy Abedi (10, 4, 0)
    375 fetched |  24124 queued |   1258 cached | last: Nick Frazier (0, 1, 0)
    400 fetched |  24624 queued |   1283 cached | last: Khadis Ibragimov (17, 7, 0)
    425 fetched |  25070 queued |   1308 cached | last: Myles Price (11, 10, 0)
    450 fetched |  25337 queued |   1333 cached | last: Tom Watson (17, 9, 0)
    475 fetched |  25914 queued |   1358 cached | last: Joao Paulo Rodrigues de Souz (37, 21, 2)
    500 fetched |  26250 queued |   1383 cached | last: Ronaldo Campos (4, 3, 0)
    525 fetched |  26641 queued |   1408 cached | last: Mizuto Hirota (20, 11, 2)
    550 fetched |  26954 queued |   1433 cached | last: Ian Berg (7, 5, 0)
    575 fetched |  27510 queued |   1458 cached | last: Luis Magana (5, 4, 0)
    600 fetched |  27935 queued |   1483 cached | last: Caleb Krull (6, 5, 0)
    625 fetched |  28373 queued |   1508 cached | last: Trevin Giles (18, 7, 0)
    650 fetched |  28686 queued |   1533 cached | last: Caio Cabrito (0, 1, 0)
    675 fetched |  29134 queued |   1558 cached | last: Bruno Guerreiro (1, 1, 0)
    700 fetched |  29456 queued |   1583 cached | last: Anthony Macias (26, 18, 0)
    725 fetched |  29885 queued |   1608 cached | last: Antonio Mendes (18, 13, 0)
    750 fetched |  30265 queued |   1633 cached | last: Ivan Iberico (15, 2, 0)
    775 fetched |  30620 queued |   1658 cached | last: Neilson Gomes (22, 7, 0)
    800 fetched |  30968 queued |   1683 cached | last: Raimundo Buda (0, 1, 0)
    825 fetched |  31318 queued |   1708 cached | last: Ronaldo Carvalho (0, 1, 0)
    850 fetched |  31618 queued |   1733 cached | last: Peter Angerer (12, 13, 0)
    875 fetched |  32063 queued |   1758 cached | last: Steve Lopez (13, 6, 1)
    900 fetched |  32279 queued |   1783 cached | last: Ramon Diaz (2, 3, 0)
    925 fetched |  32565 queued |   1808 cached | last: Steve Powers (2, 0, 0)
    950 fetched |  32862 queued |   1833 cached | last: Daniel Straus (28, 10, 0)
    975 fetched |  33136 queued |   1858 cached | last: Renee Forte (8, 4, 0)
   1000 fetched |  33349 queued |   1884 cached | last: Cory Cass (4, 6, 0)
   1025 fetched |  33705 queued |   1909 cached | last: Aloisio Barros (12, 13, 1)
   1050 fetched |  34189 queued |   1934 cached | last: Calvin Martin (4, 16, 0)
   1075 fetched |  34459 queued |   1959 cached | last: Josh Kennedy (0, 2, 0)
   1100 fetched |  34704 queued |   1984 cached | last: Jesse Juarez (23, 12, 0)
   1125 fetched |  34964 queued |   2009 cached | last: Ali Ibrahim Abdelaziz (3, 3, 0)
   1150 fetched |  35408 queued |   2034 cached | last: Jay R. Palmer (18, 21, 0)
   1175 fetched |  35801 queued |   2059 cached | last: Vitaliy Ostrovskiy (9, 12, 0)
   1200 fetched |  36036 queued |   2084 cached | last: Rich Moskowitz (12, 7, 0)
   1225 fetched |  36280 queued |   2109 cached | last: Francisco Soares (5, 2, 0)
   1250 fetched |  36576 queued |   2134 cached | last: Kerim Abzailov (10, 4, 0)
   1275 fetched |  37165 queued |   2159 cached | last: Tom Maguire (9, 6, 0)
   1300 fetched |  37555 queued |   2184 cached | last: Ryan McGillivray (13, 7, 1)
   1325 fetched |  37859 queued |   2209 cached | last: Yuri Ivlev (21, 12, 0)
   1350 fetched |  38246 queued |   2234 cached | last: Martin Brown (15, 6, 0)
   1375 fetched |  38527 queued |   2259 cached | last: Nelson Carvalho (9, 5, 0)
   1400 fetched |  38938 queued |   2284 cached | last: Marcelo Silva (2, 4, 0)
   1425 fetched |  39278 queued |   2309 cached | last: Quinton Moreno (0, 2, 0)
   1450 fetched |  39612 queued |   2334 cached | last: Maik Ferrante (8, 7, 0)
   1475 fetched |  39967 queued |   2359 cached | last: Magomed Umalatov (25, 3, 0)
   1500 fetched |  40326 queued |   2384 cached | last: Vitaly Bigdash (14, 5, 0)
   1525 fetched |  40869 queued |   2409 cached | last: Shakhban Alkhasov (9, 4, 0)
   1550 fetched |  41272 queued |   2434 cached | last: Bayasgalan Temuujin (1, 3, 0)
   1575 fetched |  41675 queued |   2459 cached | last: Sultan Omarov (25, 3, 0)
   1600 fetched |  41965 queued |   2484 cached | last: Diego Palau (2, 11, 0)
   1625 fetched |  42384 queued |   2509 cached | last: Sergio Murillo (0, 1, 0)
   1650 fetched |  42551 queued |   2534 cached | last: Jarred Mercado (16, 5, 0)
   1675 fetched |  42809 queued |   2559 cached | last: Fernando Perez (7, 17, 0)
   1700 fetched |  43093 queued |   2584 cached | last: Kyle Watson (17, 9, 1)
   1725 fetched |  43417 queued |   2609 cached | last: Fozil Nuralizoda (2, 4, 0)
   1750 fetched |  43663 queued |   2634 cached | last: Adam Therriault (2, 4, 0)
   1775 fetched |  43907 queued |   2659 cached | last: Andrey Koreshkov (31, 6, 0)
   1800 fetched |  44276 queued |   2684 cached | last: Del Hawkins (22, 17, 0)
   1825 fetched |  44650 queued |   2709 cached | last: Edgar Balderrama (0, 1, 0)
   1850 fetched |  44877 queued |   2734 cached | last: Reginaldo Vieira (21, 10, 0)
   1875 fetched |  45196 queued |   2759 cached | last: Josh Huber (26, 13, 0)
   1900 fetched |  45588 queued |   2784 cached | last: Ryan MacDonald (17, 6, 0)
   1925 fetched |  45838 queued |   2809 cached | last: Terence Aflague (4, 1, 0)
   1950 fetched |  46008 queued |   2834 cached | last: Palika Drummondo (2, 5, 0)
   1975 fetched |  46266 queued |   2859 cached | last: Sung Hwa Han (7, 5, 0)
