
=================================================================
  WEEKLY ALGO AUDIT — May 28, 2026
=================================================================

📈 SHADOW MODELS (promotion check — need ≥30 picks, ≥55% WR, +ROI)
  Model                                  W    L     WR%    Profit  Verdict
  --------------------------------------------------------------
  mlb/f5_total                          63   47   57.3%     +0.83u  ✅ READY TO PROMOTE
  mlb/moneyline                         75   92   44.9%     -0.43u  — building sample
  mlb/nrfi                              81   82   49.7%     -7.13u  ❌ Shelve
  mlb/pitcher_strikeouts                83  108   43.5%    -16.17u  ❌ Shelve
  mlb/prop                             193  153   55.8%     -6.75u  ❌ Shelve
  mlb/spread                            88   70   55.7%     -0.48u  — building sample
  mlb/total                             17   16   51.5%     +1.25u  👀 Watch (WR low)
  nba/moneyline                         28   24   53.8%     -4.21u  — building sample
  nba/prop                             134  150   47.2%     -4.31u  — building sample
  nba/spread                            48   51   48.5%     -6.29u  ❌ Shelve
  nba/total                              5    3   62.5%     +1.74u  — building sample
  nhl/player_assists                     9    5   64.3%     +1.88u  — building sample
  nhl/player_goals                       2    5   28.6%     -4.20u  — building sample
  nhl/player_points                      8    9   47.1%     -1.17u  — building sample
  nhl/player_shots_on_goal               5    6   45.5%     -1.84u  — building sample
  nhl/total                              3    2   60.0%     +0.61u  — building sample
  soccer_copa/moneyline                  0    7    0.0%     -3.50u  — building sample
  soccer_mls/moneyline                   2    9   18.2%     -2.02u  — building sample
  tennis/moneyline                       4   27   12.9%    -10.12u  ❌ Shelve
  wnba/moneyline                         3    2   60.0%     +5.05u  — building sample
  wnba/spread                            0    8    0.0%     -6.00u  ❌ Shelve
  wnba/total                             4    5   44.4%     -0.30u  — building sample

📉 LIVE MODELS (demotion check — rolling last 60 picks)
  Model                                  W    L     WR%    Profit  Status
  --------------------------------------------------------------
  mlb/moneyline                         32   28   53.3%     +6.06u  ✅ Healthy (ROI +10.1%)
  mlb/total                             13    7   65.0%     +5.60u  ✅ Healthy (ROI +28.0%)
  nba/spread                           (< 10 settled — too early to judge)
  nba/total                             39   21   65.0%    +15.12u  ✅ Healthy (ROI +25.2%)
  nhl/moneyline                        (< 10 settled — too early to judge)
  nhl/puck_line                        (< 10 settled — too early to judge)
  nhl/total                            (< 10 settled — too early to judge)
  soccer/moneyline                       4    8   33.3%     +1.10u  ✅ Healthy (ROI +9.2%)

📅 THIS WEEK (2026-05-21 → 2026-05-28)
   Card picks: 45W-40L  +9.65u  WR 52.9%

🏆 SEASON TO DATE
   108W-70L  +38.41u  WR 60.7%  ROI +21.6%
=================================================================

=================================================================
  WEEKLY ALGO AUDIT — May 31, 2026
=================================================================

📈 SHADOW MODELS (promotion check — need ≥30 picks, ≥55% WR, +ROI)
  Model                                  W    L     WR%    Profit  Verdict
  --------------------------------------------------------------
  mlb/f5_total                          74   65   53.2%     -8.02u  ❌ Shelve
  mlb/moneyline                         84  112   42.9%    -12.15u  ❌ Shelve
  mlb/nrfi                              89   94   48.6%    -11.70u  ❌ Shelve
  mlb/pitcher_strikeouts                83  108   43.5%    -16.17u  ❌ Shelve
  mlb/prop                             207  157   56.9%     -5.87u  ❌ Shelve
  mlb/spread                            88   70   55.7%     -0.48u  — building sample
  mlb/total                             17   16   51.5%     +1.25u  👀 Watch (WR low)
  nba/moneyline                         28   24   53.8%     -4.21u  — building sample
  nba/prop                             136  151   47.4%     -3.04u  — building sample
  nba/spread                            48   51   48.5%     -6.29u  ❌ Shelve
  nba/total                              5    3   62.5%     +1.74u  — building sample
  nhl/moneyline                          0    5    0.0%     -4.50u  — building sample
  nhl/player_assists                    15   13   53.6%     -1.99u  — building sample
  nhl/player_goals                       4    9   30.8%     -5.46u  ❌ Shelve
  nhl/player_points                     14   17   45.2%     -6.16u  ❌ Shelve
  nhl/player_shots_on_goal              13   12   52.0%     +1.67u  — building sample
  nhl/total                              3    2   60.0%     +0.61u  — building sample
  soccer/moneyline                       4    8   33.3%     +1.10u  — building sample
  soccer_copa/moneyline                  0    7    0.0%     -3.50u  — building sample
  soccer_mls/moneyline                   2    9   18.2%     -2.02u  — building sample
  tennis/moneyline                       8   38   17.4%    -11.60u  ❌ Shelve
  wnba/moneyline                         3    2   60.0%     +5.05u  — building sample
  wnba/spread                            0    8    0.0%     -6.00u  ❌ Shelve
  wnba/total                             4    5   44.4%     -0.30u  — building sample

📉 LIVE MODELS (demotion check — rolling last 60 picks)
  Model                                  W    L     WR%    Profit  Status
  --------------------------------------------------------------
  mlb/moneyline                         28   32   46.7%     -1.31u  ⚠️  ROI -2.2% — CONSIDER DEMOTING
  mlb/total                             20   10   66.7%     +9.37u  ✅ Healthy (ROI +31.2%)
  nba/spread                           (< 10 settled — too early to judge)
  nba/total                             39   21   65.0%    +15.12u  ✅ Healthy (ROI +25.2%)
  nhl/moneyline                        (< 10 settled — too early to judge)
  nhl/puck_line                        (< 10 settled — too early to judge)
  nhl/total                            (< 10 settled — too early to judge)

📅 THIS WEEK (2026-05-24 → 2026-05-31)
   Card picks: 36W-30L  +4.09u  WR 54.5%

🏆 SEASON TO DATE
   118W-74L  +39.16u  WR 61.5%  ROI +20.4%
=================================================================

=================================================================
  WEEKLY ALGO AUDIT — May 31, 2026
=================================================================

📈 SHADOW MODELS (promotion check — need ≥30 picks, ≥55% WR, +ROI)
  Model                                  W    L     WR%    Profit  Verdict
  --------------------------------------------------------------
  mlb/f5_total                          74   65   53.2%     -8.02u  ❌ Shelve
  mlb/moneyline                         84  112   42.9%    -12.15u  ❌ Shelve
  mlb/nrfi                              89   94   48.6%    -11.70u  ❌ Shelve
  mlb/pitcher_strikeouts                83  108   43.5%    -16.17u  ❌ Shelve
  mlb/prop                             207  157   56.9%     -5.87u  ❌ Shelve
  mlb/spread                            88   70   55.7%     -0.48u  — building sample
  mlb/total                             17   16   51.5%     +1.25u  👀 Watch (WR low)
  nba/moneyline                         28   24   53.8%     -4.21u  — building sample
  nba/prop                             136  151   47.4%     -3.04u  — building sample
  nba/spread                            48   51   48.5%     -6.29u  ❌ Shelve
  nba/total                              5    3   62.5%     +1.74u  — building sample
  nhl/moneyline                          0    5    0.0%     -4.50u  — building sample
  nhl/player_assists                    15   13   53.6%     -1.99u  — building sample
  nhl/player_goals                       4    9   30.8%     -5.46u  ❌ Shelve
  nhl/player_points                     14   17   45.2%     -6.16u  ❌ Shelve
  nhl/player_shots_on_goal              13   12   52.0%     +1.67u  — building sample
  nhl/total                              3    2   60.0%     +0.61u  — building sample
  soccer/moneyline                       4    8   33.3%     +1.10u  — building sample
  soccer_copa/moneyline                  0    7    0.0%     -3.50u  — building sample
  soccer_mls/moneyline                   2    9   18.2%     -2.02u  — building sample
  tennis/moneyline                       8   38   17.4%    -11.60u  ❌ Shelve
  wnba/moneyline                         3    2   60.0%     +5.05u  — building sample
  wnba/spread                            0    8    0.0%     -6.00u  ❌ Shelve
  wnba/total                             4    5   44.4%     -0.30u  — building sample

📉 LIVE MODELS (demotion check — rolling last 60 picks)
  Model                                  W    L     WR%    Profit  Status
  --------------------------------------------------------------
  mlb/moneyline                         28   32   46.7%     -1.31u  ⚠️  ROI -2.2% — CONSIDER DEMOTING
  mlb/total                             20   10   66.7%     +9.37u  ✅ Healthy (ROI +31.2%)
  nba/spread                           (< 10 settled — too early to judge)
  nba/total                             39   21   65.0%    +15.12u  ✅ Healthy (ROI +25.2%)
  nhl/moneyline                        (< 10 settled — too early to judge)
  nhl/puck_line                        (< 10 settled — too early to judge)
  nhl/total                            (< 10 settled — too early to judge)

📅 THIS WEEK (2026-05-24 → 2026-05-31)
   Card picks: 36W-30L  +4.09u  WR 54.5%

🏆 SEASON TO DATE
   118W-74L  +39.16u  WR 61.5%  ROI +20.4%
=================================================================

=================================================================
  WEEKLY ALGO AUDIT — June 01, 2026
=================================================================

📈 SHADOW MODELS (promotion check — need ≥30 picks, ≥55% WR, +ROI)
  Model                                  W    L     WR%    Profit  Verdict
  --------------------------------------------------------------
  mlb/f5_total                          76   68   52.8%     -9.53u  ❌ Shelve
  mlb/moneyline                         86  114   43.0%    -12.62u  ❌ Shelve
  mlb/nrfi                              91   96   48.7%    -11.90u  ❌ Shelve
  mlb/pitcher_strikeouts                83  108   43.5%    -16.17u  ❌ Shelve
  mlb/prop                             207  157   56.9%     -5.87u  ❌ Shelve
  mlb/spread                            88   70   55.7%     -0.48u  — building sample
  mlb/total                             17   16   51.5%     +1.25u  👀 Watch (WR low)
  nba/moneyline                         28   24   53.8%     -4.21u  — building sample
  nba/prop                             136  151   47.4%     -3.04u  — building sample
  nba/spread                            48   51   48.5%     -6.29u  ❌ Shelve
  nba/total                              5    3   62.5%     +1.74u  — building sample
  nhl/moneyline                          0    5    0.0%     -4.50u  — building sample
  nhl/player_assists                    15   13   53.6%     -1.99u  — building sample
  nhl/player_goals                       4    9   30.8%     -5.46u  ❌ Shelve
  nhl/player_points                     14   17   45.2%     -6.16u  ❌ Shelve
  nhl/player_shots_on_goal              13   12   52.0%     +1.67u  — building sample
  nhl/total                              3    2   60.0%     +0.61u  — building sample
  soccer/moneyline                       4    8   33.3%     +1.10u  — building sample
  soccer_copa/moneyline                  0    7    0.0%     -3.50u  — building sample
  soccer_mls/moneyline                   2    9   18.2%     -2.02u  — building sample
  tennis/moneyline                       8   38   17.4%    -11.60u  ❌ Shelve
  wnba/moneyline                         3    2   60.0%     +5.05u  — building sample
  wnba/spread                            0    8    0.0%     -6.00u  ❌ Shelve
  wnba/total                             4    5   44.4%     -0.30u  — building sample

📉 LIVE MODELS (demotion check — rolling last 60 picks)
  Model                                  W    L     WR%    Profit  Status
  --------------------------------------------------------------
  mlb/moneyline                         28   32   46.7%     -1.31u  ⚠️  ROI -2.2% — CONSIDER DEMOTING
  mlb/total                             20   14   58.8%     +5.37u  ✅ Healthy (ROI +15.8%)
  nba/spread                           (< 10 settled — too early to judge)
  nba/total                             39   21   65.0%    +15.12u  ✅ Healthy (ROI +25.2%)
  nhl/moneyline                        (< 10 settled — too early to judge)
  nhl/puck_line                        (< 10 settled — too early to judge)
  nhl/total                            (< 10 settled — too early to judge)

📅 THIS WEEK (2026-05-25 → 2026-06-01)
   Card picks: 36W-33L  +1.09u  WR 52.2%

🏆 SEASON TO DATE
   118W-78L  +35.16u  WR 60.2%  ROI +17.9%
=================================================================

=================================================================
  WEEKLY ALGO AUDIT — June 07, 2026
=================================================================

📈 SHADOW MODELS (promotion check — need ≥30 picks, ≥55% WR, +ROI)
  Model                                  W    L     WR%    Profit  Verdict
  --------------------------------------------------------------
  mlb/f5_total                          95  103   48.0%    -28.52u  ❌ Shelve
  mlb/moneyline                        119  143   45.4%     -4.55u  — building sample
  mlb/nrfi                             107  114   48.4%    -16.48u  ❌ Shelve
  mlb/pitcher_strikeouts                83  108   43.5%    -16.17u  ❌ Shelve
  mlb/prop                             231  173   57.2%     -8.22u  ❌ Shelve
  mlb/spread                            88   70   55.7%     -0.48u  — building sample
  mlb/total                             17   16   51.5%     +1.25u  👀 Watch (WR low)
  nba/moneyline                         28   25   52.8%     -5.21u  ❌ Shelve
  nba/prop                             137  151   47.6%     -1.91u  — building sample
  nba/spread                            48   51   48.5%     -6.29u  ❌ Shelve
  nba/total                              5    3   62.5%     +1.74u  — building sample
  nhl/moneyline                          0    6    0.0%     -5.00u  — building sample
  nhl/player_assists                    28   27   50.9%    -10.63u  ❌ Shelve
  nhl/player_goals                      11   20   35.5%     -1.40u  — building sample
  nhl/player_points                     29   30   49.2%     -5.39u  ❌ Shelve
  nhl/player_shots_on_goal              23   20   53.5%     +5.73u  👀 Watch (WR low)
  nhl/puck_line                          4    1   80.0%     +1.84u  — building sample
  nhl/total                              3    2   60.0%     +0.61u  — building sample
  soccer/moneyline                       4    8   33.3%     +1.10u  — building sample
  soccer_copa/moneyline                  0    7    0.0%     -3.50u  — building sample
  soccer_mls/moneyline                   2    9   18.2%     -2.02u  — building sample
  tennis/moneyline                      10   43   18.9%    -13.03u  ❌ Shelve
  wnba/moneyline                         3    2   60.0%     +5.05u  — building sample
  wnba/spread                            0    8    0.0%     -6.00u  ❌ Shelve
  wnba/total                             4    5   44.4%     -0.30u  — building sample

📉 LIVE MODELS (demotion check — rolling last 60 picks)
  Model                                  W    L     WR%    Profit  Status
  --------------------------------------------------------------
  mlb/moneyline                         27   33   45.0%     -3.27u  ⚠️  ROI -5.4% — CONSIDER DEMOTING
  mlb/total                             31   25   55.4%     +5.49u  ✅ Healthy (ROI +9.8%)
  nba/spread                           (< 10 settled — too early to judge)
  nba/total                             37   23   61.7%    +11.30u  ✅ Healthy (ROI +18.8%)
  nhl/moneyline                        (< 10 settled — too early to judge)
  nhl/puck_line                        (< 10 settled — too early to judge)
  nhl/total                            (< 10 settled — too early to judge)

📅 THIS WEEK (2026-05-31 → 2026-06-07)
   Card picks: 16W-22L  -5.45u  WR 42.1%

🏆 SEASON TO DATE
   132W-95L  +32.83u  WR 58.1%  ROI +14.5%
=================================================================

=================================================================
  WEEKLY ALGO AUDIT — June 07, 2026
=================================================================

📈 SHADOW MODELS (promotion check — need ≥30 picks, ≥55% WR, +ROI)
  Model                                  W    L     WR%    Profit  Verdict
  --------------------------------------------------------------
  mlb/f5_total                          95  103   48.0%    -28.52u  ❌ Shelve
  mlb/moneyline                        119  143   45.4%     -4.55u  — building sample
  mlb/nrfi                             107  114   48.4%    -16.48u  ❌ Shelve
  mlb/pitcher_strikeouts                83  108   43.5%    -16.17u  ❌ Shelve
  mlb/prop                             231  173   57.2%     -8.22u  ❌ Shelve
  mlb/spread                            88   70   55.7%     -0.48u  — building sample
  mlb/total                             17   16   51.5%     +1.25u  👀 Watch (WR low)
  nba/moneyline                         28   25   52.8%     -5.21u  ❌ Shelve
  nba/prop                             137  151   47.6%     -1.91u  — building sample
  nba/spread                            48   51   48.5%     -6.29u  ❌ Shelve
  nba/total                              5    3   62.5%     +1.74u  — building sample
  nhl/moneyline                          0    6    0.0%     -5.00u  — building sample
  nhl/player_assists                    28   27   50.9%    -10.63u  ❌ Shelve
  nhl/player_goals                      11   20   35.5%     -1.40u  — building sample
  nhl/player_points                     29   30   49.2%     -5.39u  ❌ Shelve
  nhl/player_shots_on_goal              23   20   53.5%     +5.73u  👀 Watch (WR low)
  nhl/puck_line                          4    1   80.0%     +1.84u  — building sample
  nhl/total                              3    2   60.0%     +0.61u  — building sample
  soccer/moneyline                       4    8   33.3%     +1.10u  — building sample
  soccer_copa/moneyline                  0    7    0.0%     -3.50u  — building sample
  soccer_mls/moneyline                   2    9   18.2%     -2.02u  — building sample
  tennis/moneyline                      10   43   18.9%    -13.03u  ❌ Shelve
  wnba/moneyline                         3    2   60.0%     +5.05u  — building sample
  wnba/spread                            0    8    0.0%     -6.00u  ❌ Shelve
  wnba/total                             4    5   44.4%     -0.30u  — building sample

📉 LIVE MODELS (demotion check — rolling last 60 picks)
  Model                                  W    L     WR%    Profit  Status
  --------------------------------------------------------------
  mlb/moneyline                         27   33   45.0%     -3.27u  ⚠️  ROI -5.4% — CONSIDER DEMOTING
  mlb/total                             31   25   55.4%     +5.49u  ✅ Healthy (ROI +9.8%)
  nba/spread                           (< 10 settled — too early to judge)
  nba/total                             37   23   61.7%    +11.30u  ✅ Healthy (ROI +18.8%)
  nhl/moneyline                        (< 10 settled — too early to judge)
  nhl/puck_line                        (< 10 settled — too early to judge)
  nhl/total                            (< 10 settled — too early to judge)

📅 THIS WEEK (2026-05-31 → 2026-06-07)
   Card picks: 16W-22L  -5.45u  WR 42.1%

🏆 SEASON TO DATE
   132W-95L  +32.83u  WR 58.1%  ROI +14.5%
=================================================================

  [calendar] No module named 'scripts'
  Weekly recap card → /Users/anthonymccrovitz/march-madness/output/result_cards/20260607/weekly_recap.png
  Algo stockboard → /Users/anthonymccrovitz/march-madness/output/stockboard/20260607/stockboard.png
  Per-algo drilldowns → 22 cards in /Users/anthonymccrovitz/march-madness/output/stockboard/20260607/detail
